10:15:19 **** Clean-only build of configuration Debug for project lowbeamtest3 ****
make -j12 clean 
rm -rf ./Drivers/STM32F1xx_HAL_Driver/Src/stm32f1xx_hal.cyclo ./Drivers/STM32F1xx_HAL_Driver/Src/stm32f1xx_hal.d ./Drivers/STM32F1xx_HAL_Driver/Src/stm32f1xx_hal.o ./Drivers/STM32F1xx_HAL_Driver/Src/stm32f1xx_hal.su ./Drivers/STM32F1xx_HAL_Driver/Src/stm32f1xx_hal_can.cyclo ./Drivers/STM32F1xx_HAL_Driver/Src/stm32f1xx_hal_can.d ./Drivers/STM32F1xx_HAL_Driver/Src/stm32f1xx_hal_can.o ./Drivers/STM32F1xx_HAL_Driver/Src/stm32f1xx_hal_can.su ./Drivers/STM32F1xx_HAL_Driver/Src/stm32f1xx_hal_cortex.cyclo ./Drivers/STM32F1xx_HAL_Driver/Src/stm32f1xx_hal_cortex.d ./Drivers/STM32F1xx_HAL_Driver/Src/stm32f1xx_hal_cortex.o ./Drivers/STM32F1xx_HAL_Driver/Src/stm32f1xx_hal_cortex.su ./Drivers/STM32F1xx_HAL_Driver/Src/stm32f1xx_hal_dma.cyclo ./Drivers/STM32F1xx_HAL_Driver/Src/stm32f1xx_hal_dma.d ./Drivers/STM32F1xx_HAL_Driver/Src/stm32f1xx_hal_dma.o ./Drivers/STM32F1xx_HAL_Driver/Src/stm32f1xx_hal_dma.su ./Drivers/STM32F1xx_HAL_Driver/Src/stm32f1xx_hal_exti.cyclo ./Drivers/STM32F1xx_HAL_Driver/Src/stm32f1xx_hal_exti.d ./Drivers/STM32F1xx_HAL_Driver/Src/stm32f1xx_hal_exti.o ./Drivers/STM32F1xx_HAL_Driver/Src/stm32f1xx_hal_exti.su ./Drivers/STM32F1xx_HAL_Driver/Src/stm32f1xx_hal_flash.cyclo ./Drivers/STM32F1xx_HAL_Driver/Src/stm32f1xx_hal_flash.d ./Drivers/STM32F1xx_HAL_Driver/Src/stm32f1xx_hal_flash.o ./Drivers/STM32F1xx_HAL_Driver/Src/stm32f1xx_hal_flash.su ./Drivers/STM32F1xx_HAL_Driver/Src/stm32f1xx_hal_flash_ex.cyclo ./Drivers/STM32F1xx_HAL_Driver/Src/stm32f1xx_hal_flash_ex.d ./Drivers/STM32F1xx_HAL_Driver/Src/stm32f1xx_hal_flash_ex.o ./Drivers/STM32F1xx_HAL_Driver/Src/stm32f1xx_hal_flash_ex.su ./Drivers/STM32F1xx_HAL_Driver/Src/stm32f1xx_hal_gpio.cyclo ./Drivers/STM32F1xx_HAL_Driver/Src/stm32f1xx_hal_gpio.d ./Drivers/STM32F1xx_HAL_Driver/Src/stm32f1xx_hal_gpio.o ./Drivers/STM32F1xx_HAL_Driver/Src/stm32f1xx_hal_gpio.su ./Drivers/STM32F1xx_HAL_Driver/Src/stm32f1xx_hal_gpio_ex.cyclo ./Drivers/STM32F1xx_HAL_Driver/Src/stm32f1xx_hal_gpio_ex.d ./Drivers/STM32F1xx_HAL_Driver/Src/stm32f1xx_hal_gpio_ex.o ./Drivers/STM32F1xx_HAL_Driver/Src/stm32f1xx_hal_gpio_ex.su ./Drivers/STM32F1xx_HAL_Driver/Src/stm32f1xx_hal_pwr.cyclo ./Drivers/STM32F1xx_HAL_Driver/Src/stm32f1xx_hal_pwr.d ./Drivers/STM32F1xx_HAL_Driver/Src/stm32f1xx_hal_pwr.o ./Drivers/STM32F1xx_HAL_Driver/Src/stm32f1xx_hal_pwr.su ./Drivers/STM32F1xx_HAL_Driver/Src/stm32f1xx_hal_rcc.cyclo ./Drivers/STM32F1xx_HAL_Driver/Src/stm32f1xx_hal_rcc.d ./Drivers/STM32F1xx_HAL_Driver/Src/stm32f1xx_hal_rcc.o ./Drivers/STM32F1xx_HAL_Driver/Src/stm32f1xx_hal_rcc.su ./Drivers/STM32F1xx_HAL_Driver/Src/stm32f1xx_hal_rcc_ex.cyclo ./Drivers/STM32F1xx_HAL_Driver/Src/stm32f1xx_hal_rcc_ex.d ./Drivers/STM32F1xx_HAL_Driver/Src/stm32f1xx_hal_rcc_ex.o ./Drivers/STM32F1xx_HAL_Driver/Src/stm32f1xx_hal_rcc_ex.su ./Drivers/STM32F1xx_HAL_Driver/Src/stm32f1xx_hal_tim.cyclo ./Drivers/STM32F1xx_HAL_Driver/Src/stm32f1xx_hal_tim.d ./Drivers/STM32F1xx_HAL_Driver/Src/stm32f1xx_hal_tim.o ./Drivers/STM32F1xx_HAL_Driver/Src/stm32f1xx_hal_tim.su ./Drivers/STM32F1xx_HAL_Driver/Src/stm32f1xx_hal_tim_ex.cyclo ./Drivers/STM32F1xx_HAL_Driver/Src/stm32f1xx_hal_tim_ex.d ./Drivers/STM32F1xx_HAL_Driver/Src/stm32f1xx_hal_tim_ex.o ./Drivers/STM32F1xx_HAL_Driver/Src/stm32f1xx_hal_tim_ex.su ./Drivers/STM32F1xx_HAL_Driver/Src/stm32f1xx_hal_uart.cyclo ./Drivers/STM32F1xx_HAL_Driver/Src/stm32f1xx_hal_uart.d ./Drivers/STM32F1xx_HAL_Driver/Src/stm32f1xx_hal_uart.o ./Drivers/STM32F1xx_HAL_Driver/Src/stm32f1xx_hal_uart.su
rm -rf ./Core/Startup/startup_stm32f103rbtx.d ./Core/Startup/startup_stm32f103rbtx.o
rm -rf ./Core/Src/can.cyclo ./Core/Src/can.d ./Core/Src/can.o ./Core/Src/can.su ./Core/Src/dma.cyclo ./Core/Src/dma.d ./Core/Src/dma.o ./Core/Src/dma.su ./Core/Src/gpio.cyclo ./Core/Src/gpio.d ./Core/Src/gpio.o ./Core/Src/gpio.su ./Core/Src/main.cyclo ./Core/Src/main.d ./Core/Src/main.o ./Core/Src/main.su ./Core/Src/stm32f1xx_hal_msp.cyclo ./Core/Src/stm32f1xx_hal_msp.d ./Core/Src/stm32f1xx_hal_msp.o ./Core/Src/stm32f1xx_hal_msp.su ./Core/Src/stm32f1xx_it.cyclo ./Core/Src/stm32f1xx_it.d ./Core/Src/stm32f1xx_it.o ./Core/Src/stm32f1xx_it.su ./Core/Src/syscalls.cyclo ./Core/Src/syscalls.d ./Core/Src/syscalls.o ./Core/Src/syscalls.su ./Core/Src/sysmem.cyclo ./Core/Src/sysmem.d ./Core/Src/sysmem.o ./Core/Src/sysmem.su ./Core/Src/system_stm32f1xx.cyclo ./Core/Src/system_stm32f1xx.d ./Core/Src/system_stm32f1xx.o ./Core/Src/system_stm32f1xx.su ./Core/Src/tim.cyclo ./Core/Src/tim.d ./Core/Src/tim.o ./Core/Src/tim.su ./Core/Src/usart.cyclo ./Core/Src/usart.d ./Core/Src/usart.o ./Core/Src/usart.su
rm -rf default.size.stdout lowbeamtest3.elf lowbeamtest3.list lowbeamtest3.map
 
10:15:20 **** Build of configuration Debug for project lowbeamtest3 ****
make -j12 all 
arm-none-eabi-gcc "../Drivers/STM32F1xx_HAL_Driver/Src/stm32f1xx_hal.c" -mcpu=cortex-m3 -std=gnu11 -g3 -DDEBUG -DUSE_HAL_DRIVER -DSTM32F103xB -c -I../Core/Inc -I../Drivers/STM32F1xx_HAL_Driver/Inc -I../Drivers/STM32F1xx_HAL_Driver/Inc/Legacy -I../Drivers/CMSIS/Device/ST/STM32F1xx/Include -I../Drivers/CMSIS/Include -O0 -ffunction-sections -fdata-sections -Wall -fstack-usage -fcyclomatic-complexity -MMD -MP -MF"Drivers/STM32F1xx_HAL_Driver/Src/stm32f1xx_hal.d" -MT"Drivers/STM32F1xx_HAL_Driver/Src/stm32f1xx_hal.o" --specs=nano.specs -mfloat-abi=soft -mthumb -o "Drivers/STM32F1xx_HAL_Driver/Src/stm32f1xx_hal.o"
arm-none-eabi-gcc "../Drivers/STM32F1xx_HAL_Driver/Src/stm32f1xx_hal_can.c" -mcpu=cortex-m3 -std=gnu11 -g3 -DDEBUG -DUSE_HAL_DRIVER -DSTM32F103xB -c -I../Core/Inc -I../Drivers/STM32F1xx_HAL_Driver/Inc -I../Drivers/STM32F1xx_HAL_Driver/Inc/Legacy -I../Drivers/CMSIS/Device/ST/STM32F1xx/Include -I../Drivers/CMSIS/Include -O0 -ffunction-sections -fdata-sections -Wall -fstack-usage -fcyclomatic-complexity -MMD -MP -MF"Drivers/STM32F1xx_HAL_Driver/Src/stm32f1xx_hal_can.d" -MT"Drivers/STM32F1xx_HAL_Driver/Src/stm32f1xx_hal_can.o" --specs=nano.specs -mfloat-abi=soft -mthumb -o "Drivers/STM32F1xx_HAL_Driver/Src/stm32f1xx_hal_can.o"
arm-none-eabi-gcc "../Drivers/STM32F1xx_HAL_Driver/Src/stm32f1xx_hal_cortex.c" -mcpu=cortex-m3 -std=gnu11 -g3 -DDEBUG -DUSE_HAL_DRIVER -DSTM32F103xB -c -I../Core/Inc -I../Drivers/STM32F1xx_HAL_Driver/Inc -I../Drivers/STM32F1xx_HAL_Driver/Inc/Legacy -I../Drivers/CMSIS/Device/ST/STM32F1xx/Include -I../Drivers/CMSIS/Include -O0 -ffunction-sections -fdata-sections -Wall -fstack-usage -fcyclomatic-complexity -MMD -MP -MF"Drivers/STM32F1xx_HAL_Driver/Src/stm32f1xx_hal_cortex.d" -MT"Drivers/STM32F1xx_HAL_Driver/Src/stm32f1xx_hal_cortex.o" --specs=nano.specs -mfloat-abi=soft -mthumb -o "Drivers/STM32F1xx_HAL_Driver/Src/stm32f1xx_hal_cortex.o"
arm-none-eabi-gcc "../Drivers/STM32F1xx_HAL_Driver/Src/stm32f1xx_hal_dma.c" -mcpu=cortex-m3 -std=gnu11 -g3 -DDEBUG -DUSE_HAL_DRIVER -DSTM32F103xB -c -I../Core/Inc -I../Drivers/STM32F1xx_HAL_Driver/Inc -I../Drivers/STM32F1xx_HAL_Driver/Inc/Legacy -I../Drivers/CMSIS/Device/ST/STM32F1xx/Include -I../Drivers/CMSIS/Include -O0 -ffunction-sections -fdata-sections -Wall -fstack-usage -fcyclomatic-complexity -MMD -MP -MF"Drivers/STM32F1xx_HAL_Driver/Src/stm32f1xx_hal_dma.d" -MT"Drivers/STM32F1xx_HAL_Driver/Src/stm32f1xx_hal_dma.o" --specs=nano.specs -mfloat-abi=soft -mthumb -o "Drivers/STM32F1xx_HAL_Driver/Src/stm32f1xx_hal_dma.o"
arm-none-eabi-gcc "../Drivers/STM32F1xx_HAL_Driver/Src/stm32f1xx_hal_exti.c" -mcpu=cortex-m3 -std=gnu11 -g3 -DDEBUG -DUSE_HAL_DRIVER -DSTM32F103xB -c -I../Core/Inc -I../Drivers/STM32F1xx_HAL_Driver/Inc -I../Drivers/STM32F1xx_HAL_Driver/Inc/Legacy -I../Drivers/CMSIS/Device/ST/STM32F1xx/Include -I../Drivers/CMSIS/Include -O0 -ffunction-sections -fdata-sections -Wall -fstack-usage -fcyclomatic-complexity -MMD -MP -MF"Drivers/STM32F1xx_HAL_Driver/Src/stm32f1xx_hal_exti.d" -MT"Drivers/STM32F1xx_HAL_Driver/Src/stm32f1xx_hal_exti.o" --specs=nano.specs -mfloat-abi=soft -mthumb -o "Drivers/STM32F1xx_HAL_Driver/Src/stm32f1xx_hal_exti.o"
arm-none-eabi-gcc "../Drivers/STM32F1xx_HAL_Driver/Src/stm32f1xx_hal_flash.c" -mcpu=cortex-m3 -std=gnu11 -g3 -DDEBUG -DUSE_HAL_DRIVER -DSTM32F103xB -c -I../Core/Inc -I../Drivers/STM32F1xx_HAL_Driver/Inc -I../Drivers/STM32F1xx_HAL_Driver/Inc/Legacy -I../Drivers/CMSIS/Device/ST/STM32F1xx/Include -I../Drivers/CMSIS/Include -O0 -ffunction-sections -fdata-sections -Wall -fstack-usage -fcyclomatic-complexity -MMD -MP -MF"Drivers/STM32F1xx_HAL_Driver/Src/stm32f1xx_hal_flash.d" -MT"Drivers/STM32F1xx_HAL_Driver/Src/stm32f1xx_hal_flash.o" --specs=nano.specs -mfloat-abi=soft -mthumb -o "Drivers/STM32F1xx_HAL_Driver/Src/stm32f1xx_hal_flash.o"
arm-none-eabi-gcc "../Drivers/STM32F1xx_HAL_Driver/Src/stm32f1xx_hal_flash_ex.c" -mcpu=cortex-m3 -std=gnu11 -g3 -DDEBUG -DUSE_HAL_DRIVER -DSTM32F103xB -c -I../Core/Inc -I../Drivers/STM32F1xx_HAL_Driver/Inc -I../Drivers/STM32F1xx_HAL_Driver/Inc/Legacy -I../Drivers/CMSIS/Device/ST/STM32F1xx/Include -I../Drivers/CMSIS/Include -O0 -ffunction-sections -fdata-sections -Wall -fstack-usage -fcyclomatic-complexity -MMD -MP -MF"Drivers/STM32F1xx_HAL_Driver/Src/stm32f1xx_hal_flash_ex.d" -MT"Drivers/STM32F1xx_HAL_Driver/Src/stm32f1xx_hal_flash_ex.o" --specs=nano.specs -mfloat-abi=soft -mthumb -o "Drivers/STM32F1xx_HAL_Driver/Src/stm32f1xx_hal_flash_ex.o"
arm-none-eabi-gcc "../Drivers/STM32F1xx_HAL_Driver/Src/stm32f1xx_hal_gpio.c" -mcpu=cortex-m3 -std=gnu11 -g3 -DDEBUG -DUSE_HAL_DRIVER -DSTM32F103xB -c -I../Core/Inc -I../Drivers/STM32F1xx_HAL_Driver/Inc -I../Drivers/STM32F1xx_HAL_Driver/Inc/Legacy -I../Drivers/CMSIS/Device/ST/STM32F1xx/Include -I../Drivers/CMSIS/Include -O0 -ffunction-sections -fdata-sections -Wall -fstack-usage -fcyclomatic-complexity -MMD -MP -MF"Drivers/STM32F1xx_HAL_Driver/Src/stm32f1xx_hal_gpio.d" -MT"Drivers/STM32F1xx_HAL_Driver/Src/stm32f1xx_hal_gpio.o" --specs=nano.specs -mfloat-abi=soft -mthumb -o "Drivers/STM32F1xx_HAL_Driver/Src/stm32f1xx_hal_gpio.o"
arm-none-eabi-gcc "../Drivers/STM32F1xx_HAL_Driver/Src/stm32f1xx_hal_gpio_ex.c" -mcpu=cortex-m3 -std=gnu11 -g3 -DDEBUG -DUSE_HAL_DRIVER -DSTM32F103xB -c -I../Core/Inc -I../Drivers/STM32F1xx_HAL_Driver/Inc -I../Drivers/STM32F1xx_HAL_Driver/Inc/Legacy -I../Drivers/CMSIS/Device/ST/STM32F1xx/Include -I../Drivers/CMSIS/Include -O0 -ffunction-sections -fdata-sections -Wall -fstack-usage -fcyclomatic-complexity -MMD -MP -MF"Drivers/STM32F1xx_HAL_Driver/Src/stm32f1xx_hal_gpio_ex.d" -MT"Drivers/STM32F1xx_HAL_Driver/Src/stm32f1xx_hal_gpio_ex.o" --specs=nano.specs -mfloat-abi=soft -mthumb -o "Drivers/STM32F1xx_HAL_Driver/Src/stm32f1xx_hal_gpio_ex.o"
arm-none-eabi-gcc "../Drivers/STM32F1xx_HAL_Driver/Src/stm32f1xx_hal_pwr.c" -mcpu=cortex-m3 -std=gnu11 -g3 -DDEBUG -DUSE_HAL_DRIVER -DSTM32F103xB -c -I../Core/Inc -I../Drivers/STM32F1xx_HAL_Driver/Inc -I../Drivers/STM32F1xx_HAL_Driver/Inc/Legacy -I../Drivers/CMSIS/Device/ST/STM32F1xx/Include -I../Drivers/CMSIS/Include -O0 -ffunction-sections -fdata-sections -Wall -fstack-usage -fcyclomatic-complexity -MMD -MP -MF"Drivers/STM32F1xx_HAL_Driver/Src/stm32f1xx_hal_pwr.d" -MT"Drivers/STM32F1xx_HAL_Driver/Src/stm32f1xx_hal_pwr.o" --specs=nano.specs -mfloat-abi=soft -mthumb -o "Drivers/STM32F1xx_HAL_Driver/Src/stm32f1xx_hal_pwr.o"
arm-none-eabi-gcc "../Drivers/STM32F1xx_HAL_Driver/Src/stm32f1xx_hal_rcc.c" -mcpu=cortex-m3 -std=gnu11 -g3 -DDEBUG -DUSE_HAL_DRIVER -DSTM32F103xB -c -I../Core/Inc -I../Drivers/STM32F1xx_HAL_Driver/Inc -I../Drivers/STM32F1xx_HAL_Driver/Inc/Legacy -I../Drivers/CMSIS/Device/ST/STM32F1xx/Include -I../Drivers/CMSIS/Include -O0 -ffunction-sections -fdata-sections -Wall -fstack-usage -fcyclomatic-complexity -MMD -MP -MF"Drivers/STM32F1xx_HAL_Driver/Src/stm32f1xx_hal_rcc.d" -MT"Drivers/STM32F1xx_HAL_Driver/Src/stm32f1xx_hal_rcc.o" --specs=nano.specs -mfloat-abi=soft -mthumb -o "Drivers/STM32F1xx_HAL_Driver/Src/stm32f1xx_hal_rcc.o"
arm-none-eabi-gcc "../Drivers/STM32F1xx_HAL_Driver/Src/stm32f1xx_hal_rcc_ex.c" -mcpu=cortex-m3 -std=gnu11 -g3 -DDEBUG -DUSE_HAL_DRIVER -DSTM32F103xB -c -I../Core/Inc -I../Drivers/STM32F1xx_HAL_Driver/Inc -I../Drivers/STM32F1xx_HAL_Driver/Inc/Legacy -I../Drivers/CMSIS/Device/ST/STM32F1xx/Include -I../Drivers/CMSIS/Include -O0 -ffunction-sections -fdata-sections -Wall -fstack-usage -fcyclomatic-complexity -MMD -MP -MF"Drivers/STM32F1xx_HAL_Driver/Src/stm32f1xx_hal_rcc_ex.d" -MT"Drivers/STM32F1xx_HAL_Driver/Src/stm32f1xx_hal_rcc_ex.o" --specs=nano.specs -mfloat-abi=soft -mthumb -o "Drivers/STM32F1xx_HAL_Driver/Src/stm32f1xx_hal_rcc_ex.o"
arm-none-eabi-gcc "../Drivers/STM32F1xx_HAL_Driver/Src/stm32f1xx_hal_tim.c" -mcpu=cortex-m3 -std=gnu11 -g3 -DDEBUG -DUSE_HAL_DRIVER -DSTM32F103xB -c -I../Core/Inc -I../Drivers/STM32F1xx_HAL_Driver/Inc -I../Drivers/STM32F1xx_HAL_Driver/Inc/Legacy -I../Drivers/CMSIS/Device/ST/STM32F1xx/Include -I../Drivers/CMSIS/Include -O0 -ffunction-sections -fdata-sections -Wall -fstack-usage -fcyclomatic-complexity -MMD -MP -MF"Drivers/STM32F1xx_HAL_Driver/Src/stm32f1xx_hal_tim.d" -MT"Drivers/STM32F1xx_HAL_Driver/Src/stm32f1xx_hal_tim.o" --specs=nano.specs -mfloat-abi=soft -mthumb -o "Drivers/STM32F1xx_HAL_Driver/Src/stm32f1xx_hal_tim.o"
arm-none-eabi-gcc "../Drivers/STM32F1xx_HAL_Driver/Src/stm32f1xx_hal_tim_ex.c" -mcpu=cortex-m3 -std=gnu11 -g3 -DDEBUG -DUSE_HAL_DRIVER -DSTM32F103xB -c -I../Core/Inc -I../Drivers/STM32F1xx_HAL_Driver/Inc -I../Drivers/STM32F1xx_HAL_Driver/Inc/Legacy -I../Drivers/CMSIS/Device/ST/STM32F1xx/Include -I../Drivers/CMSIS/Include -O0 -ffunction-sections -fdata-sections -Wall -fstack-usage -fcyclomatic-complexity -MMD -MP -MF"Drivers/STM32F1xx_HAL_Driver/Src/stm32f1xx_hal_tim_ex.d" -MT"Drivers/STM32F1xx_HAL_Driver/Src/stm32f1xx_hal_tim_ex.o" --specs=nano.specs -mfloat-abi=soft -mthumb -o "Drivers/STM32F1xx_HAL_Driver/Src/stm32f1xx_hal_tim_ex.o"
arm-none-eabi-gcc "../Drivers/STM32F1xx_HAL_Driver/Src/stm32f1xx_hal_uart.c" -mcpu=cortex-m3 -std=gnu11 -g3 -DDEBUG -DUSE_HAL_DRIVER -DSTM32F103xB -c -I../Core/Inc -I../Drivers/STM32F1xx_HAL_Driver/Inc -I../Drivers/STM32F1xx_HAL_Driver/Inc/Legacy -I../Drivers/CMSIS/Device/ST/STM32F1xx/Include -I../Drivers/CMSIS/Include -O0 -ffunction-sections -fdata-sections -Wall -fstack-usage -fcyclomatic-complexity -MMD -MP -MF"Drivers/STM32F1xx_HAL_Driver/Src/stm32f1xx_hal_uart.d" -MT"Drivers/STM32F1xx_HAL_Driver/Src/stm32f1xx_hal_uart.o" --specs=nano.specs -mfloat-abi=soft -mthumb -o "Drivers/STM32F1xx_HAL_Driver/Src/stm32f1xx_hal_uart.o"
arm-none-eabi-gcc -mcpu=cortex-m3 -g3 -DDEBUG -c -x assembler-with-cpp -MMD -MP -MF"Core/Startup/startup_stm32f103rbtx.d" -MT"Core/Startup/startup_stm32f103rbtx.o" --specs=nano.specs -mfloat-abi=soft -mthumb -o "Core/Startup/startup_stm32f103rbtx.o" "../Core/Startup/startup_stm32f103rbtx.s"
arm-none-eabi-gcc "../Core/Src/can.c" -mcpu=cortex-m3 -std=gnu11 -g3 -DDEBUG -DUSE_HAL_DRIVER -DSTM32F103xB -c -I../Core/Inc -I../Drivers/STM32F1xx_HAL_Driver/Inc -I../Drivers/STM32F1xx_HAL_Driver/Inc/Legacy -I../Drivers/CMSIS/Device/ST/STM32F1xx/Include -I../Drivers/CMSIS/Include -O0 -ffunction-sections -fdata-sections -Wall -fstack-usage -fcyclomatic-complexity -MMD -MP -MF"Core/Src/can.d" -MT"Core/Src/can.o" --specs=nano.specs -mfloat-abi=soft -mthumb -o "Core/Src/can.o"
arm-none-eabi-gcc "../Core/Src/dma.c" -mcpu=cortex-m3 -std=gnu11 -g3 -DDEBUG -DUSE_HAL_DRIVER -DSTM32F103xB -c -I../Core/Inc -I../Drivers/STM32F1xx_HAL_Driver/Inc -I../Drivers/STM32F1xx_HAL_Driver/Inc/Legacy -I../Drivers/CMSIS/Device/ST/STM32F1xx/Include -I../Drivers/CMSIS/Include -O0 -ffunction-sections -fdata-sections -Wall -fstack-usage -fcyclomatic-complexity -MMD -MP -MF"Core/Src/dma.d" -MT"Core/Src/dma.o" --specs=nano.specs -mfloat-abi=soft -mthumb -o "Core/Src/dma.o"
arm-none-eabi-gcc "../Core/Src/gpio.c" -mcpu=cortex-m3 -std=gnu11 -g3 -DDEBUG -DUSE_HAL_DRIVER -DSTM32F103xB -c -I../Core/Inc -I../Drivers/STM32F1xx_HAL_Driver/Inc -I../Drivers/STM32F1xx_HAL_Driver/Inc/Legacy -I../Drivers/CMSIS/Device/ST/STM32F1xx/Include -I../Drivers/CMSIS/Include -O0 -ffunction-sections -fdata-sections -Wall -fstack-usage -fcyclomatic-complexity -MMD -MP -MF"Core/Src/gpio.d" -MT"Core/Src/gpio.o" --specs=nano.specs -mfloat-abi=soft -mthumb -o "Core/Src/gpio.o"
arm-none-eabi-gcc "../Core/Src/main.c" -mcpu=cortex-m3 -std=gnu11 -g3 -DDEBUG -DUSE_HAL_DRIVER -DSTM32F103xB -c -I../Core/Inc -I../Drivers/STM32F1xx_HAL_Driver/Inc -I../Drivers/STM32F1xx_HAL_Driver/Inc/Legacy -I../Drivers/CMSIS/Device/ST/STM32F1xx/Include -I../Drivers/CMSIS/Include -O0 -ffunction-sections -fdata-sections -Wall -fstack-usage -fcyclomatic-complexity -MMD -MP -MF"Core/Src/main.d" -MT"Core/Src/main.o" --specs=nano.specs -mfloat-abi=soft -mthumb -o "Core/Src/main.o"
arm-none-eabi-gcc "../Core/Src/stm32f1xx_hal_msp.c" -mcpu=cortex-m3 -std=gnu11 -g3 -DDEBUG -DUSE_HAL_DRIVER -DSTM32F103xB -c -I../Core/Inc -I../Drivers/STM32F1xx_HAL_Driver/Inc -I../Drivers/STM32F1xx_HAL_Driver/Inc/Legacy -I../Drivers/CMSIS/Device/ST/STM32F1xx/Include -I../Drivers/CMSIS/Include -O0 -ffunction-sections -fdata-sections -Wall -fstack-usage -fcyclomatic-complexity -MMD -MP -MF"Core/Src/stm32f1xx_hal_msp.d" -MT"Core/Src/stm32f1xx_hal_msp.o" --specs=nano.specs -mfloat-abi=soft -mthumb -o "Core/Src/stm32f1xx_hal_msp.o"
arm-none-eabi-gcc "../Core/Src/stm32f1xx_it.c" -mcpu=cortex-m3 -std=gnu11 -g3 -DDEBUG -DUSE_HAL_DRIVER -DSTM32F103xB -c -I../Core/Inc -I../Drivers/STM32F1xx_HAL_Driver/Inc -I../Drivers/STM32F1xx_HAL_Driver/Inc/Legacy -I../Drivers/CMSIS/Device/ST/STM32F1xx/Include -I../Drivers/CMSIS/Include -O0 -ffunction-sections -fdata-sections -Wall -fstack-usage -fcyclomatic-complexity -MMD -MP -MF"Core/Src/stm32f1xx_it.d" -MT"Core/Src/stm32f1xx_it.o" --specs=nano.specs -mfloat-abi=soft -mthumb -o "Core/Src/stm32f1xx_it.o"
arm-none-eabi-gcc "../Core/Src/syscalls.c" -mcpu=cortex-m3 -std=gnu11 -g3 -DDEBUG -DUSE_HAL_DRIVER -DSTM32F103xB -c -I../Core/Inc -I../Drivers/STM32F1xx_HAL_Driver/Inc -I../Drivers/STM32F1xx_HAL_Driver/Inc/Legacy -I../Drivers/CMSIS/Device/ST/STM32F1xx/Include -I../Drivers/CMSIS/Include -O0 -ffunction-sections -fdata-sections -Wall -fstack-usage -fcyclomatic-complexity -MMD -MP -MF"Core/Src/syscalls.d" -MT"Core/Src/syscalls.o" --specs=nano.specs -mfloat-abi=soft -mthumb -o "Core/Src/syscalls.o"
arm-none-eabi-gcc "../Core/Src/sysmem.c" -mcpu=cortex-m3 -std=gnu11 -g3 -DDEBUG -DUSE_HAL_DRIVER -DSTM32F103xB -c -I../Core/Inc -I../Drivers/STM32F1xx_HAL_Driver/Inc -I../Drivers/STM32F1xx_HAL_Driver/Inc/Legacy -I../Drivers/CMSIS/Device/ST/STM32F1xx/Include -I../Drivers/CMSIS/Include -O0 -ffunction-sections -fdata-sections -Wall -fstack-usage -fcyclomatic-complexity -MMD -MP -MF"Core/Src/sysmem.d" -MT"Core/Src/sysmem.o" --specs=nano.specs -mfloat-abi=soft -mthumb -o "Core/Src/sysmem.o"
arm-none-eabi-gcc "../Core/Src/system_stm32f1xx.c" -mcpu=cortex-m3 -std=gnu11 -g3 -DDEBUG -DUSE_HAL_DRIVER -DSTM32F103xB -c -I../Core/Inc -I../Drivers/STM32F1xx_HAL_Driver/Inc -I../Drivers/STM32F1xx_HAL_Driver/Inc/Legacy -I../Drivers/CMSIS/Device/ST/STM32F1xx/Include -I../Drivers/CMSIS/Include -O0 -ffunction-sections -fdata-sections -Wall -fstack-usage -fcyclomatic-complexity -MMD -MP -MF"Core/Src/system_stm32f1xx.d" -MT"Core/Src/system_stm32f1xx.o" --specs=nano.specs -mfloat-abi=soft -mthumb -o "Core/Src/system_stm32f1xx.o"
../Core/Src/main.c: In function 'can_init':
../Core/Src/main.c:201:6: warning: type of 'filter_mask' defaults to 'int' [-Wimplicit-int]
  201 | void can_init(filter_mask,filter_id){
      |      ^~~~~~~~
../Core/Src/main.c:201:6: warning: type of 'filter_id' defaults to 'int' [-Wimplicit-int]
../Core/Src/main.c:203:9: warning: implicit declaration of function 'filter_init' [-Wimplicit-function-declaration]
  203 |         filter_init(filter_mask, filter_id);
      |         ^~~~~~~~~~~
../Core/Src/main.c: In function 'light_init':
../Core/Src/main.c:286:9: warning: implicit declaration of function 'ws2812_scroll_init' [-Wimplicit-function-declaration]
  286 |         ws2812_scroll_init();
      |         ^~~~~~~~~~~~~~~~~~
../Core/Src/main.c: At top level:
../Core/Src/main.c:299:6: warning: conflicting types for 'ws2812_scroll_init'; have 'void(void)'
  299 | void ws2812_scroll_init(void)// LED 시작시에 애니메이션 기능을 넣으면 좋지않을까? -> 보완해야함
      |      ^~~~~~~~~~~~~~~~~~
../Core/Src/main.c:286:9: note: previous implicit declaration of 'ws2812_scroll_init' with type 'void(void)'
  286 |         ws2812_scroll_init();
      |         ^~~~~~~~~~~~~~~~~~
../Core/Src/main.c: In function 'driving_mode_change':
../Core/Src/main.c:425:25: warning: implicit declaration of function 'rotate_rmotor' [-Wimplicit-function-declaration]
  425 |                         rotate_rmotor(1, 5, 100); // 반시계 방향 100스텝
      |                         ^~~~~~~~~~~~~
../Core/Src/main.c:426:25: warning: implicit declaration of function 'rotate_lmotor' [-Wimplicit-function-declaration]
  426 |                         rotate_lmotor(0, 5, 100); // 시계 방향 100스텝
      |                         ^~~~~~~~~~~~~
../Core/Src/main.c: At top level:
../Core/Src/main.c:680:6: warning: conflicting types for 'rotate_lmotor'; have 'void(uint8_t,  uint16_t,  uint16_t)' {aka 'void(unsigned char,  short unsigned int,  short unsigned int)'}
  680 | void rotate_lmotor(uint8_t dir, uint16_t delay_ms, uint16_t steps)
      |      ^~~~~~~~~~~~~
../Core/Src/main.c:426:25: note: previous implicit declaration of 'rotate_lmotor' with type 'void(uint8_t,  uint16_t,  uint16_t)' {aka 'void(unsigned char,  short unsigned int,  short unsigned int)'}
  426 |                         rotate_lmotor(0, 5, 100); // 시계 방향 100스텝
      |                         ^~~~~~~~~~~~~
../Core/Src/main.c:688:6: warning: conflicting types for 'rotate_rmotor'; have 'void(uint8_t,  uint16_t,  uint16_t)' {aka 'void(unsigned char,  short unsigned int,  short unsigned int)'}
  688 | void rotate_rmotor(uint8_t dir, uint16_t delay_ms, uint16_t steps)
      |      ^~~~~~~~~~~~~
../Core/Src/main.c:425:25: note: previous implicit declaration of 'rotate_rmotor' with type 'void(uint8_t,  uint16_t,  uint16_t)' {aka 'void(unsigned char,  short unsigned int,  short unsigned int)'}
  425 |                         rotate_rmotor(1, 5, 100); // 반시계 방향 100스텝
      |                         ^~~~~~~~~~~~~
../Core/Src/main.c: In function 'function':
../Core/Src/main.c:720:25: warning: passing argument 1 of 'change_state1' makes pointer from integer without a cast [-Wint-conversion]
  720 |           change_state1(data);
      |                         ^~~~
      |                         |
      |                         uint8_t {aka unsigned char}
../Core/Src/main.c:706:29: note: expected 'uint8_t *' {aka 'unsigned char *'} but argument is of type 'uint8_t' {aka 'unsigned char'}
  706 | void change_state1(uint8_t* data){
      |                    ~~~~~~~~~^~~~
../Core/Src/main.c: In function 'HAL_CAN_RxFifo0MsgPendingCallback':
../Core/Src/main.c:942:13: warning: implicit declaration of function 'snprintf' [-Wimplicit-function-declaration]
  942 |             snprintf(uartBuf, sizeof(uartBuf),
      |             ^~~~~~~~
../Core/Src/main.c:26:1: note: include '<stdio.h>' or provide a declaration of 'snprintf'
   25 | #include "gpio.h"
  +++ |+#include <stdio.h>
   26 | 
../Core/Src/main.c:942:13: warning: incompatible implicit declaration of built-in function 'snprintf' [-Wbuiltin-declaration-mismatch]
  942 |             snprintf(uartBuf, sizeof(uartBuf),
      |             ^~~~~~~~
../Core/Src/main.c:942:13: note: include '<stdio.h>' or provide a declaration of 'snprintf'
../Core/Src/main.c:943:36: warning: format '%X' expects argument of type 'unsigned int', but argument 4 has type 'uint32_t' {aka 'long unsigned int'} [-Wformat=]
  943 |                      "CAN ID: 0x%03X | DATA: %02X %02X %02X %02X %02X %02X %02X %02X\r\n",
      |                                 ~~~^
      |                                    |
      |                                    unsigned int
      |                                 %03lX
  944 |                                  canRxHeader.StdId,
      |                                  ~~~~~~~~~~~~~~~~~
      |                                             |
      |                                             uint32_t {aka long unsigned int}
../Core/Src/main.c:949:59: warning: implicit declaration of function 'strlen' [-Wimplicit-function-declaration]
  949 |             HAL_UART_Transmit(&huart2, (uint8_t*)uartBuf, strlen(uartBuf), HAL_MAX_DELAY);
      |                                                           ^~~~~~
../Core/Src/main.c:26:1: note: include '<string.h>' or provide a declaration of 'strlen'
   25 | #include "gpio.h"
  +++ |+#include <string.h>
   26 | 
../Core/Src/main.c:949:59: warning: incompatible implicit declaration of built-in function 'strlen' [-Wbuiltin-declaration-mismatch]
  949 |             HAL_UART_Transmit(&huart2, (uint8_t*)uartBuf, strlen(uartBuf), HAL_MAX_DELAY);
      |                                                           ^~~~~~
../Core/Src/main.c:949:59: note: include '<string.h>' or provide a declaration of 'strlen'
arm-none-eabi-gcc "../Core/Src/tim.c" -mcpu=cortex-m3 -std=gnu11 -g3 -DDEBUG -DUSE_HAL_DRIVER -DSTM32F103xB -c -I../Core/Inc -I../Drivers/STM32F1xx_HAL_Driver/Inc -I../Drivers/STM32F1xx_HAL_Driver/Inc/Legacy -I../Drivers/CMSIS/Device/ST/STM32F1xx/Include -I../Drivers/CMSIS/Include -O0 -ffunction-sections -fdata-sections -Wall -fstack-usage -fcyclomatic-complexity -MMD -MP -MF"Core/Src/tim.d" -MT"Core/Src/tim.o" --specs=nano.specs -mfloat-abi=soft -mthumb -o "Core/Src/tim.o"
arm-none-eabi-gcc "../Core/Src/usart.c" -mcpu=cortex-m3 -std=gnu11 -g3 -DDEBUG -DUSE_HAL_DRIVER -DSTM32F103xB -c -I../Core/Inc -I../Drivers/STM32F1xx_HAL_Driver/Inc -I../Drivers/STM32F1xx_HAL_Driver/Inc/Legacy -I../Drivers/CMSIS/Device/ST/STM32F1xx/Include -I../Drivers/CMSIS/Include -O0 -ffunction-sections -fdata-sections -Wall -fstack-usage -fcyclomatic-complexity -MMD -MP -MF"Core/Src/usart.d" -MT"Core/Src/usart.o" --specs=nano.specs -mfloat-abi=soft -mthumb -o "Core/Src/usart.o"
arm-none-eabi-gcc -o "lowbeamtest3.elf" @"objects.list"   -mcpu=cortex-m3 -T"C:\Users\USER\Desktop\DrivingConvenience\actuator\STM32F103RBTX_FLASH.ld" --specs=nosys.specs -Wl,-Map="lowbeamtest3.map" -Wl,--gc-sections -static --specs=nano.specs -mfloat-abi=soft -mthumb -Wl,--start-group -lc -lm -Wl,--end-group
Finished building target: lowbeamtest3.elf
 
arm-none-eabi-size  lowbeamtest3.elf 
arm-none-eabi-objdump -h -S lowbeamtest3.elf  > "lowbeamtest3.list"
   text	   data	    bss	    dec	    hex	filename
  23468	    108	   4236	  27812	   6ca4	lowbeamtest3.elf
Finished building: default.size.stdout
 
Finished building: lowbeamtest3.list
 
10:15:57 **** Incremental Build of configuration Debug for project lowbeamtest3 ****
make -j12 all 
arm-none-eabi-size  lowbeamtest3.elf 
   text	   data	    bss	    dec	    hex	filename
  23468	    108	   4236	  27812	   6ca4	lowbeamtest3.elf
Finished building: default.size.stdout
 
11:03:38 **** Incremental Build of configuration Debug for project lowbeamtest3 ****
make -j12 all 
arm-none-eabi-size  lowbeamtest3.elf 
   text	   data	    bss	    dec	    hex	filename
  23468	    108	   4236	  27812	   6ca4	lowbeamtest3.elf
Finished building: default.size.stdout
 
11:05:02 **** Incremental Build of configuration Debug for project lowbeamtest3 ****
make -j12 all 
arm-none-eabi-size  lowbeamtest3.elf 
   text	   data	    bss	    dec	    hex	filename
  23468	    108	   4236	  27812	   6ca4	lowbeamtest3.elf
Finished building: default.size.stdout
 
11:06:05 **** Incremental Build of configuration Debug for project lowbeamtest3 ****
make -j12 all 
arm-none-eabi-gcc "../Core/Src/main.c" -mcpu=cortex-m3 -std=gnu11 -g3 -DDEBUG -DUSE_HAL_DRIVER -DSTM32F103xB -c -I../Core/Inc -I../Drivers/STM32F1xx_HAL_Driver/Inc -I../Drivers/STM32F1xx_HAL_Driver/Inc/Legacy -I../Drivers/CMSIS/Device/ST/STM32F1xx/Include -I../Drivers/CMSIS/Include -O0 -ffunction-sections -fdata-sections -Wall -fstack-usage -fcyclomatic-complexity -MMD -MP -MF"Core/Src/main.d" -MT"Core/Src/main.o" --specs=nano.specs -mfloat-abi=soft -mthumb -o "Core/Src/main.o"
../Core/Src/main.c: In function 'can_init':
../Core/Src/main.c:201:6: warning: type of 'filter_mask' defaults to 'int' [-Wimplicit-int]
  201 | void can_init(filter_mask,filter_id){
      |      ^~~~~~~~
../Core/Src/main.c:201:6: warning: type of 'filter_id' defaults to 'int' [-Wimplicit-int]
../Core/Src/main.c:203:9: warning: implicit declaration of function 'filter_init' [-Wimplicit-function-declaration]
  203 |         filter_init(filter_mask, filter_id);
      |         ^~~~~~~~~~~
../Core/Src/main.c: In function 'light_init':
../Core/Src/main.c:286:9: warning: implicit declaration of function 'ws2812_scroll_init' [-Wimplicit-function-declaration]
  286 |         ws2812_scroll_init();
      |         ^~~~~~~~~~~~~~~~~~
../Core/Src/main.c: At top level:
../Core/Src/main.c:299:6: warning: conflicting types for 'ws2812_scroll_init'; have 'void(void)'
  299 | void ws2812_scroll_init(void)// LED 시작시에 애니메이션 기능을 넣으면 좋지않을까? -> 보완해야함
      |      ^~~~~~~~~~~~~~~~~~
../Core/Src/main.c:286:9: note: previous implicit declaration of 'ws2812_scroll_init' with type 'void(void)'
  286 |         ws2812_scroll_init();
      |         ^~~~~~~~~~~~~~~~~~
../Core/Src/main.c: In function 'driving_mode_change':
../Core/Src/main.c:425:25: warning: implicit declaration of function 'rotate_rmotor' [-Wimplicit-function-declaration]
  425 |                         rotate_rmotor(1, 5, 100); // 반시계 방향 100스텝
      |                         ^~~~~~~~~~~~~
../Core/Src/main.c:426:25: warning: implicit declaration of function 'rotate_lmotor' [-Wimplicit-function-declaration]
  426 |                         rotate_lmotor(0, 5, 100); // 시계 방향 100스텝
      |                         ^~~~~~~~~~~~~
../Core/Src/main.c: At top level:
../Core/Src/main.c:680:6: warning: conflicting types for 'rotate_lmotor'; have 'void(uint8_t,  uint16_t,  uint16_t)' {aka 'void(unsigned char,  short unsigned int,  short unsigned int)'}
  680 | void rotate_lmotor(uint8_t dir, uint16_t delay_ms, uint16_t steps)
      |      ^~~~~~~~~~~~~
../Core/Src/main.c:426:25: note: previous implicit declaration of 'rotate_lmotor' with type 'void(uint8_t,  uint16_t,  uint16_t)' {aka 'void(unsigned char,  short unsigned int,  short unsigned int)'}
  426 |                         rotate_lmotor(0, 5, 100); // 시계 방향 100스텝
      |                         ^~~~~~~~~~~~~
../Core/Src/main.c:688:6: warning: conflicting types for 'rotate_rmotor'; have 'void(uint8_t,  uint16_t,  uint16_t)' {aka 'void(unsigned char,  short unsigned int,  short unsigned int)'}
  688 | void rotate_rmotor(uint8_t dir, uint16_t delay_ms, uint16_t steps)
      |      ^~~~~~~~~~~~~
../Core/Src/main.c:425:25: note: previous implicit declaration of 'rotate_rmotor' with type 'void(uint8_t,  uint16_t,  uint16_t)' {aka 'void(unsigned char,  short unsigned int,  short unsigned int)'}
  425 |                         rotate_rmotor(1, 5, 100); // 반시계 방향 100스텝
      |                         ^~~~~~~~~~~~~
../Core/Src/main.c: In function 'function':
../Core/Src/main.c:720:25: warning: passing argument 1 of 'change_state1' makes pointer from integer without a cast [-Wint-conversion]
  720 |           change_state1(data);
      |                         ^~~~
      |                         |
      |                         uint8_t {aka unsigned char}
../Core/Src/main.c:706:29: note: expected 'uint8_t *' {aka 'unsigned char *'} but argument is of type 'uint8_t' {aka 'unsigned char'}
  706 | void change_state1(uint8_t* data){
      |                    ~~~~~~~~~^~~~
../Core/Src/main.c: In function 'HAL_CAN_RxFifo0MsgPendingCallback':
../Core/Src/main.c:942:13: warning: implicit declaration of function 'snprintf' [-Wimplicit-function-declaration]
  942 |             snprintf(uartBuf, sizeof(uartBuf),
      |             ^~~~~~~~
../Core/Src/main.c:26:1: note: include '<stdio.h>' or provide a declaration of 'snprintf'
   25 | #include "gpio.h"
  +++ |+#include <stdio.h>
   26 | 
../Core/Src/main.c:942:13: warning: incompatible implicit declaration of built-in function 'snprintf' [-Wbuiltin-declaration-mismatch]
  942 |             snprintf(uartBuf, sizeof(uartBuf),
      |             ^~~~~~~~
../Core/Src/main.c:942:13: note: include '<stdio.h>' or provide a declaration of 'snprintf'
../Core/Src/main.c:943:36: warning: format '%X' expects argument of type 'unsigned int', but argument 4 has type 'uint32_t' {aka 'long unsigned int'} [-Wformat=]
  943 |                      "CAN ID: 0x%03X | DATA: %02X %02X %02X %02X %02X %02X %02X %02X\r\n",
      |                                 ~~~^
      |                                    |
      |                                    unsigned int
      |                                 %03lX
  944 |                                  canRxHeader.StdId,
      |                                  ~~~~~~~~~~~~~~~~~
      |                                             |
      |                                             uint32_t {aka long unsigned int}
../Core/Src/main.c:949:59: warning: implicit declaration of function 'strlen' [-Wimplicit-function-declaration]
  949 |             HAL_UART_Transmit(&huart2, (uint8_t*)uartBuf, strlen(uartBuf), HAL_MAX_DELAY);
      |                                                           ^~~~~~
../Core/Src/main.c:26:1: note: include '<string.h>' or provide a declaration of 'strlen'
   25 | #include "gpio.h"
  +++ |+#include <string.h>
   26 | 
../Core/Src/main.c:949:59: warning: incompatible implicit declaration of built-in function 'strlen' [-Wbuiltin-declaration-mismatch]
  949 |             HAL_UART_Transmit(&huart2, (uint8_t*)uartBuf, strlen(uartBuf), HAL_MAX_DELAY);
      |                                                           ^~~~~~
../Core/Src/main.c:949:59: note: include '<string.h>' or provide a declaration of 'strlen'
arm-none-eabi-gcc -o "lowbeamtest3.elf" @"objects.list"   -mcpu=cortex-m3 -T"C:\Users\USER\Desktop\DrivingConvenience\actuator\STM32F103RBTX_FLASH.ld" --specs=nosys.specs -Wl,-Map="lowbeamtest3.map" -Wl,--gc-sections -static --specs=nano.specs -mfloat-abi=soft -mthumb -Wl,--start-group -lc -lm -Wl,--end-group
Finished building target: lowbeamtest3.elf
 
arm-none-eabi-size  lowbeamtest3.elf 
arm-none-eabi-objdump -h -S lowbeamtest3.elf  > "lowbeamtest3.list"
   text	   data	    bss	    dec	    hex	filename
  23508	    108	   4236	  27852	   6ccc	lowbeamtest3.elf
Finished building: default.size.stdout
 
Finished building: lowbeamtest3.list
 
11:17:31 **** Incremental Build of configuration Debug for project lowbeamtest3 ****
make -j12 all 
arm-none-eabi-gcc "../Core/Src/main.c" -mcpu=cortex-m3 -std=gnu11 -g3 -DDEBUG -DUSE_HAL_DRIVER -DSTM32F103xB -c -I../Core/Inc -I../Drivers/STM32F1xx_HAL_Driver/Inc -I../Drivers/STM32F1xx_HAL_Driver/Inc/Legacy -I../Drivers/CMSIS/Device/ST/STM32F1xx/Include -I../Drivers/CMSIS/Include -O0 -ffunction-sections -fdata-sections -Wall -fstack-usage -fcyclomatic-complexity -MMD -MP -MF"Core/Src/main.d" -MT"Core/Src/main.o" --specs=nano.specs -mfloat-abi=soft -mthumb -o "Core/Src/main.o"
../Core/Src/main.c: In function 'can_init':
../Core/Src/main.c:201:6: warning: type of 'filter_mask' defaults to 'int' [-Wimplicit-int]
  201 | void can_init(filter_mask,filter_id){
      |      ^~~~~~~~
../Core/Src/main.c:201:6: warning: type of 'filter_id' defaults to 'int' [-Wimplicit-int]
../Core/Src/main.c:203:9: warning: implicit declaration of function 'filter_init' [-Wimplicit-function-declaration]
  203 |         filter_init(filter_mask, filter_id);
      |         ^~~~~~~~~~~
../Core/Src/main.c: In function 'light_init':
../Core/Src/main.c:286:9: warning: implicit declaration of function 'ws2812_scroll_init' [-Wimplicit-function-declaration]
  286 |         ws2812_scroll_init();
      |         ^~~~~~~~~~~~~~~~~~
../Core/Src/main.c: At top level:
../Core/Src/main.c:299:6: warning: conflicting types for 'ws2812_scroll_init'; have 'void(void)'
  299 | void ws2812_scroll_init(void)// LED 시작시에 애니메이션 기능을 넣으면 좋지않을까? -> 보완해야함
      |      ^~~~~~~~~~~~~~~~~~
../Core/Src/main.c:286:9: note: previous implicit declaration of 'ws2812_scroll_init' with type 'void(void)'
  286 |         ws2812_scroll_init();
      |         ^~~~~~~~~~~~~~~~~~
../Core/Src/main.c: In function 'driving_mode_change':
../Core/Src/main.c:425:25: warning: implicit declaration of function 'rotate_rmotor' [-Wimplicit-function-declaration]
  425 |                         rotate_rmotor(1, 5, 100); // 반시계 방향 100스텝
      |                         ^~~~~~~~~~~~~
../Core/Src/main.c:426:25: warning: implicit declaration of function 'rotate_lmotor' [-Wimplicit-function-declaration]
  426 |                         rotate_lmotor(0, 5, 100); // 시계 방향 100스텝
      |                         ^~~~~~~~~~~~~
../Core/Src/main.c: At top level:
../Core/Src/main.c:680:6: warning: conflicting types for 'rotate_lmotor'; have 'void(uint8_t,  uint16_t,  uint16_t)' {aka 'void(unsigned char,  short unsigned int,  short unsigned int)'}
  680 | void rotate_lmotor(uint8_t dir, uint16_t delay_ms, uint16_t steps)
      |      ^~~~~~~~~~~~~
../Core/Src/main.c:426:25: note: previous implicit declaration of 'rotate_lmotor' with type 'void(uint8_t,  uint16_t,  uint16_t)' {aka 'void(unsigned char,  short unsigned int,  short unsigned int)'}
  426 |                         rotate_lmotor(0, 5, 100); // 시계 방향 100스텝
      |                         ^~~~~~~~~~~~~
../Core/Src/main.c:688:6: warning: conflicting types for 'rotate_rmotor'; have 'void(uint8_t,  uint16_t,  uint16_t)' {aka 'void(unsigned char,  short unsigned int,  short unsigned int)'}
  688 | void rotate_rmotor(uint8_t dir, uint16_t delay_ms, uint16_t steps)
      |      ^~~~~~~~~~~~~
../Core/Src/main.c:425:25: note: previous implicit declaration of 'rotate_rmotor' with type 'void(uint8_t,  uint16_t,  uint16_t)' {aka 'void(unsigned char,  short unsigned int,  short unsigned int)'}
  425 |                         rotate_rmotor(1, 5, 100); // 반시계 방향 100스텝
      |                         ^~~~~~~~~~~~~
../Core/Src/main.c: In function 'function':
../Core/Src/main.c:720:25: warning: passing argument 1 of 'change_state1' makes pointer from integer without a cast [-Wint-conversion]
  720 |           change_state1(data);
      |                         ^~~~
      |                         |
      |                         uint8_t {aka unsigned char}
../Core/Src/main.c:706:29: note: expected 'uint8_t *' {aka 'unsigned char *'} but argument is of type 'uint8_t' {aka 'unsigned char'}
  706 | void change_state1(uint8_t* data){
      |                    ~~~~~~~~~^~~~
../Core/Src/main.c: In function 'HAL_CAN_RxFifo0MsgPendingCallback':
../Core/Src/main.c:942:13: warning: implicit declaration of function 'snprintf' [-Wimplicit-function-declaration]
  942 |             snprintf(uartBuf, sizeof(uartBuf),
      |             ^~~~~~~~
../Core/Src/main.c:26:1: note: include '<stdio.h>' or provide a declaration of 'snprintf'
   25 | #include "gpio.h"
  +++ |+#include <stdio.h>
   26 | 
../Core/Src/main.c:942:13: warning: incompatible implicit declaration of built-in function 'snprintf' [-Wbuiltin-declaration-mismatch]
  942 |             snprintf(uartBuf, sizeof(uartBuf),
      |             ^~~~~~~~
../Core/Src/main.c:942:13: note: include '<stdio.h>' or provide a declaration of 'snprintf'
../Core/Src/main.c:943:36: warning: format '%X' expects argument of type 'unsigned int', but argument 4 has type 'uint32_t' {aka 'long unsigned int'} [-Wformat=]
  943 |                      "CAN ID: 0x%03X | DATA: %02X %02X %02X %02X %02X %02X %02X %02X\r\n",
      |                                 ~~~^
      |                                    |
      |                                    unsigned int
      |                                 %03lX
  944 |                                  canRxHeader.StdId,
      |                                  ~~~~~~~~~~~~~~~~~
      |                                             |
      |                                             uint32_t {aka long unsigned int}
../Core/Src/main.c:949:59: warning: implicit declaration of function 'strlen' [-Wimplicit-function-declaration]
  949 |             HAL_UART_Transmit(&huart2, (uint8_t*)uartBuf, strlen(uartBuf), HAL_MAX_DELAY);
      |                                                           ^~~~~~
../Core/Src/main.c:26:1: note: include '<string.h>' or provide a declaration of 'strlen'
   25 | #include "gpio.h"
  +++ |+#include <string.h>
   26 | 
../Core/Src/main.c:949:59: warning: incompatible implicit declaration of built-in function 'strlen' [-Wbuiltin-declaration-mismatch]
  949 |             HAL_UART_Transmit(&huart2, (uint8_t*)uartBuf, strlen(uartBuf), HAL_MAX_DELAY);
      |                                                           ^~~~~~
../Core/Src/main.c:949:59: note: include '<string.h>' or provide a declaration of 'strlen'
arm-none-eabi-gcc -o "lowbeamtest3.elf" @"objects.list"   -mcpu=cortex-m3 -T"C:\Users\USER\Desktop\DrivingConvenience\actuator\STM32F103RBTX_FLASH.ld" --specs=nosys.specs -Wl,-Map="lowbeamtest3.map" -Wl,--gc-sections -static --specs=nano.specs -mfloat-abi=soft -mthumb -Wl,--start-group -lc -lm -Wl,--end-group
Finished building target: lowbeamtest3.elf
 
arm-none-eabi-size  lowbeamtest3.elf 
arm-none-eabi-objdump -h -S lowbeamtest3.elf  > "lowbeamtest3.list"
   text	   data	    bss	    dec	    hex	filename
  23560	    108	   4236	  27904	   6d00	lowbeamtest3.elf
Finished building: default.size.stdout
 
Finished building: lowbeamtest3.list
 
11:18:20 **** Incremental Build of configuration Debug for project lowbeamtest3 ****
make -j12 all 
arm-none-eabi-size  lowbeamtest3.elf 
   text	   data	    bss	    dec	    hex	filename
  23560	    108	   4236	  27904	   6d00	lowbeamtest3.elf
Finished building: default.size.stdout
 
11:53:56 **** Incremental Build of configuration Debug for project lowbeamtest3 ****
make -j12 all 
arm-none-eabi-gcc "../Core/Src/main.c" -mcpu=cortex-m3 -std=gnu11 -g3 -DDEBUG -DUSE_HAL_DRIVER -DSTM32F103xB -c -I../Core/Inc -I../Drivers/STM32F1xx_HAL_Driver/Inc -I../Drivers/STM32F1xx_HAL_Driver/Inc/Legacy -I../Drivers/CMSIS/Device/ST/STM32F1xx/Include -I../Drivers/CMSIS/Include -O0 -ffunction-sections -fdata-sections -Wall -fstack-usage -fcyclomatic-complexity -MMD -MP -MF"Core/Src/main.d" -MT"Core/Src/main.o" --specs=nano.specs -mfloat-abi=soft -mthumb -o "Core/Src/main.o"
../Core/Src/main.c: In function 'can_init':
../Core/Src/main.c:201:6: warning: type of 'filter_mask' defaults to 'int' [-Wimplicit-int]
  201 | void can_init(filter_mask,filter_id){
      |      ^~~~~~~~
../Core/Src/main.c:201:6: warning: type of 'filter_id' defaults to 'int' [-Wimplicit-int]
../Core/Src/main.c:203:9: warning: implicit declaration of function 'filter_init' [-Wimplicit-function-declaration]
  203 |         filter_init(filter_mask, filter_id);
      |         ^~~~~~~~~~~
../Core/Src/main.c: In function 'light_init':
../Core/Src/main.c:286:9: warning: implicit declaration of function 'ws2812_scroll_init' [-Wimplicit-function-declaration]
  286 |         ws2812_scroll_init();
      |         ^~~~~~~~~~~~~~~~~~
../Core/Src/main.c: At top level:
../Core/Src/main.c:299:6: warning: conflicting types for 'ws2812_scroll_init'; have 'void(void)'
  299 | void ws2812_scroll_init(void)// LED 시작시에 애니메이션 기능을 넣으면 좋지않을까? -> 보완해야함
      |      ^~~~~~~~~~~~~~~~~~
../Core/Src/main.c:286:9: note: previous implicit declaration of 'ws2812_scroll_init' with type 'void(void)'
  286 |         ws2812_scroll_init();
      |         ^~~~~~~~~~~~~~~~~~
../Core/Src/main.c: In function 'driving_mode_change':
../Core/Src/main.c:425:25: warning: implicit declaration of function 'rotate_rmotor' [-Wimplicit-function-declaration]
  425 |                         rotate_rmotor(1, 5, 100); // 반시계 방향 100스텝
      |                         ^~~~~~~~~~~~~
../Core/Src/main.c:426:25: warning: implicit declaration of function 'rotate_lmotor' [-Wimplicit-function-declaration]
  426 |                         rotate_lmotor(0, 5, 100); // 시계 방향 100스텝
      |                         ^~~~~~~~~~~~~
../Core/Src/main.c: At top level:
../Core/Src/main.c:680:6: warning: conflicting types for 'rotate_lmotor'; have 'void(uint8_t,  uint16_t,  uint16_t)' {aka 'void(unsigned char,  short unsigned int,  short unsigned int)'}
  680 | void rotate_lmotor(uint8_t dir, uint16_t delay_ms, uint16_t steps)
      |      ^~~~~~~~~~~~~
../Core/Src/main.c:426:25: note: previous implicit declaration of 'rotate_lmotor' with type 'void(uint8_t,  uint16_t,  uint16_t)' {aka 'void(unsigned char,  short unsigned int,  short unsigned int)'}
  426 |                         rotate_lmotor(0, 5, 100); // 시계 방향 100스텝
      |                         ^~~~~~~~~~~~~
../Core/Src/main.c:688:6: warning: conflicting types for 'rotate_rmotor'; have 'void(uint8_t,  uint16_t,  uint16_t)' {aka 'void(unsigned char,  short unsigned int,  short unsigned int)'}
  688 | void rotate_rmotor(uint8_t dir, uint16_t delay_ms, uint16_t steps)
      |      ^~~~~~~~~~~~~
../Core/Src/main.c:425:25: note: previous implicit declaration of 'rotate_rmotor' with type 'void(uint8_t,  uint16_t,  uint16_t)' {aka 'void(unsigned char,  short unsigned int,  short unsigned int)'}
  425 |                         rotate_rmotor(1, 5, 100); // 반시계 방향 100스텝
      |                         ^~~~~~~~~~~~~
../Core/Src/main.c: In function 'function':
../Core/Src/main.c:720:25: warning: passing argument 1 of 'change_state1' makes pointer from integer without a cast [-Wint-conversion]
  720 |           change_state1(data);
      |                         ^~~~
      |                         |
      |                         uint8_t {aka unsigned char}
../Core/Src/main.c:706:29: note: expected 'uint8_t *' {aka 'unsigned char *'} but argument is of type 'uint8_t' {aka 'unsigned char'}
  706 | void change_state1(uint8_t* data){
      |                    ~~~~~~~~~^~~~
../Core/Src/main.c: In function 'HAL_CAN_RxFifo0MsgPendingCallback':
../Core/Src/main.c:944:13: warning: implicit declaration of function 'snprintf' [-Wimplicit-function-declaration]
  944 |             snprintf(uartBuf, sizeof(uartBuf),
      |             ^~~~~~~~
../Core/Src/main.c:26:1: note: include '<stdio.h>' or provide a declaration of 'snprintf'
   25 | #include "gpio.h"
  +++ |+#include <stdio.h>
   26 | 
../Core/Src/main.c:944:13: warning: incompatible implicit declaration of built-in function 'snprintf' [-Wbuiltin-declaration-mismatch]
  944 |             snprintf(uartBuf, sizeof(uartBuf),
      |             ^~~~~~~~
../Core/Src/main.c:944:13: note: include '<stdio.h>' or provide a declaration of 'snprintf'
../Core/Src/main.c:945:36: warning: format '%X' expects argument of type 'unsigned int', but argument 4 has type 'uint32_t' {aka 'long unsigned int'} [-Wformat=]
  945 |                      "CAN ID: 0x%03X | DATA: %02X %02X %02X %02X %02X %02X %02X %02X\r\n",
      |                                 ~~~^
      |                                    |
      |                                    unsigned int
      |                                 %03lX
  946 |                                  canRxHeader.StdId,
      |                                  ~~~~~~~~~~~~~~~~~
      |                                             |
      |                                             uint32_t {aka long unsigned int}
../Core/Src/main.c:951:59: warning: implicit declaration of function 'strlen' [-Wimplicit-function-declaration]
  951 |             HAL_UART_Transmit(&huart2, (uint8_t*)uartBuf, strlen(uartBuf), HAL_MAX_DELAY);
      |                                                           ^~~~~~
../Core/Src/main.c:26:1: note: include '<string.h>' or provide a declaration of 'strlen'
   25 | #include "gpio.h"
  +++ |+#include <string.h>
   26 | 
../Core/Src/main.c:951:59: warning: incompatible implicit declaration of built-in function 'strlen' [-Wbuiltin-declaration-mismatch]
  951 |             HAL_UART_Transmit(&huart2, (uint8_t*)uartBuf, strlen(uartBuf), HAL_MAX_DELAY);
      |                                                           ^~~~~~
../Core/Src/main.c:951:59: note: include '<string.h>' or provide a declaration of 'strlen'
arm-none-eabi-gcc -o "lowbeamtest3.elf" @"objects.list"   -mcpu=cortex-m3 -T"C:\Users\USER\Desktop\DrivingConvenience\actuator\STM32F103RBTX_FLASH.ld" --specs=nosys.specs -Wl,-Map="lowbeamtest3.map" -Wl,--gc-sections -static --specs=nano.specs -mfloat-abi=soft -mthumb -Wl,--start-group -lc -lm -Wl,--end-group
Finished building target: lowbeamtest3.elf
 
arm-none-eabi-size  lowbeamtest3.elf 
arm-none-eabi-objdump -h -S lowbeamtest3.elf  > "lowbeamtest3.list"
   text	   data	    bss	    dec	    hex	filename
  23600	    108	   4236	  27944	   6d28	lowbeamtest3.elf
Finished building: default.size.stdout
 
Finished building: lowbeamtest3.list
 
12:02:46 **** Incremental Build of configuration Debug for project lowbeamtest3 ****
make -j12 all 
arm-none-eabi-gcc "../Core/Src/main.c" -mcpu=cortex-m3 -std=gnu11 -g3 -DDEBUG -DUSE_HAL_DRIVER -DSTM32F103xB -c -I../Core/Inc -I../Drivers/STM32F1xx_HAL_Driver/Inc -I../Drivers/STM32F1xx_HAL_Driver/Inc/Legacy -I../Drivers/CMSIS/Device/ST/STM32F1xx/Include -I../Drivers/CMSIS/Include -O0 -ffunction-sections -fdata-sections -Wall -fstack-usage -fcyclomatic-complexity -MMD -MP -MF"Core/Src/main.d" -MT"Core/Src/main.o" --specs=nano.specs -mfloat-abi=soft -mthumb -o "Core/Src/main.o"
../Core/Src/main.c: In function 'can_init':
../Core/Src/main.c:201:6: warning: type of 'filter_mask' defaults to 'int' [-Wimplicit-int]
  201 | void can_init(filter_mask,filter_id){
      |      ^~~~~~~~
../Core/Src/main.c:201:6: warning: type of 'filter_id' defaults to 'int' [-Wimplicit-int]
../Core/Src/main.c:203:9: warning: implicit declaration of function 'filter_init' [-Wimplicit-function-declaration]
  203 |         filter_init(filter_mask, filter_id);
      |         ^~~~~~~~~~~
../Core/Src/main.c: In function 'light_init':
../Core/Src/main.c:286:9: warning: implicit declaration of function 'ws2812_scroll_init' [-Wimplicit-function-declaration]
  286 |         ws2812_scroll_init();
      |         ^~~~~~~~~~~~~~~~~~
../Core/Src/main.c: At top level:
../Core/Src/main.c:299:6: warning: conflicting types for 'ws2812_scroll_init'; have 'void(void)'
  299 | void ws2812_scroll_init(void)// LED 시작시에 애니메이션 기능을 넣으면 좋지않을까? -> 보완해야함
      |      ^~~~~~~~~~~~~~~~~~
../Core/Src/main.c:286:9: note: previous implicit declaration of 'ws2812_scroll_init' with type 'void(void)'
  286 |         ws2812_scroll_init();
      |         ^~~~~~~~~~~~~~~~~~
../Core/Src/main.c: In function 'driving_mode_change':
../Core/Src/main.c:425:25: warning: implicit declaration of function 'rotate_rmotor' [-Wimplicit-function-declaration]
  425 |                         rotate_rmotor(1, 5, 100); // 반시계 방향 100스텝
      |                         ^~~~~~~~~~~~~
../Core/Src/main.c:426:25: warning: implicit declaration of function 'rotate_lmotor' [-Wimplicit-function-declaration]
  426 |                         rotate_lmotor(0, 5, 100); // 시계 방향 100스텝
      |                         ^~~~~~~~~~~~~
../Core/Src/main.c: At top level:
../Core/Src/main.c:680:6: warning: conflicting types for 'rotate_lmotor'; have 'void(uint8_t,  uint16_t,  uint16_t)' {aka 'void(unsigned char,  short unsigned int,  short unsigned int)'}
  680 | void rotate_lmotor(uint8_t dir, uint16_t delay_ms, uint16_t steps)
      |      ^~~~~~~~~~~~~
../Core/Src/main.c:426:25: note: previous implicit declaration of 'rotate_lmotor' with type 'void(uint8_t,  uint16_t,  uint16_t)' {aka 'void(unsigned char,  short unsigned int,  short unsigned int)'}
  426 |                         rotate_lmotor(0, 5, 100); // 시계 방향 100스텝
      |                         ^~~~~~~~~~~~~
../Core/Src/main.c:688:6: warning: conflicting types for 'rotate_rmotor'; have 'void(uint8_t,  uint16_t,  uint16_t)' {aka 'void(unsigned char,  short unsigned int,  short unsigned int)'}
  688 | void rotate_rmotor(uint8_t dir, uint16_t delay_ms, uint16_t steps)
      |      ^~~~~~~~~~~~~
../Core/Src/main.c:425:25: note: previous implicit declaration of 'rotate_rmotor' with type 'void(uint8_t,  uint16_t,  uint16_t)' {aka 'void(unsigned char,  short unsigned int,  short unsigned int)'}
  425 |                         rotate_rmotor(1, 5, 100); // 반시계 방향 100스텝
      |                         ^~~~~~~~~~~~~
../Core/Src/main.c: In function 'function':
../Core/Src/main.c:720:25: warning: passing argument 1 of 'change_state1' makes pointer from integer without a cast [-Wint-conversion]
  720 |           change_state1(data);
      |                         ^~~~
      |                         |
      |                         uint8_t {aka unsigned char}
../Core/Src/main.c:706:29: note: expected 'uint8_t *' {aka 'unsigned char *'} but argument is of type 'uint8_t' {aka 'unsigned char'}
  706 | void change_state1(uint8_t* data){
      |                    ~~~~~~~~~^~~~
../Core/Src/main.c: In function 'HAL_CAN_RxFifo0MsgPendingCallback':
../Core/Src/main.c:944:13: warning: implicit declaration of function 'snprintf' [-Wimplicit-function-declaration]
  944 |             snprintf(uartBuf, sizeof(uartBuf),
      |             ^~~~~~~~
../Core/Src/main.c:26:1: note: include '<stdio.h>' or provide a declaration of 'snprintf'
   25 | #include "gpio.h"
  +++ |+#include <stdio.h>
   26 | 
../Core/Src/main.c:944:13: warning: incompatible implicit declaration of built-in function 'snprintf' [-Wbuiltin-declaration-mismatch]
  944 |             snprintf(uartBuf, sizeof(uartBuf),
      |             ^~~~~~~~
../Core/Src/main.c:944:13: note: include '<stdio.h>' or provide a declaration of 'snprintf'
../Core/Src/main.c:945:36: warning: format '%X' expects argument of type 'unsigned int', but argument 4 has type 'uint32_t' {aka 'long unsigned int'} [-Wformat=]
  945 |                      "CAN ID: 0x%03X | DATA: %02X %02X %02X %02X %02X %02X %02X %02X\r\n",
      |                                 ~~~^
      |                                    |
      |                                    unsigned int
      |                                 %03lX
  946 |                                  canRxHeader.StdId,
      |                                  ~~~~~~~~~~~~~~~~~
      |                                             |
      |                                             uint32_t {aka long unsigned int}
../Core/Src/main.c:951:59: warning: implicit declaration of function 'strlen' [-Wimplicit-function-declaration]
  951 |             HAL_UART_Transmit(&huart2, (uint8_t*)uartBuf, strlen(uartBuf), HAL_MAX_DELAY);
      |                                                           ^~~~~~
../Core/Src/main.c:26:1: note: include '<string.h>' or provide a declaration of 'strlen'
   25 | #include "gpio.h"
  +++ |+#include <string.h>
   26 | 
../Core/Src/main.c:951:59: warning: incompatible implicit declaration of built-in function 'strlen' [-Wbuiltin-declaration-mismatch]
  951 |             HAL_UART_Transmit(&huart2, (uint8_t*)uartBuf, strlen(uartBuf), HAL_MAX_DELAY);
      |                                                           ^~~~~~
../Core/Src/main.c:951:59: note: include '<string.h>' or provide a declaration of 'strlen'
arm-none-eabi-gcc -o "lowbeamtest3.elf" @"objects.list"   -mcpu=cortex-m3 -T"C:\Users\USER\Desktop\DrivingConvenience\actuator\STM32F103RBTX_FLASH.ld" --specs=nosys.specs -Wl,-Map="lowbeamtest3.map" -Wl,--gc-sections -static --specs=nano.specs -mfloat-abi=soft -mthumb -Wl,--start-group -lc -lm -Wl,--end-group
Finished building target: lowbeamtest3.elf
 
arm-none-eabi-size  lowbeamtest3.elf 
arm-none-eabi-objdump -h -S lowbeamtest3.elf  > "lowbeamtest3.list"
   text	   data	    bss	    dec	    hex	filename
  23620	    108	   4236	  27964	   6d3c	lowbeamtest3.elf
Finished building: default.size.stdout
 
Finished building: lowbeamtest3.list
 
12:03:14 **** Incremental Build of configuration Debug for project lowbeamtest3 ****
make -j12 all 
arm-none-eabi-size  lowbeamtest3.elf 
   text	   data	    bss	    dec	    hex	filename
  23620	    108	   4236	  27964	   6d3c	lowbeamtest3.elf
Finished building: default.size.stdout
 
12:03:37 **** Incremental Build of configuration Debug for project lowbeamtest3 ****
make -j12 all 
arm-none-eabi-size  lowbeamtest3.elf 
   text	   data	    bss	    dec	    hex	filename
  23620	    108	   4236	  27964	   6d3c	lowbeamtest3.elf
Finished building: default.size.stdout
 
12:04:41 **** Incremental Build of configuration Debug for project lowbeamtest3 ****
make -j12 all 
arm-none-eabi-gcc "../Core/Src/main.c" -mcpu=cortex-m3 -std=gnu11 -g3 -DDEBUG -DUSE_HAL_DRIVER -DSTM32F103xB -c -I../Core/Inc -I../Drivers/STM32F1xx_HAL_Driver/Inc -I../Drivers/STM32F1xx_HAL_Driver/Inc/Legacy -I../Drivers/CMSIS/Device/ST/STM32F1xx/Include -I../Drivers/CMSIS/Include -O0 -ffunction-sections -fdata-sections -Wall -fstack-usage -fcyclomatic-complexity -MMD -MP -MF"Core/Src/main.d" -MT"Core/Src/main.o" --specs=nano.specs -mfloat-abi=soft -mthumb -o "Core/Src/main.o"
../Core/Src/main.c: In function 'can_init':
../Core/Src/main.c:201:6: warning: type of 'filter_mask' defaults to 'int' [-Wimplicit-int]
  201 | void can_init(filter_mask,filter_id){
      |      ^~~~~~~~
../Core/Src/main.c:201:6: warning: type of 'filter_id' defaults to 'int' [-Wimplicit-int]
../Core/Src/main.c:203:9: warning: implicit declaration of function 'filter_init' [-Wimplicit-function-declaration]
  203 |         filter_init(filter_mask, filter_id);
      |         ^~~~~~~~~~~
../Core/Src/main.c: In function 'light_init':
../Core/Src/main.c:286:9: warning: implicit declaration of function 'ws2812_scroll_init' [-Wimplicit-function-declaration]
  286 |         ws2812_scroll_init();
      |         ^~~~~~~~~~~~~~~~~~
../Core/Src/main.c: At top level:
../Core/Src/main.c:299:6: warning: conflicting types for 'ws2812_scroll_init'; have 'void(void)'
  299 | void ws2812_scroll_init(void)// LED 시작시에 애니메이션 기능을 넣으면 좋지않을까? -> 보완해야함
      |      ^~~~~~~~~~~~~~~~~~
../Core/Src/main.c:286:9: note: previous implicit declaration of 'ws2812_scroll_init' with type 'void(void)'
  286 |         ws2812_scroll_init();
      |         ^~~~~~~~~~~~~~~~~~
../Core/Src/main.c: In function 'driving_mode_change':
../Core/Src/main.c:425:25: warning: implicit declaration of function 'rotate_rmotor' [-Wimplicit-function-declaration]
  425 |                         rotate_rmotor(1, 5, 100); // 반시계 방향 100스텝
      |                         ^~~~~~~~~~~~~
../Core/Src/main.c:426:25: warning: implicit declaration of function 'rotate_lmotor' [-Wimplicit-function-declaration]
  426 |                         rotate_lmotor(0, 5, 100); // 시계 방향 100스텝
      |                         ^~~~~~~~~~~~~
../Core/Src/main.c: At top level:
../Core/Src/main.c:680:6: warning: conflicting types for 'rotate_lmotor'; have 'void(uint8_t,  uint16_t,  uint16_t)' {aka 'void(unsigned char,  short unsigned int,  short unsigned int)'}
  680 | void rotate_lmotor(uint8_t dir, uint16_t delay_ms, uint16_t steps)
      |      ^~~~~~~~~~~~~
../Core/Src/main.c:426:25: note: previous implicit declaration of 'rotate_lmotor' with type 'void(uint8_t,  uint16_t,  uint16_t)' {aka 'void(unsigned char,  short unsigned int,  short unsigned int)'}
  426 |                         rotate_lmotor(0, 5, 100); // 시계 방향 100스텝
      |                         ^~~~~~~~~~~~~
../Core/Src/main.c:688:6: warning: conflicting types for 'rotate_rmotor'; have 'void(uint8_t,  uint16_t,  uint16_t)' {aka 'void(unsigned char,  short unsigned int,  short unsigned int)'}
  688 | void rotate_rmotor(uint8_t dir, uint16_t delay_ms, uint16_t steps)
      |      ^~~~~~~~~~~~~
../Core/Src/main.c:425:25: note: previous implicit declaration of 'rotate_rmotor' with type 'void(uint8_t,  uint16_t,  uint16_t)' {aka 'void(unsigned char,  short unsigned int,  short unsigned int)'}
  425 |                         rotate_rmotor(1, 5, 100); // 반시계 방향 100스텝
      |                         ^~~~~~~~~~~~~
../Core/Src/main.c: In function 'function':
../Core/Src/main.c:720:25: warning: passing argument 1 of 'change_state1' makes pointer from integer without a cast [-Wint-conversion]
  720 |           change_state1(data);
      |                         ^~~~
      |                         |
      |                         uint8_t {aka unsigned char}
../Core/Src/main.c:706:29: note: expected 'uint8_t *' {aka 'unsigned char *'} but argument is of type 'uint8_t' {aka 'unsigned char'}
  706 | void change_state1(uint8_t* data){
      |                    ~~~~~~~~~^~~~
../Core/Src/main.c: In function 'HAL_CAN_RxFifo0MsgPendingCallback':
../Core/Src/main.c:944:13: warning: implicit declaration of function 'snprintf' [-Wimplicit-function-declaration]
  944 |             snprintf(uartBuf, sizeof(uartBuf),
      |             ^~~~~~~~
../Core/Src/main.c:26:1: note: include '<stdio.h>' or provide a declaration of 'snprintf'
   25 | #include "gpio.h"
  +++ |+#include <stdio.h>
   26 | 
../Core/Src/main.c:944:13: warning: incompatible implicit declaration of built-in function 'snprintf' [-Wbuiltin-declaration-mismatch]
  944 |             snprintf(uartBuf, sizeof(uartBuf),
      |             ^~~~~~~~
../Core/Src/main.c:944:13: note: include '<stdio.h>' or provide a declaration of 'snprintf'
../Core/Src/main.c:945:36: warning: format '%X' expects argument of type 'unsigned int', but argument 4 has type 'uint32_t' {aka 'long unsigned int'} [-Wformat=]
  945 |                      "CAN ID: 0x%03X | DATA: %02X %02X %02X %02X %02X %02X %02X %02X\r\n",
      |                                 ~~~^
      |                                    |
      |                                    unsigned int
      |                                 %03lX
  946 |                                  canRxHeader.StdId,
      |                                  ~~~~~~~~~~~~~~~~~
      |                                             |
      |                                             uint32_t {aka long unsigned int}
../Core/Src/main.c:951:59: warning: implicit declaration of function 'strlen' [-Wimplicit-function-declaration]
  951 |             HAL_UART_Transmit(&huart2, (uint8_t*)uartBuf, strlen(uartBuf), HAL_MAX_DELAY);
      |                                                           ^~~~~~
../Core/Src/main.c:26:1: note: include '<string.h>' or provide a declaration of 'strlen'
   25 | #include "gpio.h"
  +++ |+#include <string.h>
   26 | 
../Core/Src/main.c:951:59: warning: incompatible implicit declaration of built-in function 'strlen' [-Wbuiltin-declaration-mismatch]
  951 |             HAL_UART_Transmit(&huart2, (uint8_t*)uartBuf, strlen(uartBuf), HAL_MAX_DELAY);
      |                                                           ^~~~~~
../Core/Src/main.c:951:59: note: include '<string.h>' or provide a declaration of 'strlen'
arm-none-eabi-gcc -o "lowbeamtest3.elf" @"objects.list"   -mcpu=cortex-m3 -T"C:\Users\USER\Desktop\DrivingConvenience\actuator\STM32F103RBTX_FLASH.ld" --specs=nosys.specs -Wl,-Map="lowbeamtest3.map" -Wl,--gc-sections -static --specs=nano.specs -mfloat-abi=soft -mthumb -Wl,--start-group -lc -lm -Wl,--end-group
Finished building target: lowbeamtest3.elf
 
arm-none-eabi-size  lowbeamtest3.elf 
arm-none-eabi-objdump -h -S lowbeamtest3.elf  > "lowbeamtest3.list"
   text	   data	    bss	    dec	    hex	filename
  23600	    108	   4236	  27944	   6d28	lowbeamtest3.elf
Finished building: default.size.stdout
 
Finished building: lowbeamtest3.list
 
12:15:43 **** Incremental Build of configuration Debug for project lowbeamtest3 ****
make -j12 all 
arm-none-eabi-gcc "../Core/Src/main.c" -mcpu=cortex-m3 -std=gnu11 -g3 -DDEBUG -DUSE_HAL_DRIVER -DSTM32F103xB -c -I../Core/Inc -I../Drivers/STM32F1xx_HAL_Driver/Inc -I../Drivers/STM32F1xx_HAL_Driver/Inc/Legacy -I../Drivers/CMSIS/Device/ST/STM32F1xx/Include -I../Drivers/CMSIS/Include -O0 -ffunction-sections -fdata-sections -Wall -fstack-usage -fcyclomatic-complexity -MMD -MP -MF"Core/Src/main.d" -MT"Core/Src/main.o" --specs=nano.specs -mfloat-abi=soft -mthumb -o "Core/Src/main.o"
../Core/Src/main.c: In function 'can_init':
../Core/Src/main.c:201:6: warning: type of 'filter_mask' defaults to 'int' [-Wimplicit-int]
  201 | void can_init(filter_mask,filter_id){
      |      ^~~~~~~~
../Core/Src/main.c:201:6: warning: type of 'filter_id' defaults to 'int' [-Wimplicit-int]
../Core/Src/main.c:203:9: warning: implicit declaration of function 'filter_init' [-Wimplicit-function-declaration]
  203 |         filter_init(filter_mask, filter_id);
      |         ^~~~~~~~~~~
../Core/Src/main.c: In function 'light_init':
../Core/Src/main.c:286:9: warning: implicit declaration of function 'ws2812_scroll_init' [-Wimplicit-function-declaration]
  286 |         ws2812_scroll_init();
      |         ^~~~~~~~~~~~~~~~~~
../Core/Src/main.c: At top level:
../Core/Src/main.c:299:6: warning: conflicting types for 'ws2812_scroll_init'; have 'void(void)'
  299 | void ws2812_scroll_init(void)// LED 시작시에 애니메이션 기능을 넣으면 좋지않을까? -> 보완해야함
      |      ^~~~~~~~~~~~~~~~~~
../Core/Src/main.c:286:9: note: previous implicit declaration of 'ws2812_scroll_init' with type 'void(void)'
  286 |         ws2812_scroll_init();
      |         ^~~~~~~~~~~~~~~~~~
../Core/Src/main.c: In function 'driving_mode_change':
../Core/Src/main.c:425:25: warning: implicit declaration of function 'rotate_rmotor' [-Wimplicit-function-declaration]
  425 |                         rotate_rmotor(1, 5, 100); // 반시계 방향 100스텝
      |                         ^~~~~~~~~~~~~
../Core/Src/main.c:426:25: warning: implicit declaration of function 'rotate_lmotor' [-Wimplicit-function-declaration]
  426 |                         rotate_lmotor(0, 5, 100); // 시계 방향 100스텝
      |                         ^~~~~~~~~~~~~
../Core/Src/main.c: At top level:
../Core/Src/main.c:680:6: warning: conflicting types for 'rotate_lmotor'; have 'void(uint8_t,  uint16_t,  uint16_t)' {aka 'void(unsigned char,  short unsigned int,  short unsigned int)'}
  680 | void rotate_lmotor(uint8_t dir, uint16_t delay_ms, uint16_t steps)
      |      ^~~~~~~~~~~~~
../Core/Src/main.c:426:25: note: previous implicit declaration of 'rotate_lmotor' with type 'void(uint8_t,  uint16_t,  uint16_t)' {aka 'void(unsigned char,  short unsigned int,  short unsigned int)'}
  426 |                         rotate_lmotor(0, 5, 100); // 시계 방향 100스텝
      |                         ^~~~~~~~~~~~~
../Core/Src/main.c:688:6: warning: conflicting types for 'rotate_rmotor'; have 'void(uint8_t,  uint16_t,  uint16_t)' {aka 'void(unsigned char,  short unsigned int,  short unsigned int)'}
  688 | void rotate_rmotor(uint8_t dir, uint16_t delay_ms, uint16_t steps)
      |      ^~~~~~~~~~~~~
../Core/Src/main.c:425:25: note: previous implicit declaration of 'rotate_rmotor' with type 'void(uint8_t,  uint16_t,  uint16_t)' {aka 'void(unsigned char,  short unsigned int,  short unsigned int)'}
  425 |                         rotate_rmotor(1, 5, 100); // 반시계 방향 100스텝
      |                         ^~~~~~~~~~~~~
../Core/Src/main.c: In function 'function':
../Core/Src/main.c:720:25: warning: passing argument 1 of 'change_state1' makes pointer from integer without a cast [-Wint-conversion]
  720 |           change_state1(data);
      |                         ^~~~
      |                         |
      |                         uint8_t {aka unsigned char}
../Core/Src/main.c:706:29: note: expected 'uint8_t *' {aka 'unsigned char *'} but argument is of type 'uint8_t' {aka 'unsigned char'}
  706 | void change_state1(uint8_t* data){
      |                    ~~~~~~~~~^~~~
../Core/Src/main.c: In function 'HAL_CAN_RxFifo0MsgPendingCallback':
../Core/Src/main.c:944:13: warning: implicit declaration of function 'snprintf' [-Wimplicit-function-declaration]
  944 |             snprintf(uartBuf, sizeof(uartBuf),
      |             ^~~~~~~~
../Core/Src/main.c:26:1: note: include '<stdio.h>' or provide a declaration of 'snprintf'
   25 | #include "gpio.h"
  +++ |+#include <stdio.h>
   26 | 
../Core/Src/main.c:944:13: warning: incompatible implicit declaration of built-in function 'snprintf' [-Wbuiltin-declaration-mismatch]
  944 |             snprintf(uartBuf, sizeof(uartBuf),
      |             ^~~~~~~~
../Core/Src/main.c:944:13: note: include '<stdio.h>' or provide a declaration of 'snprintf'
../Core/Src/main.c:945:36: warning: format '%X' expects argument of type 'unsigned int', but argument 4 has type 'uint32_t' {aka 'long unsigned int'} [-Wformat=]
  945 |                      "CAN ID: 0x%03X | DATA: %02X %02X %02X %02X %02X %02X %02X %02X\r\n",
      |                                 ~~~^
      |                                    |
      |                                    unsigned int
      |                                 %03lX
  946 |                                  canRxHeader.StdId,
      |                                  ~~~~~~~~~~~~~~~~~
      |                                             |
      |                                             uint32_t {aka long unsigned int}
../Core/Src/main.c:951:59: warning: implicit declaration of function 'strlen' [-Wimplicit-function-declaration]
  951 |             HAL_UART_Transmit(&huart2, (uint8_t*)uartBuf, strlen(uartBuf), HAL_MAX_DELAY);
      |                                                           ^~~~~~
../Core/Src/main.c:26:1: note: include '<string.h>' or provide a declaration of 'strlen'
   25 | #include "gpio.h"
  +++ |+#include <string.h>
   26 | 
../Core/Src/main.c:951:59: warning: incompatible implicit declaration of built-in function 'strlen' [-Wbuiltin-declaration-mismatch]
  951 |             HAL_UART_Transmit(&huart2, (uint8_t*)uartBuf, strlen(uartBuf), HAL_MAX_DELAY);
      |                                                           ^~~~~~
../Core/Src/main.c:951:59: note: include '<string.h>' or provide a declaration of 'strlen'
arm-none-eabi-gcc -o "lowbeamtest3.elf" @"objects.list"   -mcpu=cortex-m3 -T"C:\Users\USER\Desktop\DrivingConvenience\actuator\STM32F103RBTX_FLASH.ld" --specs=nosys.specs -Wl,-Map="lowbeamtest3.map" -Wl,--gc-sections -static --specs=nano.specs -mfloat-abi=soft -mthumb -Wl,--start-group -lc -lm -Wl,--end-group
Finished building target: lowbeamtest3.elf
 
arm-none-eabi-size  lowbeamtest3.elf 
arm-none-eabi-objdump -h -S lowbeamtest3.elf  > "lowbeamtest3.list"
   text	   data	    bss	    dec	    hex	filename
  23620	    108	   4236	  27964	   6d3c	lowbeamtest3.elf
Finished building: default.size.stdout
 
Finished building: lowbeamtest3.list
 
12:16:44 **** Incremental Build of configuration Debug for project lowbeamtest3 ****
make -j12 all 
arm-none-eabi-size  lowbeamtest3.elf 
   text	   data	    bss	    dec	    hex	filename
  23620	    108	   4236	  27964	   6d3c	lowbeamtest3.elf
Finished building: default.size.stdout
 
12:17:10 **** Incremental Build of configuration Debug for project lowbeamtest3 ****
make -j12 all 
arm-none-eabi-size  lowbeamtest3.elf 
   text	   data	    bss	    dec	    hex	filename
  23620	    108	   4236	  27964	   6d3c	lowbeamtest3.elf
Finished building: default.size.stdout
 
12:19:30 **** Incremental Build of configuration Debug for project lowbeamtest3 ****
make -j12 all 
arm-none-eabi-gcc "../Core/Src/main.c" -mcpu=cortex-m3 -std=gnu11 -g3 -DDEBUG -DUSE_HAL_DRIVER -DSTM32F103xB -c -I../Core/Inc -I../Drivers/STM32F1xx_HAL_Driver/Inc -I../Drivers/STM32F1xx_HAL_Driver/Inc/Legacy -I../Drivers/CMSIS/Device/ST/STM32F1xx/Include -I../Drivers/CMSIS/Include -O0 -ffunction-sections -fdata-sections -Wall -fstack-usage -fcyclomatic-complexity -MMD -MP -MF"Core/Src/main.d" -MT"Core/Src/main.o" --specs=nano.specs -mfloat-abi=soft -mthumb -o "Core/Src/main.o"
../Core/Src/main.c: In function 'can_init':
../Core/Src/main.c:201:6: warning: type of 'filter_mask' defaults to 'int' [-Wimplicit-int]
  201 | void can_init(filter_mask,filter_id){
      |      ^~~~~~~~
../Core/Src/main.c:201:6: warning: type of 'filter_id' defaults to 'int' [-Wimplicit-int]
../Core/Src/main.c:203:9: warning: implicit declaration of function 'filter_init' [-Wimplicit-function-declaration]
  203 |         filter_init(filter_mask, filter_id);
      |         ^~~~~~~~~~~
../Core/Src/main.c: In function 'light_init':
../Core/Src/main.c:286:9: warning: implicit declaration of function 'ws2812_scroll_init' [-Wimplicit-function-declaration]
  286 |         ws2812_scroll_init();
      |         ^~~~~~~~~~~~~~~~~~
../Core/Src/main.c: At top level:
../Core/Src/main.c:299:6: warning: conflicting types for 'ws2812_scroll_init'; have 'void(void)'
  299 | void ws2812_scroll_init(void)// LED 시작시에 애니메이션 기능을 넣으면 좋지않을까? -> 보완해야함
      |      ^~~~~~~~~~~~~~~~~~
../Core/Src/main.c:286:9: note: previous implicit declaration of 'ws2812_scroll_init' with type 'void(void)'
  286 |         ws2812_scroll_init();
      |         ^~~~~~~~~~~~~~~~~~
../Core/Src/main.c: In function 'driving_mode_change':
../Core/Src/main.c:425:25: warning: implicit declaration of function 'rotate_rmotor' [-Wimplicit-function-declaration]
  425 |                         rotate_rmotor(1, 5, 100); // 반시계 방향 100스텝
      |                         ^~~~~~~~~~~~~
../Core/Src/main.c:426:25: warning: implicit declaration of function 'rotate_lmotor' [-Wimplicit-function-declaration]
  426 |                         rotate_lmotor(0, 5, 100); // 시계 방향 100스텝
      |                         ^~~~~~~~~~~~~
../Core/Src/main.c: At top level:
../Core/Src/main.c:680:6: warning: conflicting types for 'rotate_lmotor'; have 'void(uint8_t,  uint16_t,  uint16_t)' {aka 'void(unsigned char,  short unsigned int,  short unsigned int)'}
  680 | void rotate_lmotor(uint8_t dir, uint16_t delay_ms, uint16_t steps)
      |      ^~~~~~~~~~~~~
../Core/Src/main.c:426:25: note: previous implicit declaration of 'rotate_lmotor' with type 'void(uint8_t,  uint16_t,  uint16_t)' {aka 'void(unsigned char,  short unsigned int,  short unsigned int)'}
  426 |                         rotate_lmotor(0, 5, 100); // 시계 방향 100스텝
      |                         ^~~~~~~~~~~~~
../Core/Src/main.c:688:6: warning: conflicting types for 'rotate_rmotor'; have 'void(uint8_t,  uint16_t,  uint16_t)' {aka 'void(unsigned char,  short unsigned int,  short unsigned int)'}
  688 | void rotate_rmotor(uint8_t dir, uint16_t delay_ms, uint16_t steps)
      |      ^~~~~~~~~~~~~
../Core/Src/main.c:425:25: note: previous implicit declaration of 'rotate_rmotor' with type 'void(uint8_t,  uint16_t,  uint16_t)' {aka 'void(unsigned char,  short unsigned int,  short unsigned int)'}
  425 |                         rotate_rmotor(1, 5, 100); // 반시계 방향 100스텝
      |                         ^~~~~~~~~~~~~
../Core/Src/main.c: In function 'function':
../Core/Src/main.c:720:25: warning: passing argument 1 of 'change_state1' makes pointer from integer without a cast [-Wint-conversion]
  720 |           change_state1(data);
      |                         ^~~~
      |                         |
      |                         uint8_t {aka unsigned char}
../Core/Src/main.c:706:29: note: expected 'uint8_t *' {aka 'unsigned char *'} but argument is of type 'uint8_t' {aka 'unsigned char'}
  706 | void change_state1(uint8_t* data){
      |                    ~~~~~~~~~^~~~
../Core/Src/main.c: In function 'HAL_CAN_RxFifo0MsgPendingCallback':
../Core/Src/main.c:944:13: warning: implicit declaration of function 'snprintf' [-Wimplicit-function-declaration]
  944 |             snprintf(uartBuf, sizeof(uartBuf),
      |             ^~~~~~~~
../Core/Src/main.c:26:1: note: include '<stdio.h>' or provide a declaration of 'snprintf'
   25 | #include "gpio.h"
  +++ |+#include <stdio.h>
   26 | 
../Core/Src/main.c:944:13: warning: incompatible implicit declaration of built-in function 'snprintf' [-Wbuiltin-declaration-mismatch]
  944 |             snprintf(uartBuf, sizeof(uartBuf),
      |             ^~~~~~~~
../Core/Src/main.c:944:13: note: include '<stdio.h>' or provide a declaration of 'snprintf'
../Core/Src/main.c:945:36: warning: format '%X' expects argument of type 'unsigned int', but argument 4 has type 'uint32_t' {aka 'long unsigned int'} [-Wformat=]
  945 |                      "CAN ID: 0x%03X | DATA: %02X %02X %02X %02X %02X %02X %02X %02X\r\n",
      |                                 ~~~^
      |                                    |
      |                                    unsigned int
      |                                 %03lX
  946 |                                  canRxHeader.StdId,
      |                                  ~~~~~~~~~~~~~~~~~
      |                                             |
      |                                             uint32_t {aka long unsigned int}
../Core/Src/main.c:951:59: warning: implicit declaration of function 'strlen' [-Wimplicit-function-declaration]
  951 |             HAL_UART_Transmit(&huart2, (uint8_t*)uartBuf, strlen(uartBuf), HAL_MAX_DELAY);
      |                                                           ^~~~~~
../Core/Src/main.c:26:1: note: include '<string.h>' or provide a declaration of 'strlen'
   25 | #include "gpio.h"
  +++ |+#include <string.h>
   26 | 
../Core/Src/main.c:951:59: warning: incompatible implicit declaration of built-in function 'strlen' [-Wbuiltin-declaration-mismatch]
  951 |             HAL_UART_Transmit(&huart2, (uint8_t*)uartBuf, strlen(uartBuf), HAL_MAX_DELAY);
      |                                                           ^~~~~~
../Core/Src/main.c:951:59: note: include '<string.h>' or provide a declaration of 'strlen'
arm-none-eabi-gcc -o "lowbeamtest3.elf" @"objects.list"   -mcpu=cortex-m3 -T"C:\Users\USER\Desktop\DrivingConvenience\actuator\STM32F103RBTX_FLASH.ld" --specs=nosys.specs -Wl,-Map="lowbeamtest3.map" -Wl,--gc-sections -static --specs=nano.specs -mfloat-abi=soft -mthumb -Wl,--start-group -lc -lm -Wl,--end-group
Finished building target: lowbeamtest3.elf
 
arm-none-eabi-size  lowbeamtest3.elf 
arm-none-eabi-objdump -h -S lowbeamtest3.elf  > "lowbeamtest3.list"
   text	   data	    bss	    dec	    hex	filename
  23596	    108	   4236	  27940	   6d24	lowbeamtest3.elf
Finished building: default.size.stdout
 
Finished building: lowbeamtest3.list
 
12:20:32 **** Incremental Build of configuration Debug for project lowbeamtest3 ****
make -j12 all 
arm-none-eabi-gcc "../Core/Src/main.c" -mcpu=cortex-m3 -std=gnu11 -g3 -DDEBUG -DUSE_HAL_DRIVER -DSTM32F103xB -c -I../Core/Inc -I../Drivers/STM32F1xx_HAL_Driver/Inc -I../Drivers/STM32F1xx_HAL_Driver/Inc/Legacy -I../Drivers/CMSIS/Device/ST/STM32F1xx/Include -I../Drivers/CMSIS/Include -O0 -ffunction-sections -fdata-sections -Wall -fstack-usage -fcyclomatic-complexity -MMD -MP -MF"Core/Src/main.d" -MT"Core/Src/main.o" --specs=nano.specs -mfloat-abi=soft -mthumb -o "Core/Src/main.o"
../Core/Src/main.c: In function 'can_init':
../Core/Src/main.c:201:6: warning: type of 'filter_mask' defaults to 'int' [-Wimplicit-int]
  201 | void can_init(filter_mask,filter_id){
      |      ^~~~~~~~
../Core/Src/main.c:201:6: warning: type of 'filter_id' defaults to 'int' [-Wimplicit-int]
../Core/Src/main.c:203:9: warning: implicit declaration of function 'filter_init' [-Wimplicit-function-declaration]
  203 |         filter_init(filter_mask, filter_id);
      |         ^~~~~~~~~~~
../Core/Src/main.c: In function 'light_init':
../Core/Src/main.c:286:9: warning: implicit declaration of function 'ws2812_scroll_init' [-Wimplicit-function-declaration]
  286 |         ws2812_scroll_init();
      |         ^~~~~~~~~~~~~~~~~~
../Core/Src/main.c: At top level:
../Core/Src/main.c:299:6: warning: conflicting types for 'ws2812_scroll_init'; have 'void(void)'
  299 | void ws2812_scroll_init(void)// LED 시작시에 애니메이션 기능을 넣으면 좋지않을까? -> 보완해야함
      |      ^~~~~~~~~~~~~~~~~~
../Core/Src/main.c:286:9: note: previous implicit declaration of 'ws2812_scroll_init' with type 'void(void)'
  286 |         ws2812_scroll_init();
      |         ^~~~~~~~~~~~~~~~~~
../Core/Src/main.c: In function 'driving_mode_change':
../Core/Src/main.c:425:25: warning: implicit declaration of function 'rotate_rmotor' [-Wimplicit-function-declaration]
  425 |                         rotate_rmotor(1, 5, 100); // 반시계 방향 100스텝
      |                         ^~~~~~~~~~~~~
[...]
../Core/Src/main.c:299:6: warning: conflicting types for 'ws2812_scroll_init'; have 'void(void)'
  299 | void ws2812_scroll_init(void)// LED 시작시에 애니메이션 기능을 넣으면 좋지않을까? -> 보완해야함
      |      ^~~~~~~~~~~~~~~~~~
../Core/Src/main.c:286:9: note: previous implicit declaration of 'ws2812_scroll_init' with type 'void(void)'
  286 |         ws2812_scroll_init();
      |         ^~~~~~~~~~~~~~~~~~
../Core/Src/main.c: In function 'driving_mode_change':
../Core/Src/main.c:425:25: warning: implicit declaration of function 'rotate_rmotor' [-Wimplicit-function-declaration]
  425 |                         rotate_rmotor(1, 5, 100); // 반시계 방향 100스텝
      |                         ^~~~~~~~~~~~~
../Core/Src/main.c:426:25: warning: implicit declaration of function 'rotate_lmotor' [-Wimplicit-function-declaration]
  426 |                         rotate_lmotor(0, 5, 100); // 시계 방향 100스텝
      |                         ^~~~~~~~~~~~~
../Core/Src/main.c: At top level:
../Core/Src/main.c:680:6: warning: conflicting types for 'rotate_lmotor'; have 'void(uint8_t,  uint16_t,  uint16_t)' {aka 'void(unsigned char,  short unsigned int,  short unsigned int)'}
  680 | void rotate_lmotor(uint8_t dir, uint16_t delay_ms, uint16_t steps)
      |      ^~~~~~~~~~~~~
../Core/Src/main.c:426:25: note: previous implicit declaration of 'rotate_lmotor' with type 'void(uint8_t,  uint16_t,  uint16_t)' {aka 'void(unsigned char,  short unsigned int,  short unsigned int)'}
  426 |                         rotate_lmotor(0, 5, 100); // 시계 방향 100스텝
      |                         ^~~~~~~~~~~~~
../Core/Src/main.c:688:6: warning: conflicting types for 'rotate_rmotor'; have 'void(uint8_t,  uint16_t,  uint16_t)' {aka 'void(unsigned char,  short unsigned int,  short unsigned int)'}
  688 | void rotate_rmotor(uint8_t dir, uint16_t delay_ms, uint16_t steps)
      |      ^~~~~~~~~~~~~
../Core/Src/main.c:425:25: note: previous implicit declaration of 'rotate_rmotor' with type 'void(uint8_t,  uint16_t,  uint16_t)' {aka 'void(unsigned char,  short unsigned int,  short unsigned int)'}
  425 |                         rotate_rmotor(1, 5, 100); // 반시계 방향 100스텝
      |                         ^~~~~~~~~~~~~
../Core/Src/main.c: In function 'function':
../Core/Src/main.c:720:25: warning: passing argument 1 of 'change_state1' makes pointer from integer without a cast [-Wint-conversion]
  720 |           change_state1(data);
      |                         ^~~~
      |                         |
      |                         uint8_t {aka unsigned char}
../Core/Src/main.c:706:29: note: expected 'uint8_t *' {aka 'unsigned char *'} but argument is of type 'uint8_t' {aka 'unsigned char'}
  706 | void change_state1(uint8_t* data){
      |                    ~~~~~~~~~^~~~
../Core/Src/main.c: In function 'HAL_CAN_RxFifo0MsgPendingCallback':
../Core/Src/main.c:944:13: warning: implicit declaration of function 'snprintf' [-Wimplicit-function-declaration]
  944 |             snprintf(uartBuf, sizeof(uartBuf),
      |             ^~~~~~~~
../Core/Src/main.c:26:1: note: include '<stdio.h>' or provide a declaration of 'snprintf'
   25 | #include "gpio.h"
  +++ |+#include <stdio.h>
   26 | 
../Core/Src/main.c:944:13: warning: incompatible implicit declaration of built-in function 'snprintf' [-Wbuiltin-declaration-mismatch]
  944 |             snprintf(uartBuf, sizeof(uartBuf),
      |             ^~~~~~~~
../Core/Src/main.c:944:13: note: include '<stdio.h>' or provide a declaration of 'snprintf'
../Core/Src/main.c:945:36: warning: format '%X' expects argument of type 'unsigned int', but argument 4 has type 'uint32_t' {aka 'long unsigned int'} [-Wformat=]
  945 |                      "CAN ID: 0x%03X | DATA: %02X %02X %02X %02X %02X %02X %02X %02X\r\n",
      |                                 ~~~^
      |                                    |
      |                                    unsigned int
      |                                 %03lX
  946 |                                  canRxHeader.StdId,
      |                                  ~~~~~~~~~~~~~~~~~
      |                                             |
      |                                             uint32_t {aka long unsigned int}
../Core/Src/main.c:951:59: warning: implicit declaration of function 'strlen' [-Wimplicit-function-declaration]
  951 |             HAL_UART_Transmit(&huart2, (uint8_t*)uartBuf, strlen(uartBuf), HAL_MAX_DELAY);
      |                                                           ^~~~~~
../Core/Src/main.c:26:1: note: include '<string.h>' or provide a declaration of 'strlen'
   25 | #include "gpio.h"
  +++ |+#include <string.h>
   26 | 
../Core/Src/main.c:951:59: warning: incompatible implicit declaration of built-in function 'strlen' [-Wbuiltin-declaration-mismatch]
  951 |             HAL_UART_Transmit(&huart2, (uint8_t*)uartBuf, strlen(uartBuf), HAL_MAX_DELAY);
      |                                                           ^~~~~~
../Core/Src/main.c:951:59: note: include '<string.h>' or provide a declaration of 'strlen'
arm-none-eabi-gcc -o "lowbeamtest3.elf" @"objects.list"   -mcpu=cortex-m3 -T"C:\Users\USER\Desktop\DrivingConvenience\actuator\STM32F103RBTX_FLASH.ld" --specs=nosys.specs -Wl,-Map="lowbeamtest3.map" -Wl,--gc-sections -static --specs=nano.specs -mfloat-abi=soft -mthumb -Wl,--start-group -lc -lm -Wl,--end-group
Finished building target: lowbeamtest3.elf
 
arm-none-eabi-size  lowbeamtest3.elf 
arm-none-eabi-objdump -h -S lowbeamtest3.elf  > "lowbeamtest3.list"
   text	   data	    bss	    dec	    hex	filename
  23604	    108	   4236	  27948	   6d2c	lowbeamtest3.elf
Finished building: default.size.stdout
 
Finished building: lowbeamtest3.list
 
14:08:56 **** Incremental Build of configuration Debug for project lowbeamtest3 ****
make -j12 all 
arm-none-eabi-gcc "../Core/Src/main.c" -mcpu=cortex-m3 -std=gnu11 -g3 -DDEBUG -DUSE_HAL_DRIVER -DSTM32F103xB -c -I../Core/Inc -I../Drivers/STM32F1xx_HAL_Driver/Inc -I../Drivers/STM32F1xx_HAL_Driver/Inc/Legacy -I../Drivers/CMSIS/Device/ST/STM32F1xx/Include -I../Drivers/CMSIS/Include -O0 -ffunction-sections -fdata-sections -Wall -fstack-usage -fcyclomatic-complexity -MMD -MP -MF"Core/Src/main.d" -MT"Core/Src/main.o" --specs=nano.specs -mfloat-abi=soft -mthumb -o "Core/Src/main.o"
../Core/Src/main.c: In function 'can_init':
../Core/Src/main.c:201:6: warning: type of 'filter_mask' defaults to 'int' [-Wimplicit-int]
  201 | void can_init(filter_mask,filter_id){
      |      ^~~~~~~~
../Core/Src/main.c:201:6: warning: type of 'filter_id' defaults to 'int' [-Wimplicit-int]
../Core/Src/main.c:203:9: warning: implicit declaration of function 'filter_init' [-Wimplicit-function-declaration]
  203 |         filter_init(filter_mask, filter_id);
      |         ^~~~~~~~~~~
../Core/Src/main.c: In function 'light_init':
../Core/Src/main.c:286:9: warning: implicit declaration of function 'ws2812_scroll_init' [-Wimplicit-function-declaration]
  286 |         ws2812_scroll_init();
      |         ^~~~~~~~~~~~~~~~~~
../Core/Src/main.c: At top level:
../Core/Src/main.c:299:6: warning: conflicting types for 'ws2812_scroll_init'; have 'void(void)'
  299 | void ws2812_scroll_init(void)// LED 시작시에 애니메이션 기능을 넣으면 좋지않을까? -> 보완해야함
      |      ^~~~~~~~~~~~~~~~~~
../Core/Src/main.c:286:9: note: previous implicit declaration of 'ws2812_scroll_init' with type 'void(void)'
  286 |         ws2812_scroll_init();
      |         ^~~~~~~~~~~~~~~~~~
../Core/Src/main.c: In function 'driving_mode_change':
../Core/Src/main.c:425:25: warning: implicit declaration of function 'rotate_rmotor' [-Wimplicit-function-declaration]
  425 |                         rotate_rmotor(1, 5, 100); // 반시계 방향 100스텝
      |                         ^~~~~~~~~~~~~
../Core/Src/main.c:426:25: warning: implicit declaration of function 'rotate_lmotor' [-Wimplicit-function-declaration]
  426 |                         rotate_lmotor(0, 5, 100); // 시계 방향 100스텝
      |                         ^~~~~~~~~~~~~
../Core/Src/main.c: At top level:
../Core/Src/main.c:680:6: warning: conflicting types for 'rotate_lmotor'; have 'void(uint8_t,  uint16_t,  uint16_t)' {aka 'void(unsigned char,  short unsigned int,  short unsigned int)'}
  680 | void rotate_lmotor(uint8_t dir, uint16_t delay_ms, uint16_t steps)
      |      ^~~~~~~~~~~~~
../Core/Src/main.c:426:25: note: previous implicit declaration of 'rotate_lmotor' with type 'void(uint8_t,  uint16_t,  uint16_t)' {aka 'void(unsigned char,  short unsigned int,  short unsigned int)'}
  426 |                         rotate_lmotor(0, 5, 100); // 시계 방향 100스텝
      |                         ^~~~~~~~~~~~~
../Core/Src/main.c:688:6: warning: conflicting types for 'rotate_rmotor'; have 'void(uint8_t,  uint16_t,  uint16_t)' {aka 'void(unsigned char,  short unsigned int,  short unsigned int)'}
  688 | void rotate_rmotor(uint8_t dir, uint16_t delay_ms, uint16_t steps)
      |      ^~~~~~~~~~~~~
../Core/Src/main.c:425:25: note: previous implicit declaration of 'rotate_rmotor' with type 'void(uint8_t,  uint16_t,  uint16_t)' {aka 'void(unsigned char,  short unsigned int,  short unsigned int)'}
  425 |                         rotate_rmotor(1, 5, 100); // 반시계 방향 100스텝
      |                         ^~~~~~~~~~~~~
../Core/Src/main.c: In function 'function':
../Core/Src/main.c:720:25: warning: passing argument 1 of 'change_state1' makes pointer from integer without a cast [-Wint-conversion]
  720 |           change_state1(data);
      |                         ^~~~
      |                         |
      |                         uint8_t {aka unsigned char}
../Core/Src/main.c:706:29: note: expected 'uint8_t *' {aka 'unsigned char *'} but argument is of type 'uint8_t' {aka 'unsigned char'}
  706 | void change_state1(uint8_t* data){
      |                    ~~~~~~~~~^~~~
../Core/Src/main.c: In function 'HAL_CAN_RxFifo0MsgPendingCallback':
../Core/Src/main.c:944:13: warning: implicit declaration of function 'snprintf' [-Wimplicit-function-declaration]
  944 |             snprintf(uartBuf, sizeof(uartBuf),
      |             ^~~~~~~~
../Core/Src/main.c:26:1: note: include '<stdio.h>' or provide a declaration of 'snprintf'
   25 | #include "gpio.h"
  +++ |+#include <stdio.h>
   26 | 
../Core/Src/main.c:944:13: warning: incompatible implicit declaration of built-in function 'snprintf' [-Wbuiltin-declaration-mismatch]
  944 |             snprintf(uartBuf, sizeof(uartBuf),
      |             ^~~~~~~~
../Core/Src/main.c:944:13: note: include '<stdio.h>' or provide a declaration of 'snprintf'
../Core/Src/main.c:945:36: warning: format '%X' expects argument of type 'unsigned int', but argument 4 has type 'uint32_t' {aka 'long unsigned int'} [-Wformat=]
  945 |                      "CAN ID: 0x%03X | DATA: %02X %02X %02X %02X %02X %02X %02X %02X\r\n",
      |                                 ~~~^
      |                                    |
      |                                    unsigned int
      |                                 %03lX
  946 |                                  canRxHeader.StdId,
      |                                  ~~~~~~~~~~~~~~~~~
      |                                             |
      |                                             uint32_t {aka long unsigned int}
../Core/Src/main.c:951:59: warning: implicit declaration of function 'strlen' [-Wimplicit-function-declaration]
  951 |             HAL_UART_Transmit(&huart2, (uint8_t*)uartBuf, strlen(uartBuf), HAL_MAX_DELAY);
      |                                                           ^~~~~~
../Core/Src/main.c:26:1: note: include '<string.h>' or provide a declaration of 'strlen'
   25 | #include "gpio.h"
  +++ |+#include <string.h>
   26 | 
../Core/Src/main.c:951:59: warning: incompatible implicit declaration of built-in function 'strlen' [-Wbuiltin-declaration-mismatch]
  951 |             HAL_UART_Transmit(&huart2, (uint8_t*)uartBuf, strlen(uartBuf), HAL_MAX_DELAY);
      |                                                           ^~~~~~
../Core/Src/main.c:951:59: note: include '<string.h>' or provide a declaration of 'strlen'
arm-none-eabi-gcc -o "lowbeamtest3.elf" @"objects.list"   -mcpu=cortex-m3 -T"C:\Users\USER\Desktop\DrivingConvenience\actuator\STM32F103RBTX_FLASH.ld" --specs=nosys.specs -Wl,-Map="lowbeamtest3.map" -Wl,--gc-sections -static --specs=nano.specs -mfloat-abi=soft -mthumb -Wl,--start-group -lc -lm -Wl,--end-group
Finished building target: lowbeamtest3.elf
 
arm-none-eabi-size  lowbeamtest3.elf 
arm-none-eabi-objdump -h -S lowbeamtest3.elf  > "lowbeamtest3.list"
   text	   data	    bss	    dec	    hex	filename
  23604	    108	   4236	  27948	   6d2c	lowbeamtest3.elf
Finished building: default.size.stdout
 
Finished building: lowbeamtest3.list
 
14:09:31 **** Incremental Build of configuration Debug for project lowbeamtest3 ****
make -j12 all 
arm-none-eabi-size  lowbeamtest3.elf 
   text	   data	    bss	    dec	    hex	filename
  23604	    108	   4236	  27948	   6d2c	lowbeamtest3.elf
Finished building: default.size.stdout
 
14:10:08 **** Incremental Build of configuration Debug for project lowbeamtest3 ****
make -j12 all 
arm-none-eabi-gcc "../Core/Src/main.c" -mcpu=cortex-m3 -std=gnu11 -g3 -DDEBUG -DUSE_HAL_DRIVER -DSTM32F103xB -c -I../Core/Inc -I../Drivers/STM32F1xx_HAL_Driver/Inc -I../Drivers/STM32F1xx_HAL_Driver/Inc/Legacy -I../Drivers/CMSIS/Device/ST/STM32F1xx/Include -I../Drivers/CMSIS/Include -O0 -ffunction-sections -fdata-sections -Wall -fstack-usage -fcyclomatic-complexity -MMD -MP -MF"Core/Src/main.d" -MT"Core/Src/main.o" --specs=nano.specs -mfloat-abi=soft -mthumb -o "Core/Src/main.o"
../Core/Src/main.c: In function 'can_init':
../Core/Src/main.c:201:6: warning: type of 'filter_mask' defaults to 'int' [-Wimplicit-int]
  201 | void can_init(filter_mask,filter_id){
      |      ^~~~~~~~
../Core/Src/main.c:201:6: warning: type of 'filter_id' defaults to 'int' [-Wimplicit-int]
../Core/Src/main.c:203:9: warning: implicit declaration of function 'filter_init' [-Wimplicit-function-declaration]
  203 |         filter_init(filter_mask, filter_id);
      |         ^~~~~~~~~~~
../Core/Src/main.c: In function 'light_init':
../Core/Src/main.c:286:9: warning: implicit declaration of function 'ws2812_scroll_init' [-Wimplicit-function-declaration]
  286 |         ws2812_scroll_init();
      |         ^~~~~~~~~~~~~~~~~~
../Core/Src/main.c: At top level:
../Core/Src/main.c:299:6: warning: conflicting types for 'ws2812_scroll_init'; have 'void(void)'
  299 | void ws2812_scroll_init(void)// LED 시작시에 애니메이션 기능을 넣으면 좋지않을까? -> 보완해야함
      |      ^~~~~~~~~~~~~~~~~~
../Core/Src/main.c:286:9: note: previous implicit declaration of 'ws2812_scroll_init' with type 'void(void)'
  286 |         ws2812_scroll_init();
      |         ^~~~~~~~~~~~~~~~~~
../Core/Src/main.c: In function 'driving_mode_change':
../Core/Src/main.c:425:25: warning: implicit declaration of function 'rotate_rmotor' [-Wimplicit-function-declaration]
  425 |                         rotate_rmotor(1, 5, 100); // 반시계 방향 100스텝
      |                         ^~~~~~~~~~~~~
../Core/Src/main.c:426:25: warning: implicit declaration of function 'rotate_lmotor' [-Wimplicit-function-declaration]
  426 |                         rotate_lmotor(0, 5, 100); // 시계 방향 100스텝
      |                         ^~~~~~~~~~~~~
../Core/Src/main.c: At top level:
../Core/Src/main.c:680:6: warning: conflicting types for 'rotate_lmotor'; have 'void(uint8_t,  uint16_t,  uint16_t)' {aka 'void(unsigned char,  short unsigned int,  short unsigned int)'}
  680 | void rotate_lmotor(uint8_t dir, uint16_t delay_ms, uint16_t steps)
      |      ^~~~~~~~~~~~~
../Core/Src/main.c:426:25: note: previous implicit declaration of 'rotate_lmotor' with type 'void(uint8_t,  uint16_t,  uint16_t)' {aka 'void(unsigned char,  short unsigned int,  short unsigned int)'}
  426 |                         rotate_lmotor(0, 5, 100); // 시계 방향 100스텝
      |                         ^~~~~~~~~~~~~
../Core/Src/main.c:688:6: warning: conflicting types for 'rotate_rmotor'; have 'void(uint8_t,  uint16_t,  uint16_t)' {aka 'void(unsigned char,  short unsigned int,  short unsigned int)'}
  688 | void rotate_rmotor(uint8_t dir, uint16_t delay_ms, uint16_t steps)
      |      ^~~~~~~~~~~~~
../Core/Src/main.c:425:25: note: previous implicit declaration of 'rotate_rmotor' with type 'void(uint8_t,  uint16_t,  uint16_t)' {aka 'void(unsigned char,  short unsigned int,  short unsigned int)'}
  425 |                         rotate_rmotor(1, 5, 100); // 반시계 방향 100스텝
      |                         ^~~~~~~~~~~~~
../Core/Src/main.c: In function 'function':
../Core/Src/main.c:720:25: warning: passing argument 1 of 'change_state1' makes pointer from integer without a cast [-Wint-conversion]
  720 |           change_state1(data);
      |                         ^~~~
      |                         |
      |                         uint8_t {aka unsigned char}
../Core/Src/main.c:706:29: note: expected 'uint8_t *' {aka 'unsigned char *'} but argument is of type 'uint8_t' {aka 'unsigned char'}
  706 | void change_state1(uint8_t* data){
      |                    ~~~~~~~~~^~~~
../Core/Src/main.c: In function 'HAL_CAN_RxFifo0MsgPendingCallback':
../Core/Src/main.c:944:13: warning: implicit declaration of function 'snprintf' [-Wimplicit-function-declaration]
  944 |             snprintf(uartBuf, sizeof(uartBuf),
      |             ^~~~~~~~
../Core/Src/main.c:26:1: note: include '<stdio.h>' or provide a declaration of 'snprintf'
   25 | #include "gpio.h"
  +++ |+#include <stdio.h>
   26 | 
../Core/Src/main.c:944:13: warning: incompatible implicit declaration of built-in function 'snprintf' [-Wbuiltin-declaration-mismatch]
  944 |             snprintf(uartBuf, sizeof(uartBuf),
      |             ^~~~~~~~
../Core/Src/main.c:944:13: note: include '<stdio.h>' or provide a declaration of 'snprintf'
../Core/Src/main.c:945:36: warning: format '%X' expects argument of type 'unsigned int', but argument 4 has type 'uint32_t' {aka 'long unsigned int'} [-Wformat=]
  945 |                      "CAN ID: 0x%03X | DATA: %02X %02X %02X %02X %02X %02X %02X %02X\r\n",
      |                                 ~~~^
      |                                    |
      |                                    unsigned int
      |                                 %03lX
  946 |                                  canRxHeader.StdId,
      |                                  ~~~~~~~~~~~~~~~~~
      |                                             |
      |                                             uint32_t {aka long unsigned int}
../Core/Src/main.c:951:59: warning: implicit declaration of function 'strlen' [-Wimplicit-function-declaration]
  951 |             HAL_UART_Transmit(&huart2, (uint8_t*)uartBuf, strlen(uartBuf), HAL_MAX_DELAY);
      |                                                           ^~~~~~
../Core/Src/main.c:26:1: note: include '<string.h>' or provide a declaration of 'strlen'
   25 | #include "gpio.h"
  +++ |+#include <string.h>
   26 | 
../Core/Src/main.c:951:59: warning: incompatible implicit declaration of built-in function 'strlen' [-Wbuiltin-declaration-mismatch]
  951 |             HAL_UART_Transmit(&huart2, (uint8_t*)uartBuf, strlen(uartBuf), HAL_MAX_DELAY);
      |                                                           ^~~~~~
../Core/Src/main.c:951:59: note: include '<string.h>' or provide a declaration of 'strlen'
arm-none-eabi-gcc -o "lowbeamtest3.elf" @"objects.list"   -mcpu=cortex-m3 -T"C:\Users\USER\Desktop\DrivingConvenience\actuator\STM32F103RBTX_FLASH.ld" --specs=nosys.specs -Wl,-Map="lowbeamtest3.map" -Wl,--gc-sections -static --specs=nano.specs -mfloat-abi=soft -mthumb -Wl,--start-group -lc -lm -Wl,--end-group
Finished building target: lowbeamtest3.elf
 
arm-none-eabi-size  lowbeamtest3.elf 
arm-none-eabi-objdump -h -S lowbeamtest3.elf  > "lowbeamtest3.list"
   text	   data	    bss	    dec	    hex	filename
  23596	    108	   4236	  27940	   6d24	lowbeamtest3.elf
Finished building: default.size.stdout
 
Finished building: lowbeamtest3.list
 
