Archive member included to satisfy reference by file (symbol)

C:/ST/STM32CubeIDE_1.17.0/STM32CubeIDE/plugins/com.st.stm32cube.ide.mcu.externaltools.gnu-tools-for-stm32.12.3.rel1.win32_1.1.0.202410251130/tools/bin/../lib/gcc/arm-none-eabi/12.3.1/../../../../arm-none-eabi/lib/thumb/v7-m/nofp\libc_nano.a(libc_a-exit.o)
                              C:/ST/STM32CubeIDE_1.17.0/STM32CubeIDE/plugins/com.st.stm32cube.ide.mcu.externaltools.gnu-tools-for-stm32.12.3.rel1.win32_1.1.0.202410251130/tools/bin/../lib/gcc/arm-none-eabi/12.3.1/../../../../arm-none-eabi/lib/thumb/v7-m/nofp/crt0.o (exit)
C:/ST/STM32CubeIDE_1.17.0/STM32CubeIDE/plugins/com.st.stm32cube.ide.mcu.externaltools.gnu-tools-for-stm32.12.3.rel1.win32_1.1.0.202410251130/tools/bin/../lib/gcc/arm-none-eabi/12.3.1/../../../../arm-none-eabi/lib/thumb/v7-m/nofp\libc_nano.a(libc_a-findfp.o)
                              C:/ST/STM32CubeIDE_1.17.0/STM32CubeIDE/plugins/com.st.stm32cube.ide.mcu.externaltools.gnu-tools-for-stm32.12.3.rel1.win32_1.1.0.202410251130/tools/bin/../lib/gcc/arm-none-eabi/12.3.1/../../../../arm-none-eabi/lib/thumb/v7-m/nofp\libc_nano.a(libc_a-exit.o) (__stdio_exit_handler)
C:/ST/STM32CubeIDE_1.17.0/STM32CubeIDE/plugins/com.st.stm32cube.ide.mcu.externaltools.gnu-tools-for-stm32.12.3.rel1.win32_1.1.0.202410251130/tools/bin/../lib/gcc/arm-none-eabi/12.3.1/../../../../arm-none-eabi/lib/thumb/v7-m/nofp\libc_nano.a(libc_a-fwalk.o)
                              C:/ST/STM32CubeIDE_1.17.0/STM32CubeIDE/plugins/com.st.stm32cube.ide.mcu.externaltools.gnu-tools-for-stm32.12.3.rel1.win32_1.1.0.202410251130/tools/bin/../lib/gcc/arm-none-eabi/12.3.1/../../../../arm-none-eabi/lib/thumb/v7-m/nofp\libc_nano.a(libc_a-findfp.o) (_fwalk_sglue)
C:/ST/STM32CubeIDE_1.17.0/STM32CubeIDE/plugins/com.st.stm32cube.ide.mcu.externaltools.gnu-tools-for-stm32.12.3.rel1.win32_1.1.0.202410251130/tools/bin/../lib/gcc/arm-none-eabi/12.3.1/../../../../arm-none-eabi/lib/thumb/v7-m/nofp\libc_nano.a(libc_a-snprintf.o)
                              ./src/hw/driver/can.o (snprintf)
C:/ST/STM32CubeIDE_1.17.0/STM32CubeIDE/plugins/com.st.stm32cube.ide.mcu.externaltools.gnu-tools-for-stm32.12.3.rel1.win32_1.1.0.202410251130/tools/bin/../lib/gcc/arm-none-eabi/12.3.1/../../../../arm-none-eabi/lib/thumb/v7-m/nofp\libc_nano.a(libc_a-stdio.o)
                              C:/ST/STM32CubeIDE_1.17.0/STM32CubeIDE/plugins/com.st.stm32cube.ide.mcu.externaltools.gnu-tools-for-stm32.12.3.rel1.win32_1.1.0.202410251130/tools/bin/../lib/gcc/arm-none-eabi/12.3.1/../../../../arm-none-eabi/lib/thumb/v7-m/nofp\libc_nano.a(libc_a-findfp.o) (__sread)
C:/ST/STM32CubeIDE_1.17.0/STM32CubeIDE/plugins/com.st.stm32cube.ide.mcu.externaltools.gnu-tools-for-stm32.12.3.rel1.win32_1.1.0.202410251130/tools/bin/../lib/gcc/arm-none-eabi/12.3.1/../../../../arm-none-eabi/lib/thumb/v7-m/nofp\libc_nano.a(libc_a-memset.o)
                              C:/ST/STM32CubeIDE_1.17.0/STM32CubeIDE/plugins/com.st.stm32cube.ide.mcu.externaltools.gnu-tools-for-stm32.12.3.rel1.win32_1.1.0.202410251130/tools/bin/../lib/gcc/arm-none-eabi/12.3.1/../../../../arm-none-eabi/lib/thumb/v7-m/nofp/crt0.o (memset)
C:/ST/STM32CubeIDE_1.17.0/STM32CubeIDE/plugins/com.st.stm32cube.ide.mcu.externaltools.gnu-tools-for-stm32.12.3.rel1.win32_1.1.0.202410251130/tools/bin/../lib/gcc/arm-none-eabi/12.3.1/../../../../arm-none-eabi/lib/thumb/v7-m/nofp\libc_nano.a(libc_a-closer.o)
                              C:/ST/STM32CubeIDE_1.17.0/STM32CubeIDE/plugins/com.st.stm32cube.ide.mcu.externaltools.gnu-tools-for-stm32.12.3.rel1.win32_1.1.0.202410251130/tools/bin/../lib/gcc/arm-none-eabi/12.3.1/../../../../arm-none-eabi/lib/thumb/v7-m/nofp\libc_nano.a(libc_a-stdio.o) (_close_r)
C:/ST/STM32CubeIDE_1.17.0/STM32CubeIDE/plugins/com.st.stm32cube.ide.mcu.externaltools.gnu-tools-for-stm32.12.3.rel1.win32_1.1.0.202410251130/tools/bin/../lib/gcc/arm-none-eabi/12.3.1/../../../../arm-none-eabi/lib/thumb/v7-m/nofp\libc_nano.a(libc_a-reent.o)
                              C:/ST/STM32CubeIDE_1.17.0/STM32CubeIDE/plugins/com.st.stm32cube.ide.mcu.externaltools.gnu-tools-for-stm32.12.3.rel1.win32_1.1.0.202410251130/tools/bin/../lib/gcc/arm-none-eabi/12.3.1/../../../../arm-none-eabi/lib/thumb/v7-m/nofp\libc_nano.a(libc_a-closer.o) (errno)
C:/ST/STM32CubeIDE_1.17.0/STM32CubeIDE/plugins/com.st.stm32cube.ide.mcu.externaltools.gnu-tools-for-stm32.12.3.rel1.win32_1.1.0.202410251130/tools/bin/../lib/gcc/arm-none-eabi/12.3.1/../../../../arm-none-eabi/lib/thumb/v7-m/nofp\libc_nano.a(libc_a-impure.o)
                              C:/ST/STM32CubeIDE_1.17.0/STM32CubeIDE/plugins/com.st.stm32cube.ide.mcu.externaltools.gnu-tools-for-stm32.12.3.rel1.win32_1.1.0.202410251130/tools/bin/../lib/gcc/arm-none-eabi/12.3.1/../../../../arm-none-eabi/lib/thumb/v7-m/nofp\libc_nano.a(libc_a-snprintf.o) (_impure_ptr)
[...]
Memory Configuration

Name             Origin             Length             Attributes
RAM              0x20000000         0x00005000         xrw
FLASH            0x08000000         0x00020000         xr
*default*        0x00000000         0xffffffff

Linker script and memory map

LOAD C:/ST/STM32CubeIDE_1.17.0/STM32CubeIDE/plugins/com.st.stm32cube.ide.mcu.externaltools.gnu-tools-for-stm32.12.3.rel1.win32_1.1.0.202410251130/tools/bin/../lib/gcc/arm-none-eabi/12.3.1/thumb/v7-m/nofp/crti.o
LOAD C:/ST/STM32CubeIDE_1.17.0/STM32CubeIDE/plugins/com.st.stm32cube.ide.mcu.externaltools.gnu-tools-for-stm32.12.3.rel1.win32_1.1.0.202410251130/tools/bin/../lib/gcc/arm-none-eabi/12.3.1/thumb/v7-m/nofp/crtbegin.o
LOAD C:/ST/STM32CubeIDE_1.17.0/STM32CubeIDE/plugins/com.st.stm32cube.ide.mcu.externaltools.gnu-tools-for-stm32.12.3.rel1.win32_1.1.0.202410251130/tools/bin/../lib/gcc/arm-none-eabi/12.3.1/../../../../arm-none-eabi/lib/thumb/v7-m/nofp/crt0.o
LOAD ./src/ap/ap.o
LOAD ./src/bsp/bsp.o
LOAD ./src/bsp/stm32f1xx_hal_msp.o
LOAD ./src/bsp/stm32f1xx_it.o
LOAD ./src/bsp/syscalls.o
LOAD ./src/bsp/sysmem.o
LOAD ./src/bsp/system_stm32f1xx.o
LOAD ./src/bsp/startup/startup_stm32f103rbtx.o
LOAD ./src/hw/driver/can.o
LOAD ./src/hw/driver/gpio.o
LOAD ./src/hw/driver/usart.o
LOAD ./src/hw/hw.o
LOAD ./src/lib/Drivers/STM32F1xx_HAL_Driver/Src/stm32f1xx_hal.o
LOAD ./src/lib/Drivers/STM32F1xx_HAL_Driver/Src/stm32f1xx_hal_can.o
LOAD ./src/lib/Drivers/STM32F1xx_HAL_Driver/Src/stm32f1xx_hal_cortex.o
LOAD ./src/lib/Drivers/STM32F1xx_HAL_Driver/Src/stm32f1xx_hal_dma.o
LOAD ./src/lib/Drivers/STM32F1xx_HAL_Driver/Src/stm32f1xx_hal_exti.o
LOAD ./src/lib/Drivers/STM32F1xx_HAL_Driver/Src/stm32f1xx_hal_flash.o
LOAD ./src/lib/Drivers/STM32F1xx_HAL_Driver/Src/stm32f1xx_hal_flash_ex.o
LOAD ./src/lib/Drivers/STM32F1xx_HAL_Driver/Src/stm32f1xx_hal_gpio.o
LOAD ./src/lib/Drivers/STM32F1xx_HAL_Driver/Src/stm32f1xx_hal_gpio_ex.o
LOAD ./src/lib/Drivers/STM32F1xx_HAL_Driver/Src/stm32f1xx_hal_pwr.o
LOAD ./src/lib/Drivers/STM32F1xx_HAL_Driver/Src/stm32f1xx_hal_rcc.o
LOAD ./src/lib/Drivers/STM32F1xx_HAL_Driver/Src/stm32f1xx_hal_rcc_ex.o
LOAD ./src/lib/Drivers/STM32F1xx_HAL_Driver/Src/stm32f1xx_hal_uart.o
LOAD ./src/main.o
START GROUP
LOAD C:/ST/STM32CubeIDE_1.17.0/STM32CubeIDE/plugins/com.st.stm32cube.ide.mcu.externaltools.gnu-tools-for-stm32.12.3.rel1.win32_1.1.0.202410251130/tools/bin/../lib/gcc/arm-none-eabi/12.3.1/../../../../arm-none-eabi/lib/thumb/v7-m/nofp\libc_nano.a
LOAD C:/ST/STM32CubeIDE_1.17.0/STM32CubeIDE/plugins/com.st.stm32cube.ide.mcu.externaltools.gnu-tools-for-stm32.12.3.rel1.win32_1.1.0.202410251130/tools/bin/../lib/gcc/arm-none-eabi/12.3.1/../../../../arm-none-eabi/lib/thumb/v7-m/nofp\libm.a
END GROUP
START GROUP
LOAD C:/ST/STM32CubeIDE_1.17.0/STM32CubeIDE/plugins/com.st.stm32cube.ide.mcu.externaltools.gnu-tools-for-stm32.12.3.rel1.win32_1.1.0.202410251130/tools/bin/../lib/gcc/arm-none-eabi/12.3.1/thumb/v7-m/nofp\libgcc.a
LOAD C:/ST/STM32CubeIDE_1.17.0/STM32CubeIDE/plugins/com.st.stm32cube.ide.mcu.externaltools.gnu-tools-for-stm32.12.3.rel1.win32_1.1.0.202410251130/tools/bin/../lib/gcc/arm-none-eabi/12.3.1/../../../../arm-none-eabi/lib/thumb/v7-m/nofp\libc_nano.a
END GROUP
START GROUP
LOAD C:/ST/STM32CubeIDE_1.17.0/STM32CubeIDE/plugins/com.st.stm32cube.ide.mcu.externaltools.gnu-tools-for-stm32.12.3.rel1.win32_1.1.0.202410251130/tools/bin/../lib/gcc/arm-none-eabi/12.3.1/thumb/v7-m/nofp\libgcc.a
LOAD C:/ST/STM32CubeIDE_1.17.0/STM32CubeIDE/plugins/com.st.stm32cube.ide.mcu.externaltools.gnu-tools-for-stm32.12.3.rel1.win32_1.1.0.202410251130/tools/bin/../lib/gcc/arm-none-eabi/12.3.1/../../../../arm-none-eabi/lib/thumb/v7-m/nofp\libc_nano.a
LOAD C:/ST/STM32CubeIDE_1.17.0/STM32CubeIDE/plugins/com.st.stm32cube.ide.mcu.externaltools.gnu-tools-for-stm32.12.3.rel1.win32_1.1.0.202410251130/tools/bin/../lib/gcc/arm-none-eabi/12.3.1/../../../../arm-none-eabi/lib/thumb/v7-m/nofp\libnosys.a
END GROUP
START GROUP
LOAD C:/ST/STM32CubeIDE_1.17.0/STM32CubeIDE/plugins/com.st.stm32cube.ide.mcu.externaltools.gnu-tools-for-stm32.12.3.rel1.win32_1.1.0.202410251130/tools/bin/../lib/gcc/arm-none-eabi/12.3.1/thumb/v7-m/nofp\libgcc.a
LOAD C:/ST/STM32CubeIDE_1.17.0/STM32CubeIDE/plugins/com.st.stm32cube.ide.mcu.externaltools.gnu-tools-for-stm32.12.3.rel1.win32_1.1.0.202410251130/tools/bin/../lib/gcc/arm-none-eabi/12.3.1/../../../../arm-none-eabi/lib/thumb/v7-m/nofp\libc_nano.a
LOAD C:/ST/STM32CubeIDE_1.17.0/STM32CubeIDE/plugins/com.st.stm32cube.ide.mcu.externaltools.gnu-tools-for-stm32.12.3.rel1.win32_1.1.0.202410251130/tools/bin/../lib/gcc/arm-none-eabi/12.3.1/../../../../arm-none-eabi/lib/thumb/v7-m/nofp\libnosys.a
END GROUP
LOAD C:/ST/STM32CubeIDE_1.17.0/STM32CubeIDE/plugins/com.st.stm32cube.ide.mcu.externaltools.gnu-tools-for-stm32.12.3.rel1.win32_1.1.0.202410251130/tools/bin/../lib/gcc/arm-none-eabi/12.3.1/thumb/v7-m/nofp/crtend.o
LOAD C:/ST/STM32CubeIDE_1.17.0/STM32CubeIDE/plugins/com.st.stm32cube.ide.mcu.externaltools.gnu-tools-for-stm32.12.3.rel1.win32_1.1.0.202410251130/tools/bin/../lib/gcc/arm-none-eabi/12.3.1/thumb/v7-m/nofp/crtn.o
                0x20005000                        _estack = (ORIGIN (RAM) + LENGTH (RAM))
                0x00000200                        _Min_Heap_Size = 0x200
                0x00000400                        _Min_Stack_Size = 0x400

.isr_vector     0x08000000      0x10c
                0x08000000                        . = ALIGN (0x4)
 *(.isr_vector)
 .isr_vector    0x08000000      0x10c ./src/bsp/startup/startup_stm32f103rbtx.o
                0x08000000                g_pfnVectors
                0x0800010c                        . = ALIGN (0x4)

.text           0x0800010c     0x3134
                0x0800010c                        . = ALIGN (0x4)
 *(.text)
 .text          0x0800010c       0x40 C:/ST/STM32CubeIDE_1.17.0/STM32CubeIDE/plugins/com.st.stm32cube.ide.mcu.externaltools.gnu-tools-for-stm32.12.3.rel1.win32_1.1.0.202410251130/tools/bin/../lib/gcc/arm-none-eabi/12.3.1/thumb/v7-m/nofp/crtbegin.o
 .text          0x0800014c       0x10 C:/ST/STM32CubeIDE_1.17.0/STM32CubeIDE/plugins/com.st.stm32cube.ide.mcu.externaltools.gnu-tools-for-stm32.12.3.rel1.win32_1.1.0.202410251130/tools/bin/../lib/gcc/arm-none-eabi/12.3.1/../../../../arm-none-eabi/lib/thumb/v7-m/nofp\libc_nano.a(libc_a-strlen.o)
                0x0800014c                strlen
 *(.text*)
 .text.ap_init  0x0800015c       0x14 ./src/ap/ap.o
                0x0800015c                ap_init
 .text.ap_main  0x08000170       0x20 ./src/ap/ap.o
                0x08000170                ap_main
 .text.bsp_init
                0x08000190       0x10 ./src/bsp/bsp.o
                0x08000190                bsp_init
 .text.delay    0x080001a0       0x16 ./src/bsp/bsp.o
                0x080001a0                delay
 .text.SystemClock_Config
                0x080001b6       0x82 ./src/bsp/bsp.o
                0x080001b6                SystemClock_Config
 .text.Error_Handler
                0x08000238        0xc ./src/bsp/bsp.o
                0x08000238                Error_Handler
 .text.HAL_MspInit
                0x08000244       0x64 ./src/bsp/stm32f1xx_hal_msp.o
                0x08000244                HAL_MspInit
 .text.NMI_Handler
                0x080002a8        0x8 ./src/bsp/stm32f1xx_it.o
                0x080002a8                NMI_Handler
 .text.HardFault_Handler
                0x080002b0        0x8 ./src/bsp/stm32f1xx_it.o
                0x080002b0                HardFault_Handler
 .text.MemManage_Handler
                0x080002b8        0x8 ./src/bsp/stm32f1xx_it.o
                0x080002b8                MemManage_Handler
 .text.BusFault_Handler
                0x080002c0        0x8 ./src/bsp/stm32f1xx_it.o
                0x080002c0                BusFault_Handler
 .text.UsageFault_Handler
                0x080002c8        0x8 ./src/bsp/stm32f1xx_it.o
                0x080002c8                UsageFault_Handler
 .text.SVC_Handler
                0x080002d0        0xc ./src/bsp/stm32f1xx_it.o
                0x080002d0                SVC_Handler
 .text.DebugMon_Handler
                0x080002dc        0xc ./src/bsp/stm32f1xx_it.o
                0x080002dc                DebugMon_Handler
 .text.PendSV_Handler
                0x080002e8        0xc ./src/bsp/stm32f1xx_it.o
                0x080002e8                PendSV_Handler
 .text.SysTick_Handler
                0x080002f4        0xc ./src/bsp/stm32f1xx_it.o
                0x080002f4                SysTick_Handler
 .text.USB_LP_CAN1_RX0_IRQHandler
                0x08000300       0x14 ./src/bsp/stm32f1xx_it.o
                0x08000300                USB_LP_CAN1_RX0_IRQHandler
 .text.EXTI15_10_IRQHandler
                0x08000314       0x10 ./src/bsp/stm32f1xx_it.o
                0x08000314                EXTI15_10_IRQHandler
 .text._sbrk    0x08000324       0x6c ./src/bsp/sysmem.o
                0x08000324                _sbrk
 .text.SystemInit
                0x08000390        0xc ./src/bsp/system_stm32f1xx.o
                0x08000390                SystemInit
 .text.Reset_Handler
                0x0800039c       0x48 ./src/bsp/startup/startup_stm32f103rbtx.o
                0x0800039c                Reset_Handler
 .text.Default_Handler
                0x080003e4        0x2 ./src/bsp/startup/startup_stm32f103rbtx.o
                0x080003e4                RTC_Alarm_IRQHandler
                0x080003e4                EXTI2_IRQHandler
                0x080003e4                TIM1_CC_IRQHandler
                0x080003e4                PVD_IRQHandler
                0x080003e4                EXTI3_IRQHandler
                0x080003e4                EXTI0_IRQHandler
                0x080003e4                I2C2_EV_IRQHandler
                0x080003e4                ADC1_2_IRQHandler
                0x080003e4                SPI1_IRQHandler
                0x080003e4                TAMPER_IRQHandler
                0x080003e4                DMA1_Channel4_IRQHandler
                0x080003e4                USART3_IRQHandler
                0x080003e4                RTC_IRQHandler
                0x080003e4                DMA1_Channel7_IRQHandler
                0x080003e4                CAN1_RX1_IRQHandler
                0x080003e4                TIM4_IRQHandler
                0x080003e4                I2C1_EV_IRQHandler
                0x080003e4                DMA1_Channel6_IRQHandler
                0x080003e4                TIM3_IRQHandler
                0x080003e4                RCC_IRQHandler
                0x080003e4                TIM1_TRG_COM_IRQHandler
                0x080003e4                DMA1_Channel1_IRQHandler
                0x080003e4                Default_Handler
                0x080003e4                EXTI9_5_IRQHandler
                0x080003e4                SPI2_IRQHandler
                0x080003e4                DMA1_Channel5_IRQHandler
                0x080003e4                EXTI4_IRQHandler
                0x080003e4                USB_HP_CAN1_TX_IRQHandler
                0x080003e4                DMA1_Channel3_IRQHandler
                0x080003e4                TIM1_UP_IRQHandler
                0x080003e4                WWDG_IRQHandler
                0x080003e4                TIM2_IRQHandler
                0x080003e4                TIM1_BRK_IRQHandler
                0x080003e4                EXTI1_IRQHandler
                0x080003e4                USART2_IRQHandler
                0x080003e4                I2C2_ER_IRQHandler
                0x080003e4                DMA1_Channel2_IRQHandler
                0x080003e4                CAN1_SCE_IRQHandler
                0x080003e4                FLASH_IRQHandler
                0x080003e4                USART1_IRQHandler
                0x080003e4                I2C1_ER_IRQHandler
                0x080003e4                USBWakeUp_IRQHandler
 *fill*         0x080003e6        0x2 
 .text.MX_CAN_Init
                0x080003e8       0x6c ./src/hw/driver/can.o
                0x080003e8                MX_CAN_Init
 .text.HAL_CAN_MspInit
                0x08000454       0xa8 ./src/hw/driver/can.o
                0x08000454                HAL_CAN_MspInit
 .text.filter_init
                0x080004fc       0x60 ./src/hw/driver/can.o
                0x080004fc                filter_init
 .text.send_message
                0x0800055c       0x78 ./src/hw/driver/can.o
                0x0800055c                send_message
 .text.can_init
                0x080005d4       0x2c ./src/hw/driver/can.o
                0x080005d4                can_init
 .text.print_message
                0x08000600       0x98 ./src/hw/driver/can.o
                0x08000600                print_message
 .text.MX_GPIO_Init
                0x08000698       0xdc ./src/hw/driver/gpio.o
                0x08000698                MX_GPIO_Init
 .text.MX_USART2_UART_Init
                0x08000774       0x54 ./src/hw/driver/usart.o
                0x08000774                MX_USART2_UART_Init
 .text.HAL_UART_MspInit
                0x080007c8       0x7c ./src/hw/driver/usart.o
                0x080007c8                HAL_UART_MspInit
 .text.hw_init  0x08000844       0x18 ./src/hw/hw.o
                0x08000844                hw_init
 .text.HAL_Init
                0x0800085c       0x2c ./src/lib/Drivers/STM32F1xx_HAL_Driver/Src/stm32f1xx_hal.o
                0x0800085c                HAL_Init
 .text.HAL_InitTick
                0x08000888       0x60 ./src/lib/Drivers/STM32F1xx_HAL_Driver/Src/stm32f1xx_hal.o
                0x08000888                HAL_InitTick
 .text.HAL_IncTick
                0x080008e8       0x24 ./src/lib/Drivers/STM32F1xx_HAL_Driver/Src/stm32f1xx_hal.o
                0x080008e8                HAL_IncTick
 .text.HAL_GetTick
                0x0800090c       0x14 ./src/lib/Drivers/STM32F1xx_HAL_Driver/Src/stm32f1xx_hal.o
                0x0800090c                HAL_GetTick
 .text.HAL_Delay
                0x08000920       0x48 ./src/lib/Drivers/STM32F1xx_HAL_Driver/Src/stm32f1xx_hal.o
                0x08000920                HAL_Delay
 .text.HAL_CAN_Init
                0x08000968      0x1f6 ./src/lib/Drivers/STM32F1xx_HAL_Driver/Src/stm32f1xx_hal_can.o
                0x08000968                HAL_CAN_Init
 .text.HAL_CAN_ConfigFilter
                0x08000b5e      0x192 ./src/lib/Drivers/STM32F1xx_HAL_Driver/Src/stm32f1xx_hal_can.o
                0x08000b5e                HAL_CAN_ConfigFilter
 .text.HAL_CAN_Start
                0x08000cf0       0x88 ./src/lib/Drivers/STM32F1xx_HAL_Driver/Src/stm32f1xx_hal_can.o
                0x08000cf0                HAL_CAN_Start
 .text.HAL_CAN_AddTxMessage
                0x08000d78      0x19e ./src/lib/Drivers/STM32F1xx_HAL_Driver/Src/stm32f1xx_hal_can.o
                0x08000d78                HAL_CAN_AddTxMessage
 .text.HAL_CAN_GetTxMailboxesFreeLevel
                0x08000f16       0x68 ./src/lib/Drivers/STM32F1xx_HAL_Driver/Src/stm32f1xx_hal_can.o
                0x08000f16                HAL_CAN_GetTxMailboxesFreeLevel
 .text.HAL_CAN_GetRxMessage
                0x08000f7e      0x242 ./src/lib/Drivers/STM32F1xx_HAL_Driver/Src/stm32f1xx_hal_can.o
                0x08000f7e                HAL_CAN_GetRxMessage
 .text.HAL_CAN_ActivateNotification
                0x080011c0       0x4a ./src/lib/Drivers/STM32F1xx_HAL_Driver/Src/stm32f1xx_hal_can.o
                0x080011c0                HAL_CAN_ActivateNotification
 .text.HAL_CAN_IRQHandler
                0x0800120a      0x36e ./src/lib/Drivers/STM32F1xx_HAL_Driver/Src/stm32f1xx_hal_can.o
                0x0800120a                HAL_CAN_IRQHandler
 .text.HAL_CAN_TxMailbox0CompleteCallback
                0x08001578       0x12 ./src/lib/Drivers/STM32F1xx_HAL_Driver/Src/stm32f1xx_hal_can.o
                0x08001578                HAL_CAN_TxMailbox0CompleteCallback
 .text.HAL_CAN_TxMailbox1CompleteCallback
                0x0800158a       0x12 ./src/lib/Drivers/STM32F1xx_HAL_Driver/Src/stm32f1xx_hal_can.o
                0x0800158a                HAL_CAN_TxMailbox1CompleteCallback
 .text.HAL_CAN_TxMailbox2CompleteCallback
                0x0800159c       0x12 ./src/lib/Drivers/STM32F1xx_HAL_Driver/Src/stm32f1xx_hal_can.o
                0x0800159c                HAL_CAN_TxMailbox2CompleteCallback
 .text.HAL_CAN_TxMailbox0AbortCallback
                0x080015ae       0x12 ./src/lib/Drivers/STM32F1xx_HAL_Driver/Src/stm32f1xx_hal_can.o
                0x080015ae                HAL_CAN_TxMailbox0AbortCallback
 .text.HAL_CAN_TxMailbox1AbortCallback
                0x080015c0       0x12 ./src/lib/Drivers/STM32F1xx_HAL_Driver/Src/stm32f1xx_hal_can.o
                0x080015c0                HAL_CAN_TxMailbox1AbortCallback
 .text.HAL_CAN_TxMailbox2AbortCallback
                0x080015d2       0x12 ./src/lib/Drivers/STM32F1xx_HAL_Driver/Src/stm32f1xx_hal_can.o
                0x080015d2                HAL_CAN_TxMailbox2AbortCallback
 .text.HAL_CAN_RxFifo0FullCallback
                0x080015e4       0x12 ./src/lib/Drivers/STM32F1xx_HAL_Driver/Src/stm32f1xx_hal_can.o
                0x080015e4                HAL_CAN_RxFifo0FullCallback
 .text.HAL_CAN_RxFifo1MsgPendingCallback
                0x080015f6       0x12 ./src/lib/Drivers/STM32F1xx_HAL_Driver/Src/stm32f1xx_hal_can.o
                0x080015f6                HAL_CAN_RxFifo1MsgPendingCallback
 .text.HAL_CAN_RxFifo1FullCallback
                0x08001608       0x12 ./src/lib/Drivers/STM32F1xx_HAL_Driver/Src/stm32f1xx_hal_can.o
                0x08001608                HAL_CAN_RxFifo1FullCallback
 .text.HAL_CAN_SleepCallback
                0x0800161a       0x12 ./src/lib/Drivers/STM32F1xx_HAL_Driver/Src/stm32f1xx_hal_can.o
                0x0800161a                HAL_CAN_SleepCallback
 .text.HAL_CAN_WakeUpFromRxMsgCallback
                0x0800162c       0x12 ./src/lib/Drivers/STM32F1xx_HAL_Driver/Src/stm32f1xx_hal_can.o
                0x0800162c                HAL_CAN_WakeUpFromRxMsgCallback
 .text.HAL_CAN_ErrorCallback
                0x0800163e       0x12 ./src/lib/Drivers/STM32F1xx_HAL_Driver/Src/stm32f1xx_hal_can.o
                0x0800163e                HAL_CAN_ErrorCallback
 .text.__NVIC_SetPriorityGrouping
                0x08001650       0x48 ./src/lib/Drivers/STM32F1xx_HAL_Driver/Src/stm32f1xx_hal_cortex.o
 .text.__NVIC_GetPriorityGrouping
                0x08001698       0x1c ./src/lib/Drivers/STM32F1xx_HAL_Driver/Src/stm32f1xx_hal_cortex.o
 .text.__NVIC_EnableIRQ
                0x080016b4       0x38 ./src/lib/Drivers/STM32F1xx_HAL_Driver/Src/stm32f1xx_hal_cortex.o
 .text.__NVIC_SetPriority
                0x080016ec       0x54 ./src/lib/Drivers/STM32F1xx_HAL_Driver/Src/stm32f1xx_hal_cortex.o
 .text.NVIC_EncodePriority
                0x08001740       0x64 ./src/lib/Drivers/STM32F1xx_HAL_Driver/Src/stm32f1xx_hal_cortex.o
 .text.SysTick_Config
                0x080017a4       0x44 ./src/lib/Drivers/STM32F1xx_HAL_Driver/Src/stm32f1xx_hal_cortex.o
 .text.HAL_NVIC_SetPriorityGrouping
                0x080017e8       0x16 ./src/lib/Drivers/STM32F1xx_HAL_Driver/Src/stm32f1xx_hal_cortex.o
                0x080017e8                HAL_NVIC_SetPriorityGrouping
 .text.HAL_NVIC_SetPriority
                0x080017fe       0x38 ./src/lib/Drivers/STM32F1xx_HAL_Driver/Src/stm32f1xx_hal_cortex.o
                0x080017fe                HAL_NVIC_SetPriority
 .text.HAL_NVIC_EnableIRQ
                0x08001836       0x1c ./src/lib/Drivers/STM32F1xx_HAL_Driver/Src/stm32f1xx_hal_cortex.o
                0x08001836                HAL_NVIC_EnableIRQ
 .text.HAL_SYSTICK_Config
                0x08001852       0x18 ./src/lib/Drivers/STM32F1xx_HAL_Driver/Src/stm32f1xx_hal_cortex.o
                0x08001852                HAL_SYSTICK_Config
 *fill*         0x0800186a        0x2 
 .text.HAL_GPIO_Init
                0x0800186c      0x308 ./src/lib/Drivers/STM32F1xx_HAL_Driver/Src/stm32f1xx_hal_gpio.o
                0x0800186c                HAL_GPIO_Init
 .text.HAL_GPIO_WritePin
                0x08001b74       0x30 ./src/lib/Drivers/STM32F1xx_HAL_Driver/Src/stm32f1xx_hal_gpio.o
                0x08001b74                HAL_GPIO_WritePin
 .text.HAL_GPIO_EXTI_IRQHandler
                0x08001ba4       0x30 ./src/lib/Drivers/STM32F1xx_HAL_Driver/Src/stm32f1xx_hal_gpio.o
                0x08001ba4                HAL_GPIO_EXTI_IRQHandler
 .text.HAL_GPIO_EXTI_Callback
                0x08001bd4       0x14 ./src/lib/Drivers/STM32F1xx_HAL_Driver/Src/stm32f1xx_hal_gpio.o
                0x08001bd4                HAL_GPIO_EXTI_Callback
 .text.HAL_RCC_OscConfig
                0x08001be8      0x504 ./src/lib/Drivers/STM32F1xx_HAL_Driver/Src/stm32f1xx_hal_rcc.o
                0x08001be8                HAL_RCC_OscConfig
 .text.HAL_RCC_ClockConfig
                0x080020ec      0x1d4 ./src/lib/Drivers/STM32F1xx_HAL_Driver/Src/stm32f1xx_hal_rcc.o
                0x080020ec                HAL_RCC_ClockConfig
 .text.HAL_RCC_GetSysClockFreq
                0x080022c0       0xa8 ./src/lib/Drivers/STM32F1xx_HAL_Driver/Src/stm32f1xx_hal_rcc.o
                0x080022c0                HAL_RCC_GetSysClockFreq
 .text.HAL_RCC_GetHCLKFreq
                0x08002368       0x14 ./src/lib/Drivers/STM32F1xx_HAL_Driver/Src/stm32f1xx_hal_rcc.o
                0x08002368                HAL_RCC_GetHCLKFreq
 .text.HAL_RCC_GetPCLK1Freq
                0x0800237c       0x28 ./src/lib/Drivers/STM32F1xx_HAL_Driver/Src/stm32f1xx_hal_rcc.o
                0x0800237c                HAL_RCC_GetPCLK1Freq
 .text.HAL_RCC_GetPCLK2Freq
                0x080023a4       0x28 ./src/lib/Drivers/STM32F1xx_HAL_Driver/Src/stm32f1xx_hal_rcc.o
                0x080023a4                HAL_RCC_GetPCLK2Freq
 .text.RCC_Delay
                0x080023cc       0x3c ./src/lib/Drivers/STM32F1xx_HAL_Driver/Src/stm32f1xx_hal_rcc.o
 .text.HAL_UART_Init
                0x08002408       0xa0 ./src/lib/Drivers/STM32F1xx_HAL_Driver/Src/stm32f1xx_hal_uart.o
                0x08002408                HAL_UART_Init
 .text.HAL_UART_Transmit
                0x080024a8      0x116 ./src/lib/Drivers/STM32F1xx_HAL_Driver/Src/stm32f1xx_hal_uart.o
                0x080024a8                HAL_UART_Transmit
 .text.UART_WaitOnFlagUntilTimeout
                0x080025be       0xb2 ./src/lib/Drivers/STM32F1xx_HAL_Driver/Src/stm32f1xx_hal_uart.o
 .text.UART_EndRxTransfer
                0x08002670       0xc4 ./src/lib/Drivers/STM32F1xx_HAL_Driver/Src/stm32f1xx_hal_uart.o
 .text.UART_SetConfig
                0x08002734      0x11c ./src/lib/Drivers/STM32F1xx_HAL_Driver/Src/stm32f1xx_hal_uart.o
 .text.main     0x08002850       0x16 ./src/main.o
                0x08002850                main
 *fill*         0x08002866        0x2 
 .text.HAL_CAN_RxFifo0MsgPendingCallback
                0x08002868       0x38 ./src/main.o
                0x08002868                HAL_CAN_RxFifo0MsgPendingCallback
 .text.snprintf
                0x080028a0       0x68 C:/ST/STM32CubeIDE_1.17.0/STM32CubeIDE/plugins/com.st.stm32cube.ide.mcu.externaltools.gnu-tools-for-stm32.12.3.rel1.win32_1.1.0.202410251130/tools/bin/../lib/gcc/arm-none-eabi/12.3.1/../../../../arm-none-eabi/lib/thumb/v7-m/nofp\libc_nano.a(libc_a-snprintf.o)
                0x080028a0                sniprintf
                0x080028a0                snprintf
 .text.memset   0x08002908       0x10 C:/ST/STM32CubeIDE_1.17.0/STM32CubeIDE/plugins/com.st.stm32cube.ide.mcu.externaltools.gnu-tools-for-stm32.12.3.rel1.win32_1.1.0.202410251130/tools/bin/../lib/gcc/arm-none-eabi/12.3.1/../../../../arm-none-eabi/lib/thumb/v7-m/nofp\libc_nano.a(libc_a-memset.o)
                0x08002908                memset
 .text.__errno  0x08002918        0xc C:/ST/STM32CubeIDE_1.17.0/STM32CubeIDE/plugins/com.st.stm32cube.ide.mcu.externaltools.gnu-tools-for-stm32.12.3.rel1.win32_1.1.0.202410251130/tools/bin/../lib/gcc/arm-none-eabi/12.3.1/../../../../arm-none-eabi/lib/thumb/v7-m/nofp\libc_nano.a(libc_a-errno.o)
                0x08002918                __errno
 .text.__libc_init_array
                0x08002924       0x48 C:/ST/STM32CubeIDE_1.17.0/STM32CubeIDE/plugins/com.st.stm32cube.ide.mcu.externaltools.gnu-tools-for-stm32.12.3.rel1.win32_1.1.0.202410251130/tools/bin/../lib/gcc/arm-none-eabi/12.3.1/../../../../arm-none-eabi/lib/thumb/v7-m/nofp\libc_nano.a(libc_a-init.o)
                0x08002924                __libc_init_array
 .text.__retarget_lock_acquire_recursive
                0x0800296c        0x2 C:/ST/STM32CubeIDE_1.17.0/STM32CubeIDE/plugins/com.st.stm32cube.ide.mcu.externaltools.gnu-tools-for-stm32.12.3.rel1.win32_1.1.0.202410251130/tools/bin/../lib/gcc/arm-none-eabi/12.3.1/../../../../arm-none-eabi/lib/thumb/v7-m/nofp\libc_nano.a(libc_a-lock.o)
                0x0800296c                __retarget_lock_acquire_recursive
 .text.__retarget_lock_release_recursive
                0x0800296e        0x2 C:/ST/STM32CubeIDE_1.17.0/STM32CubeIDE/plugins/com.st.stm32cube.ide.mcu.externaltools.gnu-tools-for-stm32.12.3.rel1.win32_1.1.0.202410251130/tools/bin/../lib/gcc/arm-none-eabi/12.3.1/../../../../arm-none-eabi/lib/thumb/v7-m/nofp\libc_nano.a(libc_a-lock.o)
                0x0800296e                __retarget_lock_release_recursive
 .text._free_r  0x08002970       0x90 C:/ST/STM32CubeIDE_1.17.0/STM32CubeIDE/plugins/com.st.stm32cube.ide.mcu.externaltools.gnu-tools-for-stm32.12.3.rel1.win32_1.1.0.202410251130/tools/bin/../lib/gcc/arm-none-eabi/12.3.1/../../../../arm-none-eabi/lib/thumb/v7-m/nofp\libc_nano.a(libc_a-freer.o)
                0x08002970                _free_r
 .text.sbrk_aligned
                0x08002a00       0x44 C:/ST/STM32CubeIDE_1.17.0/STM32CubeIDE/plugins/com.st.stm32cube.ide.mcu.externaltools.gnu-tools-for-stm32.12.3.rel1.win32_1.1.0.202410251130/tools/bin/../lib/gcc/arm-none-eabi/12.3.1/../../../../arm-none-eabi/lib/thumb/v7-m/nofp\libc_nano.a(libc_a-mallocr.o)
 .text._malloc_r
                0x08002a44      0x100 C:/ST/STM32CubeIDE_1.17.0/STM32CubeIDE/plugins/com.st.stm32cube.ide.mcu.externaltools.gnu-tools-for-stm32.12.3.rel1.win32_1.1.0.202410251130/tools/bin/../lib/gcc/arm-none-eabi/12.3.1/../../../../arm-none-eabi/lib/thumb/v7-m/nofp\libc_nano.a(libc_a-mallocr.o)
                0x08002a44                _malloc_r
 .text.__malloc_lock
                0x08002b44        0xc C:/ST/STM32CubeIDE_1.17.0/STM32CubeIDE/plugins/com.st.stm32cube.ide.mcu.externaltools.gnu-tools-for-stm32.12.3.rel1.win32_1.1.0.202410251130/tools/bin/../lib/gcc/arm-none-eabi/12.3.1/../../../../arm-none-eabi/lib/thumb/v7-m/nofp\libc_nano.a(libc_a-mlock.o)
                0x08002b44                __malloc_lock
 .text.__malloc_unlock
                0x08002b50        0xc C:/ST/STM32CubeIDE_1.17.0/STM32CubeIDE/plugins/com.st.stm32cube.ide.mcu.externaltools.gnu-tools-for-stm32.12.3.rel1.win32_1.1.0.202410251130/tools/bin/../lib/gcc/arm-none-eabi/12.3.1/../../../../arm-none-eabi/lib/thumb/v7-m/nofp\libc_nano.a(libc_a-mlock.o)
                0x08002b50                __malloc_unlock
 .text.__ssputs_r
                0x08002b5c       0xb6 C:/ST/STM32CubeIDE_1.17.0/STM32CubeIDE/plugins/com.st.stm32cube.ide.mcu.externaltools.gnu-tools-for-stm32.12.3.rel1.win32_1.1.0.202410251130/tools/bin/../lib/gcc/arm-none-eabi/12.3.1/../../../../arm-none-eabi/lib/thumb/v7-m/nofp\libc_nano.a(libc_a-nano-svfprintf.o)
                0x08002b5c                __ssputs_r
 *fill*         0x08002c12        0x2 
 .text._svfprintf_r
                0x08002c14      0x1f8 C:/ST/STM32CubeIDE_1.17.0/STM32CubeIDE/plugins/com.st.stm32cube.ide.mcu.externaltools.gnu-tools-for-stm32.12.3.rel1.win32_1.1.0.202410251130/tools/bin/../lib/gcc/arm-none-eabi/12.3.1/../../../../arm-none-eabi/lib/thumb/v7-m/nofp\libc_nano.a(libc_a-nano-svfprintf.o)
                0x08002c14                _svfiprintf_r
                0x08002c14                _svfprintf_r
 .text._printf_common
                0x08002e0c       0xe4 C:/ST/STM32CubeIDE_1.17.0/STM32CubeIDE/plugins/com.st.stm32cube.ide.mcu.externaltools.gnu-tools-for-stm32.12.3.rel1.win32_1.1.0.202410251130/tools/bin/../lib/gcc/arm-none-eabi/12.3.1/../../../../arm-none-eabi/lib/thumb/v7-m/nofp\libc_nano.a(libc_a-nano-vfprintf_i.o)
                0x08002e0c                _printf_common
 .text._printf_i
                0x08002ef0      0x240 C:/ST/STM32CubeIDE_1.17.0/STM32CubeIDE/plugins/com.st.stm32cube.ide.mcu.externaltools.gnu-tools-for-stm32.12.3.rel1.win32_1.1.0.202410251130/tools/bin/../lib/gcc/arm-none-eabi/12.3.1/../../../../arm-none-eabi/lib/thumb/v7-m/nofp\libc_nano.a(libc_a-nano-vfprintf_i.o)
                0x08002ef0                _printf_i
 .text.memmove  0x08003130       0x34 C:/ST/STM32CubeIDE_1.17.0/STM32CubeIDE/plugins/com.st.stm32cube.ide.mcu.externaltools.gnu-tools-for-stm32.12.3.rel1.win32_1.1.0.202410251130/tools/bin/../lib/gcc/arm-none-eabi/12.3.1/../../../../arm-none-eabi/lib/thumb/v7-m/nofp\libc_nano.a(libc_a-memmove.o)
                0x08003130                memmove
 .text._sbrk_r  0x08003164       0x20 C:/ST/STM32CubeIDE_1.17.0/STM32CubeIDE/plugins/com.st.stm32cube.ide.mcu.externaltools.gnu-tools-for-stm32.12.3.rel1.win32_1.1.0.202410251130/tools/bin/../lib/gcc/arm-none-eabi/12.3.1/../../../../arm-none-eabi/lib/thumb/v7-m/nofp\libc_nano.a(libc_a-sbrkr.o)
                0x08003164                _sbrk_r
 .text.memchr   0x08003184       0x1c C:/ST/STM32CubeIDE_1.17.0/STM32CubeIDE/plugins/com.st.stm32cube.ide.mcu.externaltools.gnu-tools-for-stm32.12.3.rel1.win32_1.1.0.202410251130/tools/bin/../lib/gcc/arm-none-eabi/12.3.1/../../../../arm-none-eabi/lib/thumb/v7-m/nofp\libc_nano.a(libc_a-memchr-stub.o)
                0x08003184                memchr
 .text.memcpy   0x080031a0       0x1c C:/ST/STM32CubeIDE_1.17.0/STM32CubeIDE/plugins/com.st.stm32cube.ide.mcu.externaltools.gnu-tools-for-stm32.12.3.rel1.win32_1.1.0.202410251130/tools/bin/../lib/gcc/arm-none-eabi/12.3.1/../../../../arm-none-eabi/lib/thumb/v7-m/nofp\libc_nano.a(libc_a-memcpy-stub.o)
                0x080031a0                memcpy
 .text._realloc_r
                0x080031bc       0x5c C:/ST/STM32CubeIDE_1.17.0/STM32CubeIDE/plugins/com.st.stm32cube.ide.mcu.externaltools.gnu-tools-for-stm32.12.3.rel1.win32_1.1.0.202410251130/tools/bin/../lib/gcc/arm-none-eabi/12.3.1/../../../../arm-none-eabi/lib/thumb/v7-m/nofp\libc_nano.a(libc_a-reallocr.o)
                0x080031bc                _realloc_r
 .text._malloc_usable_size_r
                0x08003218       0x10 C:/ST/STM32CubeIDE_1.17.0/STM32CubeIDE/plugins/com.st.stm32cube.ide.mcu.externaltools.gnu-tools-for-stm32.12.3.rel1.win32_1.1.0.202410251130/tools/bin/../lib/gcc/arm-none-eabi/12.3.1/../../../../arm-none-eabi/lib/thumb/v7-m/nofp\libc_nano.a(libc_a-msizer.o)
                0x08003218                _malloc_usable_size_r
 *(.glue_7)
 .glue_7        0x08003228        0x0 linker stubs
 *(.glue_7t)
 .glue_7t       0x08003228        0x0 linker stubs
 *(.eh_frame)
 .eh_frame      0x08003228        0x0 C:/ST/STM32CubeIDE_1.17.0/STM32CubeIDE/plugins/com.st.stm32cube.ide.mcu.externaltools.gnu-tools-for-stm32.12.3.rel1.win32_1.1.0.202410251130/tools/bin/../lib/gcc/arm-none-eabi/12.3.1/thumb/v7-m/nofp/crtbegin.o
 *(.init)
 .init          0x08003228        0x4 C:/ST/STM32CubeIDE_1.17.0/STM32CubeIDE/plugins/com.st.stm32cube.ide.mcu.externaltools.gnu-tools-for-stm32.12.3.rel1.win32_1.1.0.202410251130/tools/bin/../lib/gcc/arm-none-eabi/12.3.1/thumb/v7-m/nofp/crti.o
                0x08003228                _init
 .init          0x0800322c        0x8 C:/ST/STM32CubeIDE_1.17.0/STM32CubeIDE/plugins/com.st.stm32cube.ide.mcu.externaltools.gnu-tools-for-stm32.12.3.rel1.win32_1.1.0.202410251130/tools/bin/../lib/gcc/arm-none-eabi/12.3.1/thumb/v7-m/nofp/crtn.o
 *(.fini)
 .fini          0x08003234        0x4 C:/ST/STM32CubeIDE_1.17.0/STM32CubeIDE/plugins/com.st.stm32cube.ide.mcu.externaltools.gnu-tools-for-stm32.12.3.rel1.win32_1.1.0.202410251130/tools/bin/../lib/gcc/arm-none-eabi/12.3.1/thumb/v7-m/nofp/crti.o
                0x08003234                _fini
 .fini          0x08003238        0x8 C:/ST/STM32CubeIDE_1.17.0/STM32CubeIDE/plugins/com.st.stm32cube.ide.mcu.externaltools.gnu-tools-for-stm32.12.3.rel1.win32_1.1.0.202410251130/tools/bin/../lib/gcc/arm-none-eabi/12.3.1/thumb/v7-m/nofp/crtn.o
                0x08003240                        . = ALIGN (0x4)
                0x08003240                        _etext = .

.vfp11_veneer   0x08003240        0x0
 .vfp11_veneer  0x08003240        0x0 linker stubs

.v4_bx          0x08003240        0x0
 .v4_bx         0x08003240        0x0 linker stubs

.iplt           0x08003240        0x0
 .iplt          0x08003240        0x0 C:/ST/STM32CubeIDE_1.17.0/STM32CubeIDE/plugins/com.st.stm32cube.ide.mcu.externaltools.gnu-tools-for-stm32.12.3.rel1.win32_1.1.0.202410251130/tools/bin/../lib/gcc/arm-none-eabi/12.3.1/thumb/v7-m/nofp/crtbegin.o

.rodata         0x08003240       0xa4
                0x08003240                        . = ALIGN (0x4)
 *(.rodata)
 .rodata        0x08003240       0x41 ./src/hw/driver/can.o
 *(.rodata*)
 *fill*         0x08003281        0x3 
 .rodata.AHBPrescTable
                0x08003284       0x10 ./src/bsp/system_stm32f1xx.o
                0x08003284                AHBPrescTable
 .rodata.APBPrescTable
                0x08003294        0x8 ./src/bsp/system_stm32f1xx.o
                0x08003294                APBPrescTable
 .rodata.aPLLMULFactorTable.1
                0x0800329c       0x10 ./src/lib/Drivers/STM32F1xx_HAL_Driver/Src/stm32f1xx_hal_rcc.o
 .rodata.aPredivFactorTable.0
                0x080032ac        0x2 ./src/lib/Drivers/STM32F1xx_HAL_Driver/Src/stm32f1xx_hal_rcc.o
 .rodata._svfprintf_r.str1.1
                0x080032ae       0x11 C:/ST/STM32CubeIDE_1.17.0/STM32CubeIDE/plugins/com.st.stm32cube.ide.mcu.externaltools.gnu-tools-for-stm32.12.3.rel1.win32_1.1.0.202410251130/tools/bin/../lib/gcc/arm-none-eabi/12.3.1/../../../../arm-none-eabi/lib/thumb/v7-m/nofp\libc_nano.a(libc_a-nano-svfprintf.o)
 .rodata._printf_i.str1.1
                0x080032bf       0x22 C:/ST/STM32CubeIDE_1.17.0/STM32CubeIDE/plugins/com.st.stm32cube.ide.mcu.externaltools.gnu-tools-for-stm32.12.3.rel1.win32_1.1.0.202410251130/tools/bin/../lib/gcc/arm-none-eabi/12.3.1/../../../../arm-none-eabi/lib/thumb/v7-m/nofp\libc_nano.a(libc_a-nano-vfprintf_i.o)
                0x080032e4                        . = ALIGN (0x4)
 *fill*         0x080032e1        0x3 

.ARM.extab      0x080032e4        0x0
                0x080032e4                        . = ALIGN (0x4)
 *(.ARM.extab* .gnu.linkonce.armextab.*)
                0x080032e4                        . = ALIGN (0x4)

.ARM            0x080032e4        0x8
                0x080032e4                        . = ALIGN (0x4)
                0x080032e4                        __exidx_start = .
 *(.ARM.exidx*)
 .ARM.exidx     0x080032e4        0x8 C:/ST/STM32CubeIDE_1.17.0/STM32CubeIDE/plugins/com.st.stm32cube.ide.mcu.externaltools.gnu-tools-for-stm32.12.3.rel1.win32_1.1.0.202410251130/tools/bin/../lib/gcc/arm-none-eabi/12.3.1/../../../../arm-none-eabi/lib/thumb/v7-m/nofp\libc_nano.a(libc_a-strlen.o)
                0x080032ec                        __exidx_end = .
                0x080032ec                        . = ALIGN (0x4)

.preinit_array  0x080032ec        0x0
                0x080032ec                        . = ALIGN (0x4)
                0x080032ec                        PROVIDE (__preinit_array_start = .)
 *(.preinit_array*)
                0x080032ec                        PROVIDE (__preinit_array_end = .)
                0x080032ec                        . = ALIGN (0x4)

.init_array     0x080032ec        0x4
                0x080032ec                        . = ALIGN (0x4)
                0x080032ec                        PROVIDE (__init_array_start = .)
 *(SORT_BY_NAME(.init_array.*))
 *(.init_array*)
 .init_array    0x080032ec        0x4 C:/ST/STM32CubeIDE_1.17.0/STM32CubeIDE/plugins/com.st.stm32cube.ide.mcu.externaltools.gnu-tools-for-stm32.12.3.rel1.win32_1.1.0.202410251130/tools/bin/../lib/gcc/arm-none-eabi/12.3.1/thumb/v7-m/nofp/crtbegin.o
                0x080032f0                        PROVIDE (__init_array_end = .)
                0x080032f0                        . = ALIGN (0x4)

.fini_array     0x080032f0        0x4
                0x080032f0                        . = ALIGN (0x4)
                [!provide]                        PROVIDE (__fini_array_start = .)
 *(SORT_BY_NAME(.fini_array.*))
 *(.fini_array*)
 .fini_array    0x080032f0        0x4 C:/ST/STM32CubeIDE_1.17.0/STM32CubeIDE/plugins/com.st.stm32cube.ide.mcu.externaltools.gnu-tools-for-stm32.12.3.rel1.win32_1.1.0.202410251130/tools/bin/../lib/gcc/arm-none-eabi/12.3.1/thumb/v7-m/nofp/crtbegin.o
                [!provide]                        PROVIDE (__fini_array_end = .)
                0x080032f4                        . = ALIGN (0x4)
                0x080032f4                        _sidata = LOADADDR (.data)

.rel.dyn        0x080032f4        0x0
 .rel.iplt      0x080032f4        0x0 C:/ST/STM32CubeIDE_1.17.0/STM32CubeIDE/plugins/com.st.stm32cube.ide.mcu.externaltools.gnu-tools-for-stm32.12.3.rel1.win32_1.1.0.202410251130/tools/bin/../lib/gcc/arm-none-eabi/12.3.1/thumb/v7-m/nofp/crtbegin.o

.data           0x20000000       0x5c load address 0x080032f4
                0x20000000                        . = ALIGN (0x4)
                0x20000000                        _sdata = .
 *(.data)
 *(.data*)
 .data.SystemCoreClock
                0x20000000        0x4 ./src/bsp/system_stm32f1xx.o
                0x20000000                SystemCoreClock
 .data.uwTickPrio
                0x20000004        0x4 ./src/lib/Drivers/STM32F1xx_HAL_Driver/Src/stm32f1xx_hal.o
                0x20000004                uwTickPrio
 .data.uwTickFreq
                0x20000008        0x1 ./src/lib/Drivers/STM32F1xx_HAL_Driver/Src/stm32f1xx_hal.o
                0x20000008                uwTickFreq
 *fill*         0x20000009        0x3 
 .data._impure_ptr
                0x2000000c        0x4 C:/ST/STM32CubeIDE_1.17.0/STM32CubeIDE/plugins/com.st.stm32cube.ide.mcu.externaltools.gnu-tools-for-stm32.12.3.rel1.win32_1.1.0.202410251130/tools/bin/../lib/gcc/arm-none-eabi/12.3.1/../../../../arm-none-eabi/lib/thumb/v7-m/nofp\libc_nano.a(libc_a-impure.o)
                0x2000000c                _impure_ptr
 .data._impure_data
                0x20000010       0x4c C:/ST/STM32CubeIDE_1.17.0/STM32CubeIDE/plugins/com.st.stm32cube.ide.mcu.externaltools.gnu-tools-for-stm32.12.3.rel1.win32_1.1.0.202410251130/tools/bin/../lib/gcc/arm-none-eabi/12.3.1/../../../../arm-none-eabi/lib/thumb/v7-m/nofp\libc_nano.a(libc_a-impure.o)
                0x20000010                _impure_data
 *(.RamFunc)
 *(.RamFunc*)
                0x2000005c                        . = ALIGN (0x4)
                0x2000005c                        _edata = .

.igot.plt       0x2000005c        0x0 load address 0x08003350
 .igot.plt      0x2000005c        0x0 C:/ST/STM32CubeIDE_1.17.0/STM32CubeIDE/plugins/com.st.stm32cube.ide.mcu.externaltools.gnu-tools-for-stm32.12.3.rel1.win32_1.1.0.202410251130/tools/bin/../lib/gcc/arm-none-eabi/12.3.1/thumb/v7-m/nofp/crtbegin.o
                0x2000005c                        . = ALIGN (0x4)

.bss            0x2000005c      0x254 load address 0x08003350
                0x2000005c                        _sbss = .
                0x2000005c                        __bss_start__ = _sbss
 *(.bss)
 .bss           0x2000005c       0x1c C:/ST/STM32CubeIDE_1.17.0/STM32CubeIDE/plugins/com.st.stm32cube.ide.mcu.externaltools.gnu-tools-for-stm32.12.3.rel1.win32_1.1.0.202410251130/tools/bin/../lib/gcc/arm-none-eabi/12.3.1/thumb/v7-m/nofp/crtbegin.o
 *(.bss*)
 .bss.data      0x20000078        0x8 ./src/ap/ap.o
                0x20000078                data
 .bss.__sbrk_heap_end
                0x20000080        0x4 ./src/bsp/sysmem.o
 .bss.canFilter1
                0x20000084       0x28 ./src/hw/driver/can.o
                0x20000084                canFilter1
 .bss.canRxHeader
                0x200000ac       0x1c ./src/hw/driver/can.o
                0x200000ac                canRxHeader
 .bss.canTxHeader
                0x200000c8       0x18 ./src/hw/driver/can.o
                0x200000c8                canTxHeader
 .bss.can1Rx0Data
                0x200000e0        0x8 ./src/hw/driver/can.o
                0x200000e0                can1Rx0Data
 .bss.TxMailBox
                0x200000e8        0x4 ./src/hw/driver/can.o
                0x200000e8                TxMailBox
 .bss.can1Tx0Data
                0x200000ec        0x8 ./src/hw/driver/can.o
                0x200000ec                can1Tx0Data
 .bss.hcan      0x200000f4       0x28 ./src/hw/driver/can.o
                0x200000f4                hcan
 .bss.huart2    0x2000011c       0x48 ./src/hw/driver/usart.o
                0x2000011c                huart2
 .bss.uwTick    0x20000164        0x4 ./src/lib/Drivers/STM32F1xx_HAL_Driver/Src/stm32f1xx_hal.o
                0x20000164                uwTick
 .bss.__sf      0x20000168      0x138 C:/ST/STM32CubeIDE_1.17.0/STM32CubeIDE/plugins/com.st.stm32cube.ide.mcu.externaltools.gnu-tools-for-stm32.12.3.rel1.win32_1.1.0.202410251130/tools/bin/../lib/gcc/arm-none-eabi/12.3.1/../../../../arm-none-eabi/lib/thumb/v7-m/nofp\libc_nano.a(libc_a-findfp.o)
                0x20000168                __sf
 .bss.errno     0x200002a0        0x4 C:/ST/STM32CubeIDE_1.17.0/STM32CubeIDE/plugins/com.st.stm32cube.ide.mcu.externaltools.gnu-tools-for-stm32.12.3.rel1.win32_1.1.0.202410251130/tools/bin/../lib/gcc/arm-none-eabi/12.3.1/../../../../arm-none-eabi/lib/thumb/v7-m/nofp\libc_nano.a(libc_a-reent.o)
                0x200002a0                errno
 .bss.__lock___malloc_recursive_mutex
                0x200002a4        0x1 C:/ST/STM32CubeIDE_1.17.0/STM32CubeIDE/plugins/com.st.stm32cube.ide.mcu.externaltools.gnu-tools-for-stm32.12.3.rel1.win32_1.1.0.202410251130/tools/bin/../lib/gcc/arm-none-eabi/12.3.1/../../../../arm-none-eabi/lib/thumb/v7-m/nofp\libc_nano.a(libc_a-lock.o)
                0x200002a4                __lock___malloc_recursive_mutex
 *fill*         0x200002a5        0x3 
 .bss.__malloc_sbrk_start
                0x200002a8        0x4 C:/ST/STM32CubeIDE_1.17.0/STM32CubeIDE/plugins/com.st.stm32cube.ide.mcu.externaltools.gnu-tools-for-stm32.12.3.rel1.win32_1.1.0.202410251130/tools/bin/../lib/gcc/arm-none-eabi/12.3.1/../../../../arm-none-eabi/lib/thumb/v7-m/nofp\libc_nano.a(libc_a-mallocr.o)
                0x200002a8                __malloc_sbrk_start
 .bss.__malloc_free_list
                0x200002ac        0x4 C:/ST/STM32CubeIDE_1.17.0/STM32CubeIDE/plugins/com.st.stm32cube.ide.mcu.externaltools.gnu-tools-for-stm32.12.3.rel1.win32_1.1.0.202410251130/tools/bin/../lib/gcc/arm-none-eabi/12.3.1/../../../../arm-none-eabi/lib/thumb/v7-m/nofp\libc_nano.a(libc_a-mallocr.o)
                0x200002ac                __malloc_free_list
 *(COMMON)
                0x200002b0                        . = ALIGN (0x4)
                0x200002b0                        _ebss = .
                0x200002b0                        __bss_end__ = _ebss

._user_heap_stack
                0x200002b0      0x600 load address 0x08003350
                0x200002b0                        . = ALIGN (0x8)
                [!provide]                        PROVIDE (end = .)
                0x200002b0                        PROVIDE (_end = .)
                0x200004b0                        . = (. + _Min_Heap_Size)
 *fill*         0x200002b0      0x200 
                0x200008b0                        . = (. + _Min_Stack_Size)
 *fill*         0x200004b0      0x400 
                0x200008b0                        . = ALIGN (0x8)

/DISCARD/
 libc.a(*)
 libm.a(*)
 libgcc.a(*)

.ARM.attributes
                0x00000000       0x29
 *(.ARM.attributes)
 .ARM.attributes
                0x00000000       0x1d C:/ST/STM32CubeIDE_1.17.0/STM32CubeIDE/plugins/com.st.stm32cube.ide.mcu.externaltools.gnu-tools-for-stm32.12.3.rel1.win32_1.1.0.202410251130/tools/bin/../lib/gcc/arm-none-eabi/12.3.1/thumb/v7-m/nofp/crti.o
 .ARM.attributes
                0x0000001d       0x2d C:/ST/STM32CubeIDE_1.17.0/STM32CubeIDE/plugins/com.st.stm32cube.ide.mcu.externaltools.gnu-tools-for-stm32.12.3.rel1.win32_1.1.0.202410251130/tools/bin/../lib/gcc/arm-none-eabi/12.3.1/thumb/v7-m/nofp/crtbegin.o
 .ARM.attributes
                0x0000004a       0x2d ./src/ap/ap.o
 .ARM.attributes
                0x00000077       0x2d ./src/bsp/bsp.o
 .ARM.attributes
                0x000000a4       0x2d ./src/bsp/stm32f1xx_hal_msp.o
 .ARM.attributes
                0x000000d1       0x2d ./src/bsp/stm32f1xx_it.o
 .ARM.attributes
                0x000000fe       0x2d ./src/bsp/sysmem.o
 .ARM.attributes
                0x0000012b       0x2d ./src/bsp/system_stm32f1xx.o
 .ARM.attributes
                0x00000158       0x21 ./src/bsp/startup/startup_stm32f103rbtx.o
 .ARM.attributes
                0x00000179       0x2d ./src/hw/driver/can.o
 .ARM.attributes
                0x000001a6       0x2d ./src/hw/driver/gpio.o
 .ARM.attributes
                0x000001d3       0x2d ./src/hw/driver/usart.o
 .ARM.attributes
                0x00000200       0x2d ./src/hw/hw.o
 .ARM.attributes
                0x0000022d       0x2d ./src/lib/Drivers/STM32F1xx_HAL_Driver/Src/stm32f1xx_hal.o
 .ARM.attributes
                0x0000025a       0x2d ./src/lib/Drivers/STM32F1xx_HAL_Driver/Src/stm32f1xx_hal_can.o
 .ARM.attributes
                0x00000287       0x2d ./src/lib/Drivers/STM32F1xx_HAL_Driver/Src/stm32f1xx_hal_cortex.o
 .ARM.attributes
                0x000002b4       0x2d ./src/lib/Drivers/STM32F1xx_HAL_Driver/Src/stm32f1xx_hal_gpio.o
 .ARM.attributes
                0x000002e1       0x2d ./src/lib/Drivers/STM32F1xx_HAL_Driver/Src/stm32f1xx_hal_rcc.o
 .ARM.attributes
                0x0000030e       0x2d ./src/lib/Drivers/STM32F1xx_HAL_Driver/Src/stm32f1xx_hal_uart.o
 .ARM.attributes
                0x0000033b       0x2d ./src/main.o
 .ARM.attributes
                0x00000368       0x2d C:/ST/STM32CubeIDE_1.17.0/STM32CubeIDE/plugins/com.st.stm32cube.ide.mcu.externaltools.gnu-tools-for-stm32.12.3.rel1.win32_1.1.0.202410251130/tools/bin/../lib/gcc/arm-none-eabi/12.3.1/../../../../arm-none-eabi/lib/thumb/v7-m/nofp\libc_nano.a(libc_a-findfp.o)
 .ARM.attributes
                0x00000395       0x2d C:/ST/STM32CubeIDE_1.17.0/STM32CubeIDE/plugins/com.st.stm32cube.ide.mcu.externaltools.gnu-tools-for-stm32.12.3.rel1.win32_1.1.0.202410251130/tools/bin/../lib/gcc/arm-none-eabi/12.3.1/../../../../arm-none-eabi/lib/thumb/v7-m/nofp\libc_nano.a(libc_a-snprintf.o)
 .ARM.attributes
                0x000003c2       0x2d C:/ST/STM32CubeIDE_1.17.0/STM32CubeIDE/plugins/com.st.stm32cube.ide.mcu.externaltools.gnu-tools-for-stm32.12.3.rel1.win32_1.1.0.202410251130/tools/bin/../lib/gcc/arm-none-eabi/12.3.1/../../../../arm-none-eabi/lib/thumb/v7-m/nofp\libc_nano.a(libc_a-memset.o)
 .ARM.attributes
                0x000003ef       0x2d C:/ST/STM32CubeIDE_1.17.0/STM32CubeIDE/plugins/com.st.stm32cube.ide.mcu.externaltools.gnu-tools-for-stm32.12.3.rel1.win32_1.1.0.202410251130/tools/bin/../lib/gcc/arm-none-eabi/12.3.1/../../../../arm-none-eabi/lib/thumb/v7-m/nofp\libc_nano.a(libc_a-reent.o)
 .ARM.attributes
                0x0000041c       0x2d C:/ST/STM32CubeIDE_1.17.0/STM32CubeIDE/plugins/com.st.stm32cube.ide.mcu.externaltools.gnu-tools-for-stm32.12.3.rel1.win32_1.1.0.202410251130/tools/bin/../lib/gcc/arm-none-eabi/12.3.1/../../../../arm-none-eabi/lib/thumb/v7-m/nofp\libc_nano.a(libc_a-impure.o)
 .ARM.attributes
                0x00000449       0x2d C:/ST/STM32CubeIDE_1.17.0/STM32CubeIDE/plugins/com.st.stm32cube.ide.mcu.externaltools.gnu-tools-for-stm32.12.3.rel1.win32_1.1.0.202410251130/tools/bin/../lib/gcc/arm-none-eabi/12.3.1/../../../../arm-none-eabi/lib/thumb/v7-m/nofp\libc_nano.a(libc_a-errno.o)
 .ARM.attributes
                0x00000476       0x2d C:/ST/STM32CubeIDE_1.17.0/STM32CubeIDE/plugins/com.st.stm32cube.ide.mcu.externaltools.gnu-tools-for-stm32.12.3.rel1.win32_1.1.0.202410251130/tools/bin/../lib/gcc/arm-none-eabi/12.3.1/../../../../arm-none-eabi/lib/thumb/v7-m/nofp\libc_nano.a(libc_a-init.o)
 .ARM.attributes
                0x000004a3       0x2d C:/ST/STM32CubeIDE_1.17.0/STM32CubeIDE/plugins/com.st.stm32cube.ide.mcu.externaltools.gnu-tools-for-stm32.12.3.rel1.win32_1.1.0.202410251130/tools/bin/../lib/gcc/arm-none-eabi/12.3.1/../../../../arm-none-eabi/lib/thumb/v7-m/nofp\libc_nano.a(libc_a-lock.o)
 .ARM.attributes
                0x000004d0       0x17 C:/ST/STM32CubeIDE_1.17.0/STM32CubeIDE/plugins/com.st.stm32cube.ide.mcu.externaltools.gnu-tools-for-stm32.12.3.rel1.win32_1.1.0.202410251130/tools/bin/../lib/gcc/arm-none-eabi/12.3.1/../../../../arm-none-eabi/lib/thumb/v7-m/nofp\libc_nano.a(libc_a-strlen.o)
 .ARM.attributes
                0x000004e7       0x2d C:/ST/STM32CubeIDE_1.17.0/STM32CubeIDE/plugins/com.st.stm32cube.ide.mcu.externaltools.gnu-tools-for-stm32.12.3.rel1.win32_1.1.0.202410251130/tools/bin/../lib/gcc/arm-none-eabi/12.3.1/../../../../arm-none-eabi/lib/thumb/v7-m/nofp\libc_nano.a(libc_a-freer.o)
 .ARM.attributes
                0x00000514       0x2d C:/ST/STM32CubeIDE_1.17.0/STM32CubeIDE/plugins/com.st.stm32cube.ide.mcu.externaltools.gnu-tools-for-stm32.12.3.rel1.win32_1.1.0.202410251130/tools/bin/../lib/gcc/arm-none-eabi/12.3.1/../../../../arm-none-eabi/lib/thumb/v7-m/nofp\libc_nano.a(libc_a-mallocr.o)
 .ARM.attributes
                0x00000541       0x2d C:/ST/STM32CubeIDE_1.17.0/STM32CubeIDE/plugins/com.st.stm32cube.ide.mcu.externaltools.gnu-tools-for-stm32.12.3.rel1.win32_1.1.0.202410251130/tools/bin/../lib/gcc/arm-none-eabi/12.3.1/../../../../arm-none-eabi/lib/thumb/v7-m/nofp\libc_nano.a(libc_a-mlock.o)
 .ARM.attributes
                0x0000056e       0x2d C:/ST/STM32CubeIDE_1.17.0/STM32CubeIDE/plugins/com.st.stm32cube.ide.mcu.externaltools.gnu-tools-for-stm32.12.3.rel1.win32_1.1.0.202410251130/tools/bin/../lib/gcc/arm-none-eabi/12.3.1/../../../../arm-none-eabi/lib/thumb/v7-m/nofp\libc_nano.a(libc_a-nano-svfprintf.o)
 .ARM.attributes
                0x0000059b       0x2d C:/ST/STM32CubeIDE_1.17.0/STM32CubeIDE/plugins/com.st.stm32cube.ide.mcu.externaltools.gnu-tools-for-stm32.12.3.rel1.win32_1.1.0.202410251130/tools/bin/../lib/gcc/arm-none-eabi/12.3.1/../../../../arm-none-eabi/lib/thumb/v7-m/nofp\libc_nano.a(libc_a-nano-vfprintf_i.o)
 .ARM.attributes
                0x000005c8       0x2d C:/ST/STM32CubeIDE_1.17.0/STM32CubeIDE/plugins/com.st.stm32cube.ide.mcu.externaltools.gnu-tools-for-stm32.12.3.rel1.win32_1.1.0.202410251130/tools/bin/../lib/gcc/arm-none-eabi/12.3.1/../../../../arm-none-eabi/lib/thumb/v7-m/nofp\libc_nano.a(libc_a-memmove.o)
 .ARM.attributes
                0x000005f5       0x2d C:/ST/STM32CubeIDE_1.17.0/STM32CubeIDE/plugins/com.st.stm32cube.ide.mcu.externaltools.gnu-tools-for-stm32.12.3.rel1.win32_1.1.0.202410251130/tools/bin/../lib/gcc/arm-none-eabi/12.3.1/../../../../arm-none-eabi/lib/thumb/v7-m/nofp\libc_nano.a(libc_a-sbrkr.o)
 .ARM.attributes
                0x00000622       0x2d C:/ST/STM32CubeIDE_1.17.0/STM32CubeIDE/plugins/com.st.stm32cube.ide.mcu.externaltools.gnu-tools-for-stm32.12.3.rel1.win32_1.1.0.202410251130/tools/bin/../lib/gcc/arm-none-eabi/12.3.1/../../../../arm-none-eabi/lib/thumb/v7-m/nofp\libc_nano.a(libc_a-memchr-stub.o)
 .ARM.attributes
                0x0000064f       0x2d C:/ST/STM32CubeIDE_1.17.0/STM32CubeIDE/plugins/com.st.stm32cube.ide.mcu.externaltools.gnu-tools-for-stm32.12.3.rel1.win32_1.1.0.202410251130/tools/bin/../lib/gcc/arm-none-eabi/12.3.1/../../../../arm-none-eabi/lib/thumb/v7-m/nofp\libc_nano.a(libc_a-memcpy-stub.o)
 .ARM.attributes
                0x0000067c       0x2d C:/ST/STM32CubeIDE_1.17.0/STM32CubeIDE/plugins/com.st.stm32cube.ide.mcu.externaltools.gnu-tools-for-stm32.12.3.rel1.win32_1.1.0.202410251130/tools/bin/../lib/gcc/arm-none-eabi/12.3.1/../../../../arm-none-eabi/lib/thumb/v7-m/nofp\libc_nano.a(libc_a-reallocr.o)
 .ARM.attributes
                0x000006a9       0x2d C:/ST/STM32CubeIDE_1.17.0/STM32CubeIDE/plugins/com.st.stm32cube.ide.mcu.externaltools.gnu-tools-for-stm32.12.3.rel1.win32_1.1.0.202410251130/tools/bin/../lib/gcc/arm-none-eabi/12.3.1/../../../../arm-none-eabi/lib/thumb/v7-m/nofp\libc_nano.a(libc_a-msizer.o)
 .ARM.attributes
                0x000006d6       0x1d C:/ST/STM32CubeIDE_1.17.0/STM32CubeIDE/plugins/com.st.stm32cube.ide.mcu.externaltools.gnu-tools-for-stm32.12.3.rel1.win32_1.1.0.202410251130/tools/bin/../lib/gcc/arm-none-eabi/12.3.1/thumb/v7-m/nofp/crtn.o
OUTPUT(stm32f103_can.elf elf32-littlearm)
LOAD linker stubs
LOAD C:/ST/STM32CubeIDE_1.17.0/STM32CubeIDE/plugins/com.st.stm32cube.ide.mcu.externaltools.gnu-tools-for-stm32.12.3.rel1.win32_1.1.0.202410251130/tools/bin/../lib/gcc/arm-none-eabi/12.3.1/../../../../arm-none-eabi/lib/thumb/v7-m/nofp\libc.a
LOAD C:/ST/STM32CubeIDE_1.17.0/STM32CubeIDE/plugins/com.st.stm32cube.ide.mcu.externaltools.gnu-tools-for-stm32.12.3.rel1.win32_1.1.0.202410251130/tools/bin/../lib/gcc/arm-none-eabi/12.3.1/../../../../arm-none-eabi/lib/thumb/v7-m/nofp\libm.a
LOAD C:/ST/STM32CubeIDE_1.17.0/STM32CubeIDE/plugins/com.st.stm32cube.ide.mcu.externaltools.gnu-tools-for-stm32.12.3.rel1.win32_1.1.0.202410251130/tools/bin/../lib/gcc/arm-none-eabi/12.3.1/thumb/v7-m/nofp\libgcc.a

.debug_info     0x00000000     0x8f72
 .debug_info    0x00000000      0x134 ./src/ap/ap.o
 .debug_info    0x00000134      0x2da ./src/bsp/bsp.o
 .debug_info    0x0000040e      0x1f8 ./src/bsp/stm32f1xx_hal_msp.o
 .debug_info    0x00000606      0x542 ./src/bsp/stm32f1xx_it.o
 .debug_info    0x00000b48      0x168 ./src/bsp/sysmem.o
 .debug_info    0x00000cb0      0x222 ./src/bsp/system_stm32f1xx.o
 .debug_info    0x00000ed2       0x30 ./src/bsp/startup/startup_stm32f103rbtx.o
 .debug_info    0x00000f02     0x110a ./src/hw/driver/can.o
 .debug_info    0x0000200c      0x455 ./src/hw/driver/gpio.o
 .debug_info    0x00002461      0x79f ./src/hw/driver/usart.o
 .debug_info    0x00002c00       0xad ./src/hw/hw.o
 .debug_info    0x00002cad      0x704 ./src/lib/Drivers/STM32F1xx_HAL_Driver/Src/stm32f1xx_hal.o
 .debug_info    0x000033b1      0xf13 ./src/lib/Drivers/STM32F1xx_HAL_Driver/Src/stm32f1xx_hal_can.o
 .debug_info    0x000042c4      0xa87 ./src/lib/Drivers/STM32F1xx_HAL_Driver/Src/stm32f1xx_hal_cortex.o
 .debug_info    0x00004d4b      0x5ab ./src/lib/Drivers/STM32F1xx_HAL_Driver/Src/stm32f1xx_hal_gpio.o
 .debug_info    0x000052f6      0x7d5 ./src/lib/Drivers/STM32F1xx_HAL_Driver/Src/stm32f1xx_hal_rcc.o
 .debug_info    0x00005acb     0x2eed ./src/lib/Drivers/STM32F1xx_HAL_Driver/Src/stm32f1xx_hal_uart.o
 .debug_info    0x000089b8      0x5ba ./src/main.o

.debug_abbrev   0x00000000     0x1d1f
 .debug_abbrev  0x00000000       0xa1 ./src/ap/ap.o
 .debug_abbrev  0x000000a1      0x1a0 ./src/bsp/bsp.o
 .debug_abbrev  0x00000241       0xdb ./src/bsp/stm32f1xx_hal_msp.o
 .debug_abbrev  0x0000031c      0x191 ./src/bsp/stm32f1xx_it.o
 .debug_abbrev  0x000004ad       0xbc ./src/bsp/sysmem.o
 .debug_abbrev  0x00000569      0x13f ./src/bsp/system_stm32f1xx.o
 .debug_abbrev  0x000006a8       0x24 ./src/bsp/startup/startup_stm32f103rbtx.o
 .debug_abbrev  0x000006cc      0x29a ./src/hw/driver/can.o
 .debug_abbrev  0x00000966      0x161 ./src/hw/driver/gpio.o
 .debug_abbrev  0x00000ac7      0x1e6 ./src/hw/driver/usart.o
 .debug_abbrev  0x00000cad       0x59 ./src/hw/hw.o
 .debug_abbrev  0x00000d06      0x201 ./src/lib/Drivers/STM32F1xx_HAL_Driver/Src/stm32f1xx_hal.o
 .debug_abbrev  0x00000f07      0x21c ./src/lib/Drivers/STM32F1xx_HAL_Driver/Src/stm32f1xx_hal_can.o
 .debug_abbrev  0x00001123      0x2f8 ./src/lib/Drivers/STM32F1xx_HAL_Driver/Src/stm32f1xx_hal_cortex.o
 .debug_abbrev  0x0000141b      0x1ca ./src/lib/Drivers/STM32F1xx_HAL_Driver/Src/stm32f1xx_hal_gpio.o
 .debug_abbrev  0x000015e5      0x2b3 ./src/lib/Drivers/STM32F1xx_HAL_Driver/Src/stm32f1xx_hal_rcc.o
 .debug_abbrev  0x00001898      0x2f8 ./src/lib/Drivers/STM32F1xx_HAL_Driver/Src/stm32f1xx_hal_uart.o
 .debug_abbrev  0x00001b90      0x18f ./src/main.o

.debug_aranges  0x00000000      0x858
 .debug_aranges
                0x00000000       0x28 ./src/ap/ap.o
 .debug_aranges
                0x00000028       0x40 ./src/bsp/bsp.o
 .debug_aranges
                0x00000068       0x20 ./src/bsp/stm32f1xx_hal_msp.o
 .debug_aranges
                0x00000088       0x70 ./src/bsp/stm32f1xx_it.o
 .debug_aranges
                0x000000f8       0x20 ./src/bsp/sysmem.o
 .debug_aranges
                0x00000118       0x28 ./src/bsp/system_stm32f1xx.o
 .debug_aranges
                0x00000140       0x28 ./src/bsp/startup/startup_stm32f103rbtx.o
 .debug_aranges
                0x00000168       0x50 ./src/hw/driver/can.o
 .debug_aranges
                0x000001b8       0x20 ./src/hw/driver/gpio.o
 .debug_aranges
                0x000001d8       0x30 ./src/hw/driver/usart.o
 .debug_aranges
                0x00000208       0x20 ./src/hw/hw.o
 .debug_aranges
                0x00000228       0xe0 ./src/lib/Drivers/STM32F1xx_HAL_Driver/Src/stm32f1xx_hal.o
 .debug_aranges
                0x00000308      0x138 ./src/lib/Drivers/STM32F1xx_HAL_Driver/Src/stm32f1xx_hal_can.o
 .debug_aranges
                0x00000440      0x100 ./src/lib/Drivers/STM32F1xx_HAL_Driver/Src/stm32f1xx_hal_cortex.o
 .debug_aranges
                0x00000540       0x58 ./src/lib/Drivers/STM32F1xx_HAL_Driver/Src/stm32f1xx_hal_gpio.o
 .debug_aranges
                0x00000598       0x90 ./src/lib/Drivers/STM32F1xx_HAL_Driver/Src/stm32f1xx_hal_rcc.o
 .debug_aranges
                0x00000628      0x208 ./src/lib/Drivers/STM32F1xx_HAL_Driver/Src/stm32f1xx_hal_uart.o
 .debug_aranges
                0x00000830       0x28 ./src/main.o

.debug_rnglists
                0x00000000      0x637
 .debug_rnglists
                0x00000000       0x19 ./src/ap/ap.o
 .debug_rnglists
                0x00000019       0x2c ./src/bsp/bsp.o
 .debug_rnglists
                0x00000045       0x13 ./src/bsp/stm32f1xx_hal_msp.o
 .debug_rnglists
                0x00000058       0x4f ./src/bsp/stm32f1xx_it.o
 .debug_rnglists
                0x000000a7       0x13 ./src/bsp/sysmem.o
 .debug_rnglists
                0x000000ba       0x1a ./src/bsp/system_stm32f1xx.o
 .debug_rnglists
                0x000000d4       0x19 ./src/bsp/startup/startup_stm32f103rbtx.o
 .debug_rnglists
                0x000000ed       0x39 ./src/hw/driver/can.o
 .debug_rnglists
                0x00000126       0x14 ./src/hw/driver/gpio.o
 .debug_rnglists
                0x0000013a       0x1f ./src/hw/driver/usart.o
 .debug_rnglists
                0x00000159       0x13 ./src/hw/hw.o
 .debug_rnglists
                0x0000016c       0xa3 ./src/lib/Drivers/STM32F1xx_HAL_Driver/Src/stm32f1xx_hal.o
 .debug_rnglists
                0x0000020f       0xed ./src/lib/Drivers/STM32F1xx_HAL_Driver/Src/stm32f1xx_hal_can.o
 .debug_rnglists
                0x000002fc       0xbb ./src/lib/Drivers/STM32F1xx_HAL_Driver/Src/stm32f1xx_hal_cortex.o
 .debug_rnglists
                0x000003b7       0x3f ./src/lib/Drivers/STM32F1xx_HAL_Driver/Src/stm32f1xx_hal_gpio.o
 .debug_rnglists
                0x000003f6       0x6c ./src/lib/Drivers/STM32F1xx_HAL_Driver/Src/stm32f1xx_hal_rcc.o
 .debug_rnglists
                0x00000462      0x1bc ./src/lib/Drivers/STM32F1xx_HAL_Driver/Src/stm32f1xx_hal_uart.o
 .debug_rnglists
                0x0000061e       0x19 ./src/main.o

.debug_macro    0x00000000    0x1888d
 .debug_macro   0x00000000      0x30b ./src/ap/ap.o
 .debug_macro   0x0000030b      0xaa8 ./src/ap/ap.o
 .debug_macro   0x00000db3       0x22 ./src/ap/ap.o
 .debug_macro   0x00000dd5       0x5b ./src/ap/ap.o
 .debug_macro   0x00000e30       0x24 ./src/ap/ap.o
 .debug_macro   0x00000e54       0x94 ./src/ap/ap.o
 .debug_macro   0x00000ee8       0x43 ./src/ap/ap.o
 .debug_macro   0x00000f2b       0x34 ./src/ap/ap.o
 .debug_macro   0x00000f5f       0x16 ./src/ap/ap.o
 .debug_macro   0x00000f75       0x57 ./src/ap/ap.o
 .debug_macro   0x00000fcc       0x9e ./src/ap/ap.o
 .debug_macro   0x0000106a      0x369 ./src/ap/ap.o
 .debug_macro   0x000013d3      0x10b ./src/ap/ap.o
 .debug_macro   0x000014de       0x10 ./src/ap/ap.o
 .debug_macro   0x000014ee       0x16 ./src/ap/ap.o
 .debug_macro   0x00001504       0x43 ./src/ap/ap.o
 .debug_macro   0x00001547       0x34 ./src/ap/ap.o
 .debug_macro   0x0000157b       0x10 ./src/ap/ap.o
 .debug_macro   0x0000158b       0x58 ./src/ap/ap.o
 .debug_macro   0x000015e3       0x8e ./src/ap/ap.o
 .debug_macro   0x00001671       0x1c ./src/ap/ap.o
 .debug_macro   0x0000168d      0x177 ./src/ap/ap.o
 .debug_macro   0x00001804       0x16 ./src/ap/ap.o
 .debug_macro   0x0000181a       0x16 ./src/ap/ap.o
 .debug_macro   0x00001830      0x146 ./src/ap/ap.o
 .debug_macro   0x00001976      0x103 ./src/ap/ap.o
 .debug_macro   0x00001a79       0x6a ./src/ap/ap.o
 .debug_macro   0x00001ae3      0x1df ./src/ap/ap.o
 .debug_macro   0x00001cc2       0x22 ./src/ap/ap.o
 .debug_macro   0x00001ce4       0x16 ./src/ap/ap.o
 .debug_macro   0x00001cfa       0x35 ./src/ap/ap.o
 .debug_macro   0x00001d2f       0x20 ./src/ap/ap.o
 .debug_macro   0x00001d4f       0x5e ./src/ap/ap.o
 .debug_macro   0x00001dad      0x21b ./src/ap/ap.o
 .debug_macro   0x00001fc8       0x2e ./src/ap/ap.o
 .debug_macro   0x00001ff6       0x22 ./src/ap/ap.o
 .debug_macro   0x00002018       0x1c ./src/ap/ap.o
 .debug_macro   0x00002034       0x22 ./src/ap/ap.o
 .debug_macro   0x00002056       0xbd ./src/ap/ap.o
 .debug_macro   0x00002113      0xd23 ./src/ap/ap.o
 .debug_macro   0x00002e36     0xe09e ./src/ap/ap.o
 .debug_macro   0x00010ed4       0x6d ./src/ap/ap.o
 .debug_macro   0x00010f41     0x34a2 ./src/ap/ap.o
 .debug_macro   0x000143e3       0x56 ./src/ap/ap.o
 .debug_macro   0x00014439      0x5bc ./src/ap/ap.o
 .debug_macro   0x000149f5      0x289 ./src/ap/ap.o
 .debug_macro   0x00014c7e      0x1cb ./src/ap/ap.o
 .debug_macro   0x00014e49      0x114 ./src/ap/ap.o
 .debug_macro   0x00014f5d      0x1b2 ./src/ap/ap.o
 .debug_macro   0x0001510f       0x27 ./src/ap/ap.o
 .debug_macro   0x00015136      0x136 ./src/ap/ap.o
 .debug_macro   0x0001526c      0x1bc ./src/ap/ap.o
 .debug_macro   0x00015428       0x34 ./src/ap/ap.o
 .debug_macro   0x0001545c       0x3c ./src/ap/ap.o
 .debug_macro   0x00015498      0x408 ./src/ap/ap.o
 .debug_macro   0x000158a0       0x57 ./src/ap/ap.o
 .debug_macro   0x000158f7       0x87 ./src/ap/ap.o
 .debug_macro   0x0001597e      0x240 ./src/ap/ap.o
 .debug_macro   0x00015bbe      0x140 ./src/ap/ap.o
 .debug_macro   0x00015cfe      0x28e ./src/ap/ap.o
 .debug_macro   0x00015f8c       0x83 ./src/ap/ap.o
 .debug_macro   0x0001600f       0x10 ./src/ap/ap.o
 .debug_macro   0x0001601f      0x2bc ./src/bsp/bsp.o
 .debug_macro   0x000162db      0x30b ./src/bsp/stm32f1xx_hal_msp.o
 .debug_macro   0x000165e6      0x315 ./src/bsp/stm32f1xx_it.o
 .debug_macro   0x000168fb       0xff ./src/bsp/sysmem.o
 .debug_macro   0x000169fa      0x23c ./src/bsp/sysmem.o
 .debug_macro   0x00016c36      0x198 ./src/bsp/system_stm32f1xx.o
 .debug_macro   0x00016dce       0x8e ./src/bsp/system_stm32f1xx.o
 .debug_macro   0x00016e5c       0x51 ./src/bsp/system_stm32f1xx.o
 .debug_macro   0x00016ead       0x5c ./src/bsp/system_stm32f1xx.o
 .debug_macro   0x00016f09      0x30f ./src/hw/driver/can.o
 .debug_macro   0x00017218      0x30f ./src/hw/driver/gpio.o
 .debug_macro   0x00017527      0x30f ./src/hw/driver/usart.o
 .debug_macro   0x00017836      0x30b ./src/hw/hw.o
 .debug_macro   0x00017b41      0x1bc ./src/lib/Drivers/STM32F1xx_HAL_Driver/Src/stm32f1xx_hal.o
 .debug_macro   0x00017cfd      0x1a7 ./src/lib/Drivers/STM32F1xx_HAL_Driver/Src/stm32f1xx_hal_can.o
 .debug_macro   0x00017ea4      0x198 ./src/lib/Drivers/STM32F1xx_HAL_Driver/Src/stm32f1xx_hal_cortex.o
 .debug_macro   0x0001803c      0x203 ./src/lib/Drivers/STM32F1xx_HAL_Driver/Src/stm32f1xx_hal_gpio.o
 .debug_macro   0x0001823f      0x1aa ./src/lib/Drivers/STM32F1xx_HAL_Driver/Src/stm32f1xx_hal_rcc.o
 .debug_macro   0x000183e9      0x199 ./src/lib/Drivers/STM32F1xx_HAL_Driver/Src/stm32f1xx_hal_uart.o
 .debug_macro   0x00018582      0x30b ./src/main.o

.debug_line     0x00000000     0xe511
 .debug_line    0x00000000      0xb71 ./src/ap/ap.o
 .debug_line    0x00000b71      0xa8c ./src/bsp/bsp.o
 .debug_line    0x000015fd      0xb59 ./src/bsp/stm32f1xx_hal_msp.o
 .debug_line    0x00002156      0xc4b ./src/bsp/stm32f1xx_it.o
 .debug_line    0x00002da1      0x578 ./src/bsp/sysmem.o
 .debug_line    0x00003319      0x89c ./src/bsp/system_stm32f1xx.o
 .debug_line    0x00003bb5       0x78 ./src/bsp/startup/startup_stm32f103rbtx.o
 .debug_line    0x00003c2d      0xcbb ./src/hw/driver/can.o
 .debug_line    0x000048e8      0xb70 ./src/hw/driver/gpio.o
 .debug_line    0x00005458      0xbb9 ./src/hw/driver/usart.o
 .debug_line    0x00006011      0xb52 ./src/hw/hw.o
 .debug_line    0x00006b63      0xad2 ./src/lib/Drivers/STM32F1xx_HAL_Driver/Src/stm32f1xx_hal.o
 .debug_line    0x00007635     0x12b4 ./src/lib/Drivers/STM32F1xx_HAL_Driver/Src/stm32f1xx_hal_can.o
 .debug_line    0x000088e9      0xcbe ./src/lib/Drivers/STM32F1xx_HAL_Driver/Src/stm32f1xx_hal_cortex.o
 .debug_line    0x000095a7      0xb6b ./src/lib/Drivers/STM32F1xx_HAL_Driver/Src/stm32f1xx_hal_gpio.o
 .debug_line    0x0000a112      0xedb ./src/lib/Drivers/STM32F1xx_HAL_Driver/Src/stm32f1xx_hal_rcc.o
 .debug_line    0x0000afed     0x29b1 ./src/lib/Drivers/STM32F1xx_HAL_Driver/Src/stm32f1xx_hal_uart.o
 .debug_line    0x0000d99e      0xb73 ./src/main.o

.debug_str      0x00000000    0x84bd9
 .debug_str     0x00000000    0x8211a ./src/ap/ap.o
                              0x82463 (size before relaxing)
 .debug_str     0x0008211a      0x1dd ./src/bsp/bsp.o
                              0x82578 (size before relaxing)
 .debug_str     0x000822f7       0x9f ./src/bsp/stm32f1xx_hal_msp.o
                              0x824b0 (size before relaxing)
 .debug_str     0x00082396      0x371 ./src/bsp/stm32f1xx_it.o
                              0x827d4 (size before relaxing)
 .debug_str     0x00082707      0x4db ./src/bsp/sysmem.o
                               0x607a (size before relaxing)
 .debug_str     0x00082be2       0x7d ./src/bsp/system_stm32f1xx.o
                              0x7eb5e (size before relaxing)
 .debug_str     0x00082c5f       0x47 ./src/bsp/startup/startup_stm32f103rbtx.o
                                 0x89 (size before relaxing)
 .debug_str     0x00082ca6      0x8d1 ./src/hw/driver/can.o
                              0x8311f (size before relaxing)
 .debug_str     0x00083577       0x61 ./src/hw/driver/gpio.o
                              0x82829 (size before relaxing)
 .debug_str     0x000835d8       0x6a ./src/hw/driver/usart.o
                              0x82969 (size before relaxing)
 .debug_str     0x00083642       0x17 ./src/hw/hw.o
                              0x8244a (size before relaxing)
 .debug_str     0x00083659      0x380 ./src/lib/Drivers/STM32F1xx_HAL_Driver/Src/stm32f1xx_hal.o
                              0x7f29a (size before relaxing)
 .debug_str     0x000839d9      0x41a ./src/lib/Drivers/STM32F1xx_HAL_Driver/Src/stm32f1xx_hal_can.o
                              0x7f36f (size before relaxing)
 .debug_str     0x00083df3      0x274 ./src/lib/Drivers/STM32F1xx_HAL_Driver/Src/stm32f1xx_hal_cortex.o
                              0x7f1e6 (size before relaxing)
 .debug_str     0x00084067      0x2d5 ./src/lib/Drivers/STM32F1xx_HAL_Driver/Src/stm32f1xx_hal_gpio.o
                              0x7eeed (size before relaxing)
 .debug_str     0x0008433c      0x231 ./src/lib/Drivers/STM32F1xx_HAL_Driver/Src/stm32f1xx_hal_rcc.o
                              0x7ef96 (size before relaxing)
 .debug_str     0x0008456d      0x65e ./src/lib/Drivers/STM32F1xx_HAL_Driver/Src/stm32f1xx_hal_uart.o
                              0x7f607 (size before relaxing)
 .debug_str     0x00084bcb        0xe ./src/main.o
                              0x827a9 (size before relaxing)

.comment        0x00000000       0x43
 .comment       0x00000000       0x43 ./src/ap/ap.o
                                 0x44 (size before relaxing)
 .comment       0x00000043       0x44 ./src/bsp/bsp.o
 .comment       0x00000043       0x44 ./src/bsp/stm32f1xx_hal_msp.o
 .comment       0x00000043       0x44 ./src/bsp/stm32f1xx_it.o
 .comment       0x00000043       0x44 ./src/bsp/sysmem.o
 .comment       0x00000043       0x44 ./src/bsp/system_stm32f1xx.o
 .comment       0x00000043       0x44 ./src/hw/driver/can.o
 .comment       0x00000043       0x44 ./src/hw/driver/gpio.o
 .comment       0x00000043       0x44 ./src/hw/driver/usart.o
 .comment       0x00000043       0x44 ./src/hw/hw.o
 .comment       0x00000043       0x44 ./src/lib/Drivers/STM32F1xx_HAL_Driver/Src/stm32f1xx_hal.o
 .comment       0x00000043       0x44 ./src/lib/Drivers/STM32F1xx_HAL_Driver/Src/stm32f1xx_hal_can.o
 .comment       0x00000043       0x44 ./src/lib/Drivers/STM32F1xx_HAL_Driver/Src/stm32f1xx_hal_cortex.o
 .comment       0x00000043       0x44 ./src/lib/Drivers/STM32F1xx_HAL_Driver/Src/stm32f1xx_hal_gpio.o
 .comment       0x00000043       0x44 ./src/lib/Drivers/STM32F1xx_HAL_Driver/Src/stm32f1xx_hal_rcc.o
 .comment       0x00000043       0x44 ./src/lib/Drivers/STM32F1xx_HAL_Driver/Src/stm32f1xx_hal_uart.o
 .comment       0x00000043       0x44 ./src/main.o

.debug_frame    0x00000000     0x2480
 .debug_frame   0x00000000       0x48 ./src/ap/ap.o
 .debug_frame   0x00000048       0xa8 ./src/bsp/bsp.o
 .debug_frame   0x000000f0       0x38 ./src/bsp/stm32f1xx_hal_msp.o
 .debug_frame   0x00000128      0x13c ./src/bsp/stm32f1xx_it.o
 .debug_frame   0x00000264       0x34 ./src/bsp/sysmem.o
 .debug_frame   0x00000298       0x58 ./src/bsp/system_stm32f1xx.o
 .debug_frame   0x000002f0      0x10c ./src/hw/driver/can.o
 .debug_frame   0x000003fc       0x34 ./src/hw/driver/gpio.o
 .debug_frame   0x00000430       0x74 ./src/hw/driver/usart.o
 .debug_frame   0x000004a4       0x2c ./src/hw/hw.o
 .debug_frame   0x000004d0      0x334 ./src/lib/Drivers/STM32F1xx_HAL_Driver/Src/stm32f1xx_hal.o
 .debug_frame   0x00000804      0x5a0 ./src/lib/Drivers/STM32F1xx_HAL_Driver/Src/stm32f1xx_hal_can.o
 .debug_frame   0x00000da4      0x428 ./src/lib/Drivers/STM32F1xx_HAL_Driver/Src/stm32f1xx_hal_cortex.o
 .debug_frame   0x000011cc      0x14c ./src/lib/Drivers/STM32F1xx_HAL_Driver/Src/stm32f1xx_hal_gpio.o
 .debug_frame   0x00001318      0x218 ./src/lib/Drivers/STM32F1xx_HAL_Driver/Src/stm32f1xx_hal_rcc.o
 .debug_frame   0x00001530      0x944 ./src/lib/Drivers/STM32F1xx_HAL_Driver/Src/stm32f1xx_hal_uart.o
 .debug_frame   0x00001e74       0x50 ./src/main.o
 .debug_frame   0x00001ec4      0x144 C:/ST/STM32CubeIDE_1.17.0/STM32CubeIDE/plugins/com.st.stm32cube.ide.mcu.externaltools.gnu-tools-for-stm32.12.3.rel1.win32_1.1.0.202410251130/tools/bin/../lib/gcc/arm-none-eabi/12.3.1/../../../../arm-none-eabi/lib/thumb/v7-m/nofp\libc_nano.a(libc_a-findfp.o)
 .debug_frame   0x00002008       0x7c C:/ST/STM32CubeIDE_1.17.0/STM32CubeIDE/plugins/com.st.stm32cube.ide.mcu.externaltools.gnu-tools-for-stm32.12.3.rel1.win32_1.1.0.202410251130/tools/bin/../lib/gcc/arm-none-eabi/12.3.1/../../../../arm-none-eabi/lib/thumb/v7-m/nofp\libc_nano.a(libc_a-snprintf.o)
 .debug_frame   0x00002084       0x20 C:/ST/STM32CubeIDE_1.17.0/STM32CubeIDE/plugins/com.st.stm32cube.ide.mcu.externaltools.gnu-tools-for-stm32.12.3.rel1.win32_1.1.0.202410251130/tools/bin/../lib/gcc/arm-none-eabi/12.3.1/../../../../arm-none-eabi/lib/thumb/v7-m/nofp\libc_nano.a(libc_a-memset.o)
 .debug_frame   0x000020a4       0x38 C:/ST/STM32CubeIDE_1.17.0/STM32CubeIDE/plugins/com.st.stm32cube.ide.mcu.externaltools.gnu-tools-for-stm32.12.3.rel1.win32_1.1.0.202410251130/tools/bin/../lib/gcc/arm-none-eabi/12.3.1/../../../../arm-none-eabi/lib/thumb/v7-m/nofp\libc_nano.a(libc_a-reent.o)
 .debug_frame   0x000020dc       0x20 C:/ST/STM32CubeIDE_1.17.0/STM32CubeIDE/plugins/com.st.stm32cube.ide.mcu.externaltools.gnu-tools-for-stm32.12.3.rel1.win32_1.1.0.202410251130/tools/bin/../lib/gcc/arm-none-eabi/12.3.1/../../../../arm-none-eabi/lib/thumb/v7-m/nofp\libc_nano.a(libc_a-errno.o)
 .debug_frame   0x000020fc       0x2c C:/ST/STM32CubeIDE_1.17.0/STM32CubeIDE/plugins/com.st.stm32cube.ide.mcu.externaltools.gnu-tools-for-stm32.12.3.rel1.win32_1.1.0.202410251130/tools/bin/../lib/gcc/arm-none-eabi/12.3.1/../../../../arm-none-eabi/lib/thumb/v7-m/nofp\libc_nano.a(libc_a-init.o)
 .debug_frame   0x00002128       0xb0 C:/ST/STM32CubeIDE_1.17.0/STM32CubeIDE/plugins/com.st.stm32cube.ide.mcu.externaltools.gnu-tools-for-stm32.12.3.rel1.win32_1.1.0.202410251130/tools/bin/../lib/gcc/arm-none-eabi/12.3.1/../../../../arm-none-eabi/lib/thumb/v7-m/nofp\libc_nano.a(libc_a-lock.o)
 .debug_frame   0x000021d8       0x38 C:/ST/STM32CubeIDE_1.17.0/STM32CubeIDE/plugins/com.st.stm32cube.ide.mcu.externaltools.gnu-tools-for-stm32.12.3.rel1.win32_1.1.0.202410251130/tools/bin/../lib/gcc/arm-none-eabi/12.3.1/../../../../arm-none-eabi/lib/thumb/v7-m/nofp\libc_nano.a(libc_a-freer.o)
 .debug_frame   0x00002210       0x50 C:/ST/STM32CubeIDE_1.17.0/STM32CubeIDE/plugins/com.st.stm32cube.ide.mcu.externaltools.gnu-tools-for-stm32.12.3.rel1.win32_1.1.0.202410251130/tools/bin/../lib/gcc/arm-none-eabi/12.3.1/../../../../arm-none-eabi/lib/thumb/v7-m/nofp\libc_nano.a(libc_a-mallocr.o)
 .debug_frame   0x00002260       0x30 C:/ST/STM32CubeIDE_1.17.0/STM32CubeIDE/plugins/com.st.stm32cube.ide.mcu.externaltools.gnu-tools-for-stm32.12.3.rel1.win32_1.1.0.202410251130/tools/bin/../lib/gcc/arm-none-eabi/12.3.1/../../../../arm-none-eabi/lib/thumb/v7-m/nofp\libc_nano.a(libc_a-mlock.o)
 .debug_frame   0x00002290       0x90 C:/ST/STM32CubeIDE_1.17.0/STM32CubeIDE/plugins/com.st.stm32cube.ide.mcu.externaltools.gnu-tools-for-stm32.12.3.rel1.win32_1.1.0.202410251130/tools/bin/../lib/gcc/arm-none-eabi/12.3.1/../../../../arm-none-eabi/lib/thumb/v7-m/nofp\libc_nano.a(libc_a-nano-svfprintf.o)
 .debug_frame   0x00002320       0x60 C:/ST/STM32CubeIDE_1.17.0/STM32CubeIDE/plugins/com.st.stm32cube.ide.mcu.externaltools.gnu-tools-for-stm32.12.3.rel1.win32_1.1.0.202410251130/tools/bin/../lib/gcc/arm-none-eabi/12.3.1/../../../../arm-none-eabi/lib/thumb/v7-m/nofp\libc_nano.a(libc_a-nano-vfprintf_i.o)
 .debug_frame   0x00002380       0x28 C:/ST/STM32CubeIDE_1.17.0/STM32CubeIDE/plugins/com.st.stm32cube.ide.mcu.externaltools.gnu-tools-for-stm32.12.3.rel1.win32_1.1.0.202410251130/tools/bin/../lib/gcc/arm-none-eabi/12.3.1/../../../../arm-none-eabi/lib/thumb/v7-m/nofp\libc_nano.a(libc_a-memmove.o)
 .debug_frame   0x000023a8       0x2c C:/ST/STM32CubeIDE_1.17.0/STM32CubeIDE/plugins/com.st.stm32cube.ide.mcu.externaltools.gnu-tools-for-stm32.12.3.rel1.win32_1.1.0.202410251130/tools/bin/../lib/gcc/arm-none-eabi/12.3.1/../../../../arm-none-eabi/lib/thumb/v7-m/nofp\libc_nano.a(libc_a-sbrkr.o)
 .debug_frame   0x000023d4       0x28 C:/ST/STM32CubeIDE_1.17.0/STM32CubeIDE/plugins/com.st.stm32cube.ide.mcu.externaltools.gnu-tools-for-stm32.12.3.rel1.win32_1.1.0.202410251130/tools/bin/../lib/gcc/arm-none-eabi/12.3.1/../../../../arm-none-eabi/lib/thumb/v7-m/nofp\libc_nano.a(libc_a-memchr-stub.o)
 .debug_frame   0x000023fc       0x28 C:/ST/STM32CubeIDE_1.17.0/STM32CubeIDE/plugins/com.st.stm32cube.ide.mcu.externaltools.gnu-tools-for-stm32.12.3.rel1.win32_1.1.0.202410251130/tools/bin/../lib/gcc/arm-none-eabi/12.3.1/../../../../arm-none-eabi/lib/thumb/v7-m/nofp\libc_nano.a(libc_a-memcpy-stub.o)
 .debug_frame   0x00002424       0x3c C:/ST/STM32CubeIDE_1.17.0/STM32CubeIDE/plugins/com.st.stm32cube.ide.mcu.externaltools.gnu-tools-for-stm32.12.3.rel1.win32_1.1.0.202410251130/tools/bin/../lib/gcc/arm-none-eabi/12.3.1/../../../../arm-none-eabi/lib/thumb/v7-m/nofp\libc_nano.a(libc_a-reallocr.o)
 .debug_frame   0x00002460       0x20 C:/ST/STM32CubeIDE_1.17.0/STM32CubeIDE/plugins/com.st.stm32cube.ide.mcu.externaltools.gnu-tools-for-stm32.12.3.rel1.win32_1.1.0.202410251130/tools/bin/../lib/gcc/arm-none-eabi/12.3.1/../../../../arm-none-eabi/lib/thumb/v7-m/nofp\libc_nano.a(libc_a-msizer.o)

.debug_line_str
                0x00000000       0x6d
 .debug_line_str
                0x00000000       0x6d ./src/bsp/startup/startup_stm32f103rbtx.o
