../Core/Src/main.c:120:6:seat_control	16	static
../Core/Src/main.c:201:6:can_init	16	static
../Core/Src/main.c:207:6:ws2812_set_lowbeam_colors	48	static
../Core/Src/main.c:238:6:ws2812_set_highbeam_colors	32	static
../Core/Src/main.c:256:6:ws2812_show	8	static
../Core/Src/main.c:265:6:set_lowbeam	24	static
../Core/Src/main.c:275:6:set_highbeam	24	static
../Core/Src/main.c:284:6:light_init	8	static
../Core/Src/main.c:299:6:ws2812_scroll_init	24	static
../Core/Src/main.c:341:6:low_beam_power_control	24	static
../Core/Src/main.c:384:6:driving_mode_change	16	static
../Core/Src/main.c:451:6:rainroad_mode_change	24	static
../Core/Src/main.c:495:6:high_beam_power_control	24	static
../Core/Src/main.c:538:6:foglight_power_control	16	static
../Core/Src/main.c:581:6:cornerlight_power_control	16	static
../Core/Src/main.c:662:6:lstep_motor	16	static
../Core/Src/main.c:670:6:rstep_motor	16	static
../Core/Src/main.c:680:6:rotate_lmotor	24	static
../Core/Src/main.c:688:6:rotate_rmotor	24	static
../Core/Src/main.c:696:6:change_state	8	static
../Core/Src/main.c:706:6:change_state1	16	static
../Core/Src/main.c:716:6:function	24	static
../Core/Src/main.c:730:5:main	96	static
../Core/Src/main.c:889:6:SystemClock_Config	72	static
../Core/Src/main.c:924:6:HAL_CAN_RxFifo0MsgPendingCallback	176	static
../Core/Src/main.c:958:6:Error_Handler	4	static,ignoring_inline_asm
